ARM Linker, 5.03 [Build 24] [MDK-ARM Standard]

==============================================================================

Section Cross References

    startup_stm32f10x_md.o(STACK) refers (Special) to heapauxi.o(.text) for __use_two_region_memory
    startup_stm32f10x_md.o(HEAP) refers (Special) to heapauxi.o(.text) for __use_two_region_memory
    startup_stm32f10x_md.o(RESET) refers (Special) to heapauxi.o(.text) for __use_two_region_memory
    startup_stm32f10x_md.o(RESET) refers to startup_stm32f10x_md.o(STACK) for __initial_sp
    startup_stm32f10x_md.o(RESET) refers to startup_stm32f10x_md.o(.text) for Reset_Handler
    startup_stm32f10x_md.o(RESET) refers to hal_cm3.o(.emb_text) for SVC_Handler
    startup_stm32f10x_md.o(RESET) refers to stm32rtc.o(i.RTC_IRQHandler) for RTC_IRQHandler
    startup_stm32f10x_md.o(RESET) refers to keyboard.o(i.EXTI0_IRQHandler) for EXTI0_IRQHandler
    startup_stm32f10x_md.o(RESET) refers to keyboard.o(i.EXTI1_IRQHandler) for EXTI1_IRQHandler
    startup_stm32f10x_md.o(RESET) refers to keyboard.o(i.EXTI2_IRQHandler) for EXTI2_IRQHandler
    startup_stm32f10x_md.o(RESET) refers to keyboard.o(i.EXTI3_IRQHandler) for EXTI3_IRQHandler
    startup_stm32f10x_md.o(RESET) refers to keyboard.o(i.EXTI4_IRQHandler) for EXTI4_IRQHandler
    startup_stm32f10x_md.o(RESET) refers to keyboard.o(i.EXTI9_5_IRQHandler) for EXTI9_5_IRQHandler
    startup_stm32f10x_md.o(RESET) refers to mbm_port.o(i.TIM4_IRQHandler) for TIM4_IRQHandler
    startup_stm32f10x_md.o(RESET) refers to mbm_port.o(i.USART3_IRQHandler) for USART3_IRQHandler
    startup_stm32f10x_md.o(RESET) refers to spi3init.o(i.EXTI15_10_IRQHandler) for EXTI15_10_IRQHandler
    startup_stm32f10x_md.o(.text) refers (Special) to heapauxi.o(.text) for __use_two_region_memory
    startup_stm32f10x_md.o(.text) refers to bios.o(i.SystemInit) for SystemInit
    startup_stm32f10x_md.o(.text) refers to __main.o(!!!main) for __main
    startup_stm32f10x_md.o(.text) refers to startup_stm32f10x_md.o(HEAP) for Heap_Mem
    startup_stm32f10x_md.o(.text) refers to startup_stm32f10x_md.o(STACK) for Stack_Mem
    stm32rtc.o(i.CalcMCLK) refers to stm32rtc.o(.data) for .data
    stm32rtc.o(i.CalcMCLK) refers to stm32rtc.o(.bss) for .bss
    stm32rtc.o(i.RTC_IRQHandler) refers to stm32rtc.o(.bss) for .bss
    stm32rtc.o(i.RTC_IRQHandler) refers to stm32rtc.o(.data) for .data
    stm32rtc.o(i.RTC_Init) refers to stm32rtc.o(i.STM32_RTC_Init) for STM32_RTC_Init
    stm32adc.o(i.ADC12_Init) refers to stm32adc.o(i.STM32_ADC_Init) for STM32_ADC_Init
    stm32adc.o(i.ADC12_Readout) refers to stm32adc.o(.bss) for .bss
    stm32adc.o(i.STM32_ADC_Init) refers to stm32adc.o(.bss) for .bss
    bios.o(i.BIOS_Init) refers to bios.o(i.NVIC_EnableIRQ) for NVIC_EnableIRQ
    bios.o(i.BIOS_Init) refers to bios.o(i.TIM2_Init) for TIM2_Init
    bios.o(i.NVIC_IRQ_Cmd) refers to bios.o(i.NVIC_EnableIRQ) for NVIC_EnableIRQ
    bios.o(i.NVIC_IRQ_Cmd) refers to bios.o(i.NVIC_DisableIRQ) for NVIC_DisableIRQ
    bios.o(i.OLED9704_PortInit) refers to bios.o(i.delay_us) for delay_us
    bios.o(i.OLED9704_ReadData) refers to bios.o(i.delay_us) for delay_us
    bios.o(i.OLED9704_ReadData) refers to bios.o(i.P8P_PortRead) for P8P_PortRead
    bios.o(i.OLED9704_ReadState) refers to bios.o(i.delay_us) for delay_us
    bios.o(i.OLED9704_ReadState) refers to bios.o(i.P8P_PortRead) for P8P_PortRead
    bios.o(i.OLED9704_WriteData) refers to bios.o(i.P8P_PortWrite) for P8P_PortWrite
    bios.o(i.OLED9704_WriteData) refers to bios.o(i.delay_us) for delay_us
    bios.o(i.OLED9704_WriteReg) refers to bios.o(i.P8P_PortWrite) for P8P_PortWrite
    bios.o(i.OLED9704_WriteReg) refers to bios.o(i.delay_us) for delay_us
    bios.o(i.OW_0_Init) refers to bios.o(i.delay_us) for delay_us
    bios.o(i.OW_0_Reset) refers to bios.o(i._OW_0_Reset) for _OW_0_Reset
    bios.o(i.OW_0_Slot) refers to bios.o(i._OW_0_Slot) for _OW_0_Slot
    bios.o(i.OW_1_Init) refers to bios.o(i.delay_us) for delay_us
    bios.o(i.OW_1_Reset) refers to bios.o(i._OW_1_Reset) for _OW_1_Reset
    bios.o(i.OW_1_Slot) refers to bios.o(i._OW_1_Slot) for _OW_1_Slot
    bios.o(i.PWM1_SetOutput) refers to bios.o(i._TIM3_PWM_Regular) for _TIM3_PWM_Regular
    bios.o(i.PWM2_SetOutput) refers to bios.o(i._TIM3_PWM_Regular) for _TIM3_PWM_Regular
    bios.o(i.PWM3_SetOutput) refers to bios.o(i._TIM3_PWM_Regular) for _TIM3_PWM_Regular
    bios.o(i.PWM4_SetOutput) refers to bios.o(i._TIM3_PWM_Regular) for _TIM3_PWM_Regular
    bios.o(i.SystemInit) refers to bios.o(i.RCC_DeInit) for RCC_DeInit
    bios.o(i.TM12864_PortInit) refers to bios.o(i.delay_us) for delay_us
    bios.o(i.TM12864_ReadData) refers to bios.o(i.TM12864_isReady) for TM12864_isReady
    bios.o(i.TM12864_ReadData) refers to bios.o(i.delay_us) for delay_us
    bios.o(i.TM12864_ReadData) refers to bios.o(i.P8P_PortRead) for P8P_PortRead
    bios.o(i.TM12864_ReadState) refers to bios.o(i.delay_us) for delay_us
[...]
    os_messageQ_def_osTimerMessageQ          0x08016b80   Data           8  rtx_conf_cm.o(.constdata)
    mp_tmr_size                              0x08016b88   Data           2  rtx_conf_cm.o(.constdata)
    os_mutex_def_mutex_MBus                  0x08016d98   Data           4  mbm_port.o(.constdata)
    BaseList                                 0x08016da4   Data          12  sensorread.o(.constdata)
    MotorPID_Set                             0x08016e50   Data          96  pump.o(.constdata)
    os_thread_def_MotorTask_Socket           0x08016eb0   Data          16  pump.o(.constdata)
    ExNameIdent1                             0x08017200   Data           8  edition.o(.constdata)
    ExNameIdent2                             0x08017208   Data           8  edition.o(.constdata)
    EditionNum                               0x08017210   Data           8  edition.o(.constdata)
    szTypeIdent                              0x08017218   Data          16  edition.o(.constdata)
    szNameIdent                              0x08017228   Data          24  edition.o(.constdata)
    PumpPoints                               0x08017440   Data          64  calibrate.o(.constdata)
    Pump                                     0x08017a68   Data          28  configureex.o(.constdata)
    Type                                     0x08017a84   Data          36  configureex.o(.constdata)
    _monlen                                  0x08017b71   Data          12  _monlen.o(.constdata)
    Region$$Table$$Base                      0x0801819c   Number         0  anon$$obj.o(Region$$Table)
    Region$$Table$$Limit                     0x080181bc   Number         0  anon$$obj.o(Region$$Table)
    MCLK_Index                               0x20000000   Data           1  stm32rtc.o(.data)
    SystemCoreClock                          0x20000004   Data           4  bios.o(.data)
    TimeoutLight                             0x2000000c   Data           4  keyboard.o(.data)
    semiKeyHited                             0x20000010   Data           4  keyboard.o(.data)
    semiKeyChanged                           0x20000014   Data           4  keyboard.o(.data)
    os_semaphore_cb_KeyChanged               0x20000018   Data           8  keyboard.o(.data)
    os_semaphore_cb_KeyHited                 0x20000020   Data           8  keyboard.o(.data)
    LCDSetGrayVolt                           0x2000002c   Data           4  display.o(.data)
    CH376_Flag                               0x20000038   Data           1  spi3init.o(.data)
    m_tmr                                    0x2000003c   Data           4  rtx_conf_cm.o(.data)
    os_thread_def_main                       0x20000040   Data          16  rtx_conf_cm.o(.data)
    osThreadId_osTimerThread                 0x20000050   Data           4  rtx_conf_cm.o(.data)
    osMessageQId_osTimerMessageQ             0x20000054   Data           4  rtx_conf_cm.o(.data)
    lastError                                0x20000078   Data           1  mbm_port.o(.data)
    mutexBus_MBM                             0x20000084   Data           4  mbm_port.o(.data)
    PowerLogIndex                            0x20000088   Data           2  dataaccess.o(.data)
    powertime                                0x2000008a   Data           4  dataaccess.o(.data)
    sx                                       0x200000a4   Data           1  file_sys.o(.data)
    i                                        0x200000a6   Data           1  sd_usbport.o(.data)
    s                                        0x200000a7   Data           1  sd_usbport.o(.data)
    xy                                       0x200000a8   Data           2  sd_usbport.o(.data)
    sdinit                                   0x200000aa   Data          16  sd_usbport.o(.data)
    SamplerSelect                            0x200000c5   Data           1  monitor.o(.data)
    CalibrateLocal                           0x200000e8   Data           6  calibrate.o(.data)
    PumpC                                    0x200000ee   Data           7  configureex.o(.data)
    TypeC                                    0x200000f5   Data           7  configureex.o(.data)
    os_initialized                           0x200000fc   Data           1  rt_cmsis.o(.data)
    os_running                               0x200000fd   Data           1  rt_cmsis.o(.data)
    os_timer_head                            0x20000100   Data           4  rt_cmsis.o(.data)
    os_tsk                                   0x20000104   Data           8  rt_task.o(.data)
    os_tick_irqn                             0x20000110   Data           4  rt_system.o(.data)
    os_time                                  0x20000114   Data           4  rt_time.o(.data)
    os_robin                                 0x20000118   Data           8  rt_robin.o(.data)
    dbg_msg                                  0x20000120   Data           1  hal_cm.o(.data)
    MCLK_List                                0x20000124   Data          10  stm32rtc.o(.bss)
    ADCResultBuf                             0x2000012e   Data         160  stm32adc.o(.bss)
    os_thread_def_osTimerThread              0x200001d0   Data          16  rtx_conf_cm.o(.bss)
    mp_tcb                                   0x200001e0   Data         972  rtx_conf_cm.o(.bss)
    mp_stk                                   0x200005b0   Data        7216  rtx_conf_cm.o(.bss)
    os_stack_mem                             0x200021e0   Data        6184  rtx_conf_cm.o(.bss)
    os_fifo                                  0x20003a08   Data         132  rtx_conf_cm.o(.bss)
    os_active_TCB                            0x20003a8c   Data          80  rtx_conf_cm.o(.bss)
    os_messageQ_q_osTimerMessageQ            0x20003adc   Data          16  rtx_conf_cm.o(.bss)
    ucSerialPDU                              0x200042cc   Data         256  mbm_port.o(.bss)
    os_mutex_cb_mutex_MBus                   0x200043cc   Data          12  mbm_port.o(.bss)
    ss                                       0x200043d8   Data         100  dataaccess.o(.bss)
    SensorLocal                              0x2000448c   Data          14  sensorread.o(.bss)
    SensorRemote                             0x2000449a   Data          64  sensorread.o(.bss)
    Q_Pump                                   0x200044dc   Data          96  sample.o(.bss)
    Q_Sampler                                0x2000453c   Data          24  sample.o(.bss)
    buf                                      0x20004578   Data         100  sd_usbport.o(.bss)
    USBbuf                                   0x200045dc   Data         100  sd_usbport.o(.bss)
    bufread                                  0x20004640   Data         100  sd_usbport.o(.bss)
    TarName                                  0x200046a4   Data         100  sd_usbport.o(.bss)
    SampleSet                                0x200047e0   Data          96  sampleset.o(.bss)
    CalibrateRemote                          0x20004840   Data         114  calibrate.o(.bss)
    Configure                                0x200048b4   Data          68  configure.o(.bss)
    os_idle_TCB                              0x200048f8   Data          48  rt_task.o(.bss)
    os_rdy                                   0x20004928   Data          24  rt_list.o(.bss)
    os_dly                                   0x20004940   Data          24  rt_list.o(.bss)
    __libspace_start                         0x20004958   Data          96  libspace.o(.bss)
    __temporary_stack_top$libspace           0x200049b8   Data           0  libspace.o(.bss)



==============================================================================

Memory Map of the image

  Image Entry point : 0x080000ed

  Load Region LR_IROM1 (Base: 0x08000000, Size: 0x000182fc, Max: 0x00040000, ABSOLUTE)

    Execution Region ER_IROM1 (Base: 0x08000000, Size: 0x000181d8, Max: 0x00040000, ABSOLUTE)

    Base Addr    Size         Type   Attr      Idx    E Section Name        Object

    0x08000000   0x000000ec   Data   RO            3    RESET               startup_stm32f10x_md.o
    0x080000ec   0x00000008   Code   RO         4972  * !!!main             c_w.l(__main.o)
    0x080000f4   0x00000034   Code   RO         5270    !!!scatter          c_w.l(__scatter.o)
    0x08000128   0x0000001a   Code   RO         5272    !!handler_copy      c_w.l(__scatter_copy.o)
    0x08000142   0x00000002   PAD
    0x08000144   0x0000001c   Code   RO         5274    !!handler_zi        c_w.l(__scatter_zi.o)
    0x08000160   0x00000000   Code   RO         4944    .ARM.Collect$$_printf_percent$$00000000  c_w.l(_printf_percent.o)
    0x08000160   0x00000006   Code   RO         4943    .ARM.Collect$$_printf_percent$$00000003  c_w.l(_printf_f.o)
    0x08000166   0x00000006   Code   RO         4941    .ARM.Collect$$_printf_percent$$00000009  c_w.l(_printf_d.o)
    0x0800016c   0x00000006   Code   RO         4942    .ARM.Collect$$_printf_percent$$0000000A  c_w.l(_printf_u.o)
    0x08000172   0x00000006   Code   RO         4940    .ARM.Collect$$_printf_percent$$0000000C  c_w.l(_printf_x.o)
    0x08000178   0x00000006   Code   RO         4938    .ARM.Collect$$_printf_percent$$00000013  c_w.l(_printf_c.o)
    0x0800017e   0x00000006   Code   RO         4939    .ARM.Collect$$_printf_percent$$00000014  c_w.l(_printf_s.o)
    0x08000184   0x00000004   Code   RO         5062    .ARM.Collect$$_printf_percent$$00000017  c_w.l(_printf_percent_end.o)
    0x08000188   0x00000002   Code   RO         4971    .ARM.Collect$$libinit$$00000000  c_w.l(libinit.o)
    0x0800018a   0x00000000   Code   RO         5065    .ARM.Collect$$libinit$$00000002  c_w.l(libinit2.o)
    0x0800018a   0x00000000   Code   RO         5068    .ARM.Collect$$libinit$$00000008  c_w.l(libinit2.o)
    0x0800018a   0x00000000   Code   RO         5070    .ARM.Collect$$libinit$$0000000A  c_w.l(libinit2.o)
    0x0800018a   0x00000000   Code   RO         5072    .ARM.Collect$$libinit$$0000000C  c_w.l(libinit2.o)
    0x0800018a   0x00000006   Code   RO         5073    .ARM.Collect$$libinit$$0000000D  c_w.l(libinit2.o)
    0x08000190   0x00000000   Code   RO         5075    .ARM.Collect$$libinit$$0000000F  c_w.l(libinit2.o)
    0x08000190   0x00000000   Code   RO         5077    .ARM.Collect$$libinit$$00000011  c_w.l(libinit2.o)
    0x08000190   0x00000000   Code   RO         5079    .ARM.Collect$$libinit$$00000013  c_w.l(libinit2.o)
    0x08000190   0x0000000a   Code   RO         5080    .ARM.Collect$$libinit$$00000014  c_w.l(libinit2.o)
    0x0800019a   0x00000000   Code   RO         5081    .ARM.Collect$$libinit$$00000015  c_w.l(libinit2.o)
    0x0800019a   0x00000000   Code   RO         5083    .ARM.Collect$$libinit$$00000017  c_w.l(libinit2.o)
    0x0800019a   0x00000000   Code   RO         5085    .ARM.Collect$$libinit$$00000019  c_w.l(libinit2.o)
    0x0800019a   0x00000000   Code   RO         5087    .ARM.Collect$$libinit$$0000001B  c_w.l(libinit2.o)
    0x0800019a   0x00000000   Code   RO         5089    .ARM.Collect$$libinit$$0000001D  c_w.l(libinit2.o)
    0x0800019a   0x00000000   Code   RO         5091    .ARM.Collect$$libinit$$0000001F  c_w.l(libinit2.o)
    0x0800019a   0x00000000   Code   RO         5093    .ARM.Collect$$libinit$$00000021  c_w.l(libinit2.o)
    0x0800019a   0x00000000   Code   RO         5095    .ARM.Collect$$libinit$$00000023  c_w.l(libinit2.o)
    0x0800019a   0x00000000   Code   RO         5099    .ARM.Collect$$libinit$$0000002A  c_w.l(libinit2.o)
    0x0800019a   0x00000000   Code   RO         5101    .ARM.Collect$$libinit$$0000002C  c_w.l(libinit2.o)
    0x0800019a   0x00000000   Code   RO         5103    .ARM.Collect$$libinit$$0000002E  c_w.l(libinit2.o)
    0x0800019a   0x00000000   Code   RO         5105    .ARM.Collect$$libinit$$00000030  c_w.l(libinit2.o)
    0x0800019a   0x00000002   Code   RO         5106    .ARM.Collect$$libinit$$00000031  c_w.l(libinit2.o)
    0x0800019c   0x00000002   Code   RO         5205    .ARM.Collect$$libshutdown$$00000000  c_w.l(libshutdown.o)
    0x0800019e   0x00000000   Code   RO         5225    .ARM.Collect$$libshutdown$$00000003  c_w.l(libshutdown2.o)
    0x0800019e   0x00000000   Code   RO         5228    .ARM.Collect$$libshutdown$$00000006  c_w.l(libshutdown2.o)
    0x0800019e   0x00000000   Code   RO         5231    .ARM.Collect$$libshutdown$$00000009  c_w.l(libshutdown2.o)
    0x0800019e   0x00000000   Code   RO         5233    .ARM.Collect$$libshutdown$$0000000B  c_w.l(libshutdown2.o)
    0x0800019e   0x00000000   Code   RO         5236    .ARM.Collect$$libshutdown$$0000000E  c_w.l(libshutdown2.o)
    0x0800019e   0x00000002   Code   RO         5237    .ARM.Collect$$libshutdown$$0000000F  c_w.l(libshutdown2.o)
    0x080001a0   0x00000002   Code   RO         5046    .ARM.Collect$$rtexit$$00000000  c_w.l(rtexit.o)
    0x080001a2   0x00000000   Code   RO         5125    .ARM.Collect$$rtexit$$00000002  c_w.l(rtexit2.o)
    0x080001a2   0x00000004   Code   RO         5126    .ARM.Collect$$rtexit$$00000003  c_w.l(rtexit2.o)
    0x080001a6   0x00000006   Code   RO         5127    .ARM.Collect$$rtexit$$00000004  c_w.l(rtexit2.o)
    0x080001ac   0x00000024   Code   RO         1214    .emb_text           rtx_conf_cm.o
    0x080001d0   0x00000130   Code   RO         4863    .emb_text           RTX_CM3.lib(hal_cm3.o)
    0x08000300   0x00000040   Code   RO            4    .text               startup_stm32f10x_md.o
    0x08000340   0x00000008   Code   RO         4878    .text               c_w.l(libspace.o)
    0x08000348   0x0000004a   Code   RO         4881    .text               c_w.l(sys_stackheap_outer.o)
    0x08000392   0x00000002   PAD
    0x08000394   0x00000028   Code   RO         4887    .text               c_w.l(noretval__2sprintf.o)
    0x080003bc   0x00000052   Code   RO         4891    .text               c_w.l(_printf_pad.o)
    0x0800040e   0x00000052   Code   RO         4893    .text               c_w.l(_printf_str.o)
    0x08000460   0x00000078   Code   RO         4895    .text               c_w.l(_printf_dec.o)
    0x080004d8   0x0000005c   Code   RO         4900    .text               c_w.l(_printf_hex_int.o)
    0x08000534   0x0000013c   Code   RO         4930    .text               c_w.l(__printf_flags_wp.o)
    0x08000670   0x0000000c   Code   RO         4945    .text               c_w.l(exit.o)
    0x0800067c   0x00000048   Code   RO         4947    .text               c_w.l(strcpy.o)
    0x080006c4   0x0000003e   Code   RO         4949    .text               c_w.l(strlen.o)
    0x08000702   0x00000096   Code   RO         4951    .text               c_w.l(strncmp.o)
    0x08000798   0x00000018   Code   RO         4953    .text               c_w.l(strcat.o)
    0x080007b0   0x0000008a   Code   RO         4955    .text               c_w.l(rt_memcpy_v6.o)
    0x0800083a   0x00000064   Code   RO         4957    .text               c_w.l(rt_memcpy_w.o)
    0x0800089e   0x00000044   Code   RO         4961    .text               c_w.l(rt_memclr.o)
    0x080008e2   0x0000004e   Code   RO         4963    .text               c_w.l(rt_memclr_w.o)
    0x08000930   0x000001a4   Code   RO         4965    .text               c_w.l(mktime.o)
    0x08000ad4   0x000000a4   Code   RO         4967    .text               c_w.l(localtime_internal.o)
    0x08000b78   0x00000006   Code   RO         4969    .text               c_w.l(heapauxi.o)
    0x08000b7e   0x00000016   Code   RO         5050    .text               c_w.l(_rserrno.o)
    0x08000b94   0x000000b8   Code   RO         5052    .text               c_w.l(_printf_intcommon.o)
    0x08000c4c   0x00000420   Code   RO         5054    .text               c_w.l(_printf_fp_dec.o)
    0x0800106c   0x00000030   Code   RO         5056    .text               c_w.l(_printf_char_common.o)
    0x0800109c   0x0000000a   Code   RO         5058    .text               c_w.l(_sputc.o)
    0x080010a6   0x0000002c   Code   RO         5060    .text               c_w.l(_printf_char.o)
    0x080010d2   0x0000000a   Code   RO         5140    .text               c_w.l(rt_locale_twolibspace.o)
    0x080010dc   0x00000004   Code   RO         5147    .text               c_w.l(rt_errno_addr_twolibspace.o)
    0x080010e0   0x0000008a   Code   RO         5149    .text               c_w.l(lludiv10.o)
    0x0800116a   0x00000002   PAD
    0x0800116c   0x00000080   Code   RO         5151    .text               c_w.l(_printf_fp_infnan.o)
    0x080011ec   0x000000e4   Code   RO         5155    .text               c_w.l(bigflt0.o)
    0x080012d0   0x0000000c   Code   RO         5193    .text               c_w.l(sys_exit.o)
    0x080012dc   0x00000080   Code   RO         5197    .text               c_w.l(strcmpv7m.o)
    0x0800135c   0x00000002   Code   RO         5210    .text               c_w.l(use_no_semi.o)
    0x0800135e   0x00000000   Code   RO         5212    .text               c_w.l(indicate_semi.o)
    0x0800135e   0x0000003e   Code   RO         5158    CL$$btod_d2e        c_w.l(btod.o)
    0x0800139c   0x00000046   Code   RO         5160    CL$$btod_d2e_denorm_low  c_w.l(btod.o)
    0x080013e2   0x00000060   Code   RO         5159    CL$$btod_d2e_norm_op1  c_w.l(btod.o)
    0x08001442   0x00000338   Code   RO         5168    CL$$btod_div_common  c_w.l(btod.o)
    0x0800177a   0x000000c6   Code   RO         5165    CL$$btod_e2e        c_w.l(btod.o)
    0x08001840   0x00000028   Code   RO         5162    CL$$btod_ediv       c_w.l(btod.o)
    0x08001868   0x00000028   Code   RO         5161    CL$$btod_emul       c_w.l(btod.o)
    0x08001890   0x00000244   Code   RO         5167    CL$$btod_mult_common  c_w.l(btod.o)
    0x08001ad4   0x00000004   Code   RO         4873    SVC_TABLE           RTX_CM3.lib(SVC_Table.o)
    0x08001ad8   0x00000004   Code   RO          136    i.ADC12_Init        stm32adc.o
    0x08001adc   0x00000028   Code   RO          137    i.ADC12_Readout     stm32adc.o
    0x08001b04   0x00000030   Code   RO          174    i.AIRLightOutCmd    bios.o
    0x08001b34   0x000000ac   Code   RO          175    i.BIOS_Init         bios.o
    0x08001be0   0x00000010   Code   RO          964    i.BKP_Read          bkpdata.o
    0x08001bf0   0x00000010   Code   RO          965    i.BKP_Write         bkpdata.o
    0x08001c00   0x00000018   Code   RO          800    i.Backlight_OFF     display.o
    0x08001c18   0x00000018   Code   RO          801    i.Backlight_ON      display.o
    0x08001c30   0x00000074   Code   RO         2588    i.ByteFill          sd_usbport.o
    0x08001ca4   0x00000028   Code   RO         2589    i.ByteGetSize       sd_usbport.o
    0x08001ccc   0x00000032   Code   RO         2590    i.ByteLoad          sd_usbport.o
    0x08001cfe   0x00000002   PAD
    0x08001d00   0x00000044   Code   RO         2591    i.ByteSave          sd_usbport.o
    0x08001d44   0x00000044   Code   RO         2592    i.Byte_CREAT_CON_DIR  sd_usbport.o
    0x08001d88   0x00000058   Code   RO         2594    i.Byte_CREAT_WRITE_PATH  sd_usbport.o
    0x08001de0   0x00000060   Code   RO         2596    i.Byte_OPEN_READ_PATH  sd_usbport.o
    0x08001e40   0x00000060   Code   RO         2598    i.Byte_OPEN_WRITE_PATH  sd_usbport.o
    0x08001ea0   0x00000032   Code   RO         2352    i.CH376ByteLocate   file_sys.o
    0x08001ed2   0x0000004e   Code   RO         2353    i.CH376ByteRead     file_sys.o
    0x08001f20   0x0000005c   Code   RO         2354    i.CH376ByteWrite    file_sys.o
    0x08001f7c   0x00000024   Code   RO         2355    i.CH376DirCreate    file_sys.o
    0x08001fa0   0x00000016   Code   RO         2358    i.CH376DiskConnect  file_sys.o
    0x08001fb6   0x00000006   Code   RO         2359    i.CH376DiskMount    file_sys.o
    0x08001fbc   0x0000001a   Code   RO         2361    i.CH376DiskReqSense  file_sys.o
    0x08001fd6   0x00000002   PAD
    0x08001fd8   0x000000a4   Code   RO         2362    i.CH376DiskWriteSec  file_sys.o
    0x0800207c   0x00000008   Code   RO         2364    i.CH376FileClose    file_sys.o
    0x08002084   0x00000012   Code   RO         2365    i.CH376FileCreate   file_sys.o
    0x08002096   0x00000032   Code   RO         2366    i.CH376FileCreatePath  file_sys.o
    0x080020c8   0x00000024   Code   RO         2368    i.CH376FileOpen     file_sys.o
    0x080020ec   0x0000004c   Code   RO         2369    i.CH376FileOpenDir  file_sys.o
    0x08002138   0x00000006   Code   RO         2370    i.CH376FileOpenPath  file_sys.o
    0x0800213e   0x00000006   Code   RO         2371    i.CH376GetDiskStatus  file_sys.o
    0x08002144   0x00000006   Code   RO         2372    i.CH376GetFileSize  file_sys.o
    0x0800214a   0x00000016   Code   RO         2373    i.CH376GetIntStatus  file_sys.o
    0x08002160   0x00000018   Code   RO         1114    i.CH376QueryInterrupt  spi3init.o
    0x08002178   0x00000030   Code   RO         2374    i.CH376Read32bitDat  file_sys.o
    0x080021a8   0x0000002c   Code   RO         2375    i.CH376ReadBlock    file_sys.o
    0x080021d4   0x00000018   Code   RO         2376    i.CH376ReadVar32    file_sys.o
    0x080021ec   0x0000001e   Code   RO         2377    i.CH376ReadVar8     file_sys.o
    0x0800220a   0x00000032   Code   RO         2378    i.CH376SecLocate    file_sys.o
    0x0800223c   0x00000076   Code   RO         2380    i.CH376SecWrite     file_sys.o
    0x080022b2   0x0000001a   Code   RO         2381    i.CH376SendCmdDatWaitInt  file_sys.o
    0x080022cc   0x00000012   Code   RO         2382    i.CH376SendCmdWaitInt  file_sys.o
    0x080022de   0x00000002   PAD
    0x080022e0   0x0000002c   Code   RO         2383    i.CH376SeparatePath  file_sys.o
    0x0800230c   0x00000096   Code   RO         2384    i.CH376SetFileName  file_sys.o
    0x080023a2   0x0000002c   Code   RO         2385    i.CH376WriteHostBlock  file_sys.o
    0x080023ce   0x0000002c   Code   RO         2387    i.CH376WriteReqBlock  file_sys.o
    0x080023fa   0x00000036   Code   RO         2388    i.CH376WriteVar32   file_sys.o
    0x08002430   0x00000006   Code   RO         1115    i.CH376_END_CMD     spi3init.o
    0x08002436   0x00000016   Code   RO         1048    i.CH376_PORT_INIT   spi_hw.o
    0x0800244c   0x0000004a   Code   RO          943    i.CPS120_Load       cps120.o
    0x08002496   0x00000040   Code   RO          944    i.CPS120_Read       cps120.o
    0x080024d6   0x00000002   PAD
    0x080024d8   0x00000044   Code   RO           12    i.CalcMCLK          stm32rtc.o
    0x0800251c   0x0000006c   Code   RO         1685    i.Calc_Pbv          formulary.o
    0x08002588   0x00000074   Code   RO         1686    i.Calc_flow         formulary.o
    0x080025fc   0x0000005c   Code   RO         1687    i.Calc_fstd         formulary.o
    0x08002658   0x00000098   Code   RO         3349    i.CalibrateFLOW_4_Point_1_Point  calibrate.o
    0x080026f0   0x00000298   Code   RO         3350    i.CalibrateFLOW_4_Point_Debug  calibrate.o
    0x08002988   0x00000114   Code   RO         3351    i.CalibrateFlow_1_Point  calibrate.o
    0x08002a9c   0x00000380   Code   RO         3352    i.CalibrateFlow_1_Point_DEBUG  calibrate.o
    0x08002e1c   0x000000d0   Code   RO         3353    i.CalibrateFlow_4_Point  calibrate.o
    0x08002eec   0x000000d4   Code   RO         1887    i.CalibrateLoad     dataaccess.o
    0x08002fc0   0x00000024   Code   RO         1888    i.CalibrateSave     dataaccess.o
    0x08002fe4   0x0000002c   Code   RO         2069    i.CalibrateZero_R24  sensorread.o
    0x08003010   0x0000002c   Code   RO         2070    i.CalibrateZero_SHI  sensorread.o
    0x0800303c   0x0000002c   Code   RO         2071    i.CalibrateZero_TSP  sensorread.o
    0x08003068   0x00000218   Code   RO         3354    i.Calibrate_Pr      calibrate.o
    0x08003280   0x000001fc   Code   RO         3355    i.Calibrate_Tr      calibrate.o
    0x0800347c   0x00000218   Code   RO         3356    i.Calibrate_pf      calibrate.o
    0x08003694   0x00000028   Code   RO         1889    i.ConfigureLoad     dataaccess.o
    0x080036bc   0x00000004   Code   RO         3033    i.ConfigureLoadDefault  edition.o
    0x080036c0   0x00000084   Code   RO         3034    i.ConfigureLoad_KB2400HL  edition.o
    0x08003744   0x00000010   Code   RO         1890    i.ConfigureSave     dataaccess.o
    0x08003754   0x00000120   Code   RO         3511    i.Configure_Flow_KB120F  configure.o
    0x08003874   0x000000f8   Code   RO         3512    i.Configure_Flow_KB2400  configure.o
    0x0800396c   0x00000130   Code   RO         3513    i.Configure_Flow_KB6120C  configure.o
    0x08003a9c   0x00000110   Code   RO         3514    i.Configure_HCBox   configure.o
    0x08003bac   0x0000012c   Code   RO         3515    i.Configure_Heater  configure.o
    0x08003cd8   0x00000098   Code   RO         3035    i.Configure_InstrumentName  edition.o
    0x08003d70   0x00000090   Code   RO         3036    i.Configure_InstrumentType  edition.o
    0x08003e00   0x000000d4   Code   RO         3516    i.Configure_Pr_Protect  configure.o
    0x08003ed4   0x000002a8   Code   RO         3611    i.Configure_Pump    configureex.o
    0x0800417c   0x0000007c   Code   RO         1688    i.CorrectMulitPoint  formulary.o
    0x080041f8   0x00000010   Code   RO          802    i.DisplaySetGrayVolt  display.o
    0x08004208   0x0000000c   Code   RO          803    i.DisplaySetLight   display.o
    0x08004214   0x00000030   Code   RO          591    i.DisplaySetTimeout  keyboard.o
    0x08004244   0x00000028   Code   RO          804    i.Display_Init      display.o
    0x0800426c   0x00000018   Code   RO          775    i.DotSeekDBC        cgrom.o
    0x08004284   0x00000050   Code   RO          776    i.DotSeekSBC        cgrom.o
    0x080042d4   0x0000005a   Code   RO          925    i.EE24C512_Load     ee24.o
    0x0800432e   0x00000002   PAD
    0x08004330   0x00000068   Code   RO          926    i.EE24C512_Save     ee24.o
    0x08004398   0x00000008   Code   RO          592    i.EXTI0_IRQHandler  keyboard.o
    0x080043a0   0x00000018   Code   RO         1117    i.EXTI15_10_IRQHandler  spi3init.o
    0x080043b8   0x00000008   Code   RO          593    i.EXTI1_IRQHandler  keyboard.o
    0x080043c0   0x00000008   Code   RO          594    i.EXTI2_IRQHandler  keyboard.o
    0x080043c8   0x00000008   Code   RO          595    i.EXTI3_IRQHandler  keyboard.o
    0x080043d0   0x00000008   Code   RO          596    i.EXTI4_IRQHandler  keyboard.o
    0x080043d8   0x00000008   Code   RO          597    i.EXTI9_5_IRQHandler  keyboard.o
    0x080043e0   0x0000018c   Code   RO         2763    i.EditClockDate     edit.o
    0x0800456c   0x00000150   Code   RO         2764    i.EditClockTime     edit.o
    0x080046bc   0x0000001a   Code   RO         2765    i.EditI16U          edit.o
    0x080046d6   0x00000002   PAD
    0x080046d8   0x000001ec   Code   RO         2766    i.EditI32U          edit.o
    0x080048c4   0x00000190   Code   RO         2767    i.EditTIME          edit.o
    0x08004a54   0x00000020   Code   RO         1891    i.Eload             dataaccess.o
    0x08004a74   0x00000020   Code   RO         1892    i.Esave             dataaccess.o
    0x08004a94   0x000000d4   Code   RO         1893    i.File_Clean        dataaccess.o
    0x08004b68   0x00000228   Code   RO         2599    i.File_Creat        sd_usbport.o
    0x08004d90   0x00000028   Code   RO         1894    i.File_Load_AIR     dataaccess.o
    0x08004db8   0x00000028   Code   RO         1895    i.File_Load_R24     dataaccess.o
    0x08004de0   0x00000028   Code   RO         1896    i.File_Load_SHI     dataaccess.o
    0x08004e08   0x0000002c   Code   RO         1897    i.File_Load_TSP     dataaccess.o
    0x08004e34   0x0000003c   Code   RO         1898    i.File_Save_AIR     dataaccess.o
    0x08004e70   0x0000003c   Code   RO         1899    i.File_Save_R24     dataaccess.o
    0x08004eac   0x0000003c   Code   RO         1900    i.File_Save_SHI     dataaccess.o
    0x08004ee8   0x00000040   Code   RO         1901    i.File_Save_TSP     dataaccess.o
    0x08004f28   0x0000005c   Code   RO         2072    i.HCBox_Init        sensorread.o
    0x08004f84   0x00000054   Code   RO         1118    i.INT_IRQ_Enable    spi3init.o
    0x08004fd8   0x00000034   Code   RO         2768    i.InputPassword     edit.o
    0x0800500c   0x000002f0   Code   RO         2073    i.KB6102_CalibrateZero  sensorread.o
    0x080052fc   0x00000018   Code   RO          180    i.Keyboard_IRQ_Disable  bios.o
    0x08005314   0x0000005c   Code   RO          181    i.Keyboard_IRQ_Enable  bios.o
    0x08005370   0x00000018   Code   RO          598    i.Keyboard_IRQ_Server  keyboard.o
    0x08005388   0x00000030   Code   RO          599    i.Keyboard_Init     keyboard.o
    0x080053b8   0x00000050   Code   RO          182    i.Keyboard_PortInit  bios.o
    0x08005408   0x00000024   Code   RO          183    i.Keyboard_PortRead  bios.o
    0x0800542c   0x0000009c   Code   RO         2074    i.LCD_Volt_Adjust   sensorread.o
    0x080054c8   0x00000014   Code   RO          805    i.LcmMask           display.o
    0x080054dc   0x00000014   Code   RO          806    i.Lputs             display.o
    0x080054f0   0x0000002c   Code   RO          184    i.MeasureBattery_OutCmd  bios.o
    0x0800551c   0x0000001e   Code   RO         2868    i.Menu_Item_Mask    menu.o
    0x0800553a   0x00000002   PAD
    0x0800553c   0x00000038   Code   RO         2869    i.Menu_Redraw       menu.o
    0x08005574   0x00000006   Code   RO         2870    i.Menu_Select       menu.o
    0x0800557a   0x00000008   Code   RO         2871    i.Menu_Select2      menu.o
    0x08005582   0x00000008   Code   RO         2872    i.Menu_Select3      menu.o
    0x0800558a   0x00000002   PAD
    0x0800558c   0x000001a0   Code   RO         2873    i.Menu_Select_Ex    menu.o
    0x0800572c   0x000001d0   Code   RO         2874    i.Menu_Select_Ex2   menu.o
    0x080058fc   0x000001e4   Code   RO         2875    i.Menu_Select_Ex3   menu.o
    0x08005ae0   0x00000170   Code   RO         3290    i.Menu_Select_Start_R24  sampleset.o
    0x08005c50   0x000000e8   Code   RO         3087    i.ModifyLCD         monitor.o
    0x08005d38   0x000001f8   Code   RO         2317    i.MotorPID_Task     pump.o
    0x08005f30   0x00000014   Code   RO         2318    i.MotorTask_Socket  pump.o
    0x08005f44   0x0000002c   Code   RO         2075    i.Motor_OutCmd      sensorread.o
    0x08005f70   0x00000024   Code   RO         2076    i.Motor_SetOutput   sensorread.o
    0x08005f94   0x00000078   Code   RO         2876    i.MsgBox            menu.o
    0x0800600c   0x00000018   Code   RO          186    i.NVIC_EnableIRQ    bios.o
    0x08006024   0x0000002c   Code   RO         1119    i.NVI_Init          spi3init.o
    0x08006050   0x0000000c   Code   RO          190    i.OLED9704_DisplayEnable  bios.o
    0x0800605c   0x00000012   Code   RO          688    i.OLED9704_Init     oled9704.o
    0x0800606e   0x00000002   PAD
    0x08006070   0x00000060   Code   RO          191    i.OLED9704_PortInit  bios.o
    0x080060d0   0x00000040   Code   RO          192    i.OLED9704_ReadData  bios.o
    0x08006110   0x0000001e   Code   RO          689    i.OLED9704_SetLight  oled9704.o
    0x0800612e   0x00000002   PAD
    0x08006130   0x00000030   Code   RO          194    i.OLED9704_WriteData  bios.o
    0x08006160   0x00000030   Code   RO          195    i.OLED9704_WriteReg  bios.o
    0x08006190   0x0000009a   Code   RO          690    i.OLED9704_cls      oled9704.o
    0x0800622a   0x00000002   PAD
    0x0800622c   0x00000080   Code   RO          691    i.OLED9704_mask     oled9704.o
    0x080062ac   0x000000d8   Code   RO          692    i.OLED9704_puts     oled9704.o
    0x08006384   0x00000010   Code   RO          202    i.P8P_PortRead      bios.o
    0x08006394   0x00000014   Code   RO          203    i.P8P_PortWrite     bios.o
    0x080063a8   0x00000010   Code   RO          204    i.PWM1_SetOutput    bios.o
    0x080063b8   0x00000010   Code   RO          205    i.PWM2_SetOutput    bios.o
    0x080063c8   0x00000040   Code   RO         1902    i.PowerLogLoad      dataaccess.o
    0x08006408   0x0000008c   Code   RO         1903    i.PowerLogSave_PowerBoot  dataaccess.o
    0x08006494   0x00000010   Code   RO         1904    i.PowerLogSave_PowerShut  dataaccess.o
    0x080064a4   0x00000068   Code   RO         1905    i.PowerLog_Clean    dataaccess.o
    0x0800650c   0x0000000c   Code   RO         2949    i.PowerLog_Init     start.o
    0x08006518   0x0000020c   Code   RO         3211    i.PowerLog_Query    query.o
    0x08006724   0x00000014   Code   RO          966    i.Powertime_Read    bkpdata.o
    0x08006738   0x00000018   Code   RO          967    i.Powertime_Write   bkpdata.o
    0x08006750   0x000002cc   Code   RO         3212    i.Print_File_AIR    query.o
    0x08006a1c   0x000005b8   Code   RO         3213    i.Print_File_R24    query.o
    0x08006fd4   0x000005c4   Code   RO         3214    i.Print_File_SHI    query.o
    0x08007598   0x0000039c   Code   RO         3215    i.Print_File_TSP    query.o
    0x08007934   0x0000001c   Code   RO          862    i.PrinterInit       printer.o
    0x08007950   0x00000054   Code   RO          863    i.PrinterPutHalf    printer.o
    0x080079a4   0x000000a8   Code   RO          864    i.PrinterPutString  printer.o
    0x08007a4c   0x00000044   Code   RO          865    i.PrinterSend_Command  printer.o
    0x08007a90   0x00000048   Code   RO          866    i.PrinterSend_DotImage  printer.o
    0x08007ad8   0x00000004   Code   RO         3216    i.PromptTest        query.o
    0x08007adc   0x00000016   Code   RO         1906    i.PumpSumTimeLoad   dataaccess.o
    0x08007af2   0x00000014   Code   RO         1907    i.PumpSumTimeSave   dataaccess.o
    0x08007b06   0x00000002   PAD
    0x08007b08   0x0000002c   Code   RO         2319    i.Pump_GetOutput    pump.o
    0x08007b34   0x00000030   Code   RO         2320    i.Pump_OutCmd       pump.o
    0x08007b64   0x00000004   Code   RO         1049    i.Query376Interrupt  spi_hw.o
    0x08007b68   0x00000428   Code   RO         3217    i.Query_File_AIR    query.o
    0x08007f90   0x000005b8   Code   RO         3218    i.Query_File_R24    query.o
    0x08008548   0x000005b8   Code   RO         3219    i.Query_File_SHI    query.o
    0x08008b00   0x000004a4   Code   RO         3220    i.Query_File_TSP    query.o
    0x08008fa4   0x00000040   Code   RO          210    i.RCC_DeInit        bios.o
    0x08008fe4   0x00000002   Code   RO         1613    i.RS485_Direct_Receive  mbm_bios.o
    0x08008fe6   0x00000002   Code   RO         1614    i.RS485_Direct_Transmit  mbm_bios.o
    0x08008fe8   0x00000048   Code   RO           15    i.RTC_IRQHandler    stm32rtc.o
    0x08009030   0x00000068   Code   RO           16    i.RTC_IRQ_Init      stm32rtc.o
    0x08009098   0x00000004   Code   RO           17    i.RTC_Init          stm32rtc.o
    0x0800909c   0x00000018   Code   RO           18    i.RTC_Load          stm32rtc.o
    0x080090b4   0x00000034   Code   RO           19    i.RTC_Save          stm32rtc.o
    0x080090e8   0x00000028   Code   RO         2950    i.RTOS_Init         start.o
    0x08009110   0x00000006   Code   RO         1120    i.ReadCH376Data     spi3init.o
    0x08009116   0x00000002   PAD
    0x08009118   0x0000000c   Code   RO           20    i.Read_HSITrim      stm32rtc.o
    0x08009124   0x00000004   Code   RO         1908    i.SDLoad            dataaccess.o
    0x08009128   0x0000000e   Code   RO         1909    i.SDSave            dataaccess.o
    0x08009136   0x00000002   PAD
    0x08009138   0x00000224   Code   RO         2600    i.SD_Init           sd_usbport.o
    0x0800935c   0x0000001c   Code   RO         2077    i.SENSOR_Init       sensorread.o
    0x08009378   0x0000007c   Code   RO         1121    i.SPI3_GPIO_Config  spi3init.o
    0x080093f4   0x00000004   Code   RO         1122    i.SPI3_RW           spi3init.o
    0x080093f8   0x00000108   Code   RO          138    i.STM32_ADC_Init    stm32adc.o
    0x08009500   0x000000bc   Code   RO           21    i.STM32_RTC_Init    stm32rtc.o
    0x080095bc   0x000000a0   Code   RO         1910    i.SampleSetLoad     dataaccess.o
    0x0800965c   0x00000010   Code   RO         1911    i.SampleSetSave     dataaccess.o
    0x0800966c   0x00000160   Code   RO         3291    i.SampleStart       sampleset.o
    0x080097cc   0x00000064   Code   RO         3088    i.SamplerTypeShow   monitor.o
    0x08009830   0x00000074   Code   RO         3089    i.SamplerTypeSwitch  monitor.o
    0x080098a4   0x00000074   Code   RO         2209    i.Sampler_BootResume  sample.o
    0x08009918   0x00000024   Code   RO         2212    i.Sampler_PauseKey  sample.o
    0x0800993c   0x00000080   Code   RO         2213    i.Sampler_R         sample.o
    0x080099bc   0x00000054   Code   RO         2214    i.Sampler_Start     sample.o
    0x08009a10   0x000000b4   Code   RO         3090    i.Sampler_TdMonitor  monitor.o
    0x08009ac4   0x00000010   Code   RO         2215    i.Sampler_Terminate  sample.o
    0x08009ad4   0x00000040   Code   RO         2216    i.Sampler_isRunning  sample.o
    0x08009b14   0x00000064   Code   RO         3091    i.Samplestate_Select  monitor.o
    0x08009b78   0x00000038   Code   RO         2604    i.SecSave           sd_usbport.o
    0x08009bb0   0x0000005c   Code   RO         2611    i.Sec_OPEN_WRITE_PATH  sd_usbport.o
    0x08009c0c   0x000000e0   Code   RO         3292    i.SetupFlow_AIR     sampleset.o
    0x08009cec   0x00000120   Code   RO         3293    i.SetupFlow_SHI     sampleset.o
    0x08009e0c   0x00000050   Code   RO         2769    i.ShowClock         edit.o
    0x08009e5c   0x00000044   Code   RO         2770    i.ShowClockDate     edit.o
    0x08009ea0   0x0000003c   Code   RO         2771    i.ShowClockTime     edit.o
    0x08009edc   0x00000044   Code   RO         2772    i.ShowDATE          edit.o
    0x08009f20   0x00000068   Code   RO         3037    i.ShowEdition       edition.o
    0x08009f88   0x0000006c   Code   RO         3038    i.ShowEdition_HasName  edition.o
    0x08009ff4   0x00000060   Code   RO         3039    i.ShowEdition_Inner  edition.o
    0x0800a054   0x00000048   Code   RO         2773    i.ShowFP32          edit.o
    0x0800a09c   0x00000134   Code   RO         3092    i.ShowHCBox         monitor.o
    0x0800a1d0   0x0000005c   Code   RO         2775    i.ShowI16U          edit.o
    0x0800a22c   0x00000028   Code   RO         2776    i.ShowPercent       edit.o
    0x0800a254   0x0000009c   Code   RO         3093    i.ShowPumpBefore    monitor.o
    0x0800a2f0   0x000001ac   Code   RO         3094    i.ShowPumpRunFlow   monitor.o
    0x0800a49c   0x00000064   Code   RO         3357    i.ShowPumpSelect    calibrate.o
    0x0800a500   0x00000168   Code   RO         3095    i.ShowSumCubage     monitor.o
    0x0800a668   0x00000034   Code   RO         2777    i.ShowTIME          edit.o
    0x0800a69c   0x0000010c   Code   RO         3096    i.ShowTimeState     monitor.o
    0x0800a7a8   0x00000034   Code   RO          211    i.Speaker_OutCmd    bios.o
    0x0800a7dc   0x0000001c   Code   RO         2217    i.StateRead         sample.o
    0x0800a7f8   0x00000048   Code   RO          212    i.SystemInit        bios.o
    0x0800a840   0x0000005c   Code   RO          213    i.TIM2_Init         bios.o
    0x0800a89c   0x00000044   Code   RO         1615    i.TIM4_Cmd          mbm_bios.o
    0x0800a8e0   0x0000001c   Code   RO         1462    i.TIM4_IRQHandler   mbm_port.o
    0x0800a8fc   0x0000003c   Code   RO         1616    i.TIM4_Init         mbm_bios.o
    0x0800a938   0x00000040   Code   RO          216    i.TM12864_GrayInit  bios.o
    0x0800a978   0x00000012   Code   RO          729    i.TM12864_Init      tm12864.o
    0x0800a98a   0x00000002   PAD
    0x0800a98c   0x00000064   Code   RO          217    i.TM12864_PortInit  bios.o
    0x0800a9f0   0x00000044   Code   RO          218    i.TM12864_ReadData  bios.o
    0x0800aa34   0x0000002c   Code   RO          219    i.TM12864_ReadState  bios.o
    0x0800aa60   0x00000010   Code   RO          220    i.TM12864_SelectL   bios.o
    0x0800aa70   0x00000010   Code   RO          221    i.TM12864_SelectR   bios.o
    0x0800aa80   0x00000012   Code   RO          807    i.TM12864_SetLight  display.o
    0x0800aa92   0x00000076   Code   RO          730    i.TM12864_Test      tm12864.o
    0x0800ab08   0x00000038   Code   RO          222    i.TM12864_WriteCommand  bios.o
    0x0800ab40   0x00000038   Code   RO          223    i.TM12864_WriteData  bios.o
    0x0800ab78   0x0000007c   Code   RO          731    i.TM12864_cls       tm12864.o
    0x0800abf4   0x0000001c   Code   RO          224    i.TM12864_isReady   bios.o
    0x0800ac10   0x00000084   Code   RO          732    i.TM12864_mask      tm12864.o
    0x0800ac94   0x0000013c   Code   RO          733    i.TM12864_puts      tm12864.o
    0x0800add0   0x0000000c   Code   RO         2218    i.TaskCreate_Sampler  sample.o
    0x0800addc   0x0000005c   Code   RO          225    i.UART1_Init        bios.o
    0x0800ae38   0x0000002c   Code   RO          226    i.UART1_RX_Pin_State  bios.o
    0x0800ae64   0x00000010   Code   RO          227    i.UART1_Send        bios.o
    0x0800ae74   0x0000000c   Code   RO         1617    i.USART3_GetByte    mbm_bios.o
    0x0800ae80   0x00000030   Code   RO         1463    i.USART3_IRQHandler  mbm_port.o
    0x0800aeb0   0x00000054   Code   RO         1618    i.USART3_Init       mbm_bios.o
    0x0800af04   0x0000004c   Code   RO         1619    i.USART3_PortInit   mbm_bios.o
    0x0800af50   0x0000000c   Code   RO         1620    i.USART3_PutByte    mbm_bios.o
    0x0800af5c   0x0000001c   Code   RO         1621    i.USART3_RX_Cmd     mbm_bios.o
    0x0800af78   0x0000001c   Code   RO         1622    i.USART3_TX_Cmd     mbm_bios.o
    0x0800af94   0x00000378   Code   RO         3664    i.USBPrint_AIR      usbcopy.o
    0x0800b30c   0x00000670   Code   RO         3665    i.USBPrint_R24      usbcopy.o
    0x0800b97c   0x00000680   Code   RO         3666    i.USBPrint_SHI      usbcopy.o
    0x0800bffc   0x00000480   Code   RO         3667    i.USBPrint_TSP      usbcopy.o
    0x0800c47c   0x00000010   Code   RO         3668    i.USBSave           usbcopy.o
    0x0800c48c   0x0000007c   Code   RO         2613    i.USB_Init          sd_usbport.o
    0x0800c508   0x00000078   Code   RO         3669    i.USB_PrintInit     usbcopy.o
    0x0800c580   0x00000024   Code   RO         2390    i.Wait376Interrupt  file_sys.o
    0x0800c5a4   0x00000026   Code   RO         1123    i.WriteCH376Cmd     spi3init.o
    0x0800c5ca   0x00000004   Code   RO         1124    i.WriteCH376Data    spi3init.o
    0x0800c5ce   0x00000002   PAD
    0x0800c5d0   0x00000018   Code   RO         1690    i._CV_005D          formulary.o
    0x0800c5e8   0x00000018   Code   RO         1691    i._CV_10WD          formulary.o
    0x0800c600   0x00000020   Code   RO         1692    i._CV_Bat_Current   formulary.o
    0x0800c620   0x00000044   Code   RO         1693    i._CV_Bat_Voltage   formulary.o
    0x0800c664   0x00000020   Code   RO         1694    i._CV_CPS120_Ba     formulary.o
    0x0800c684   0x00000020   Code   RO         1695    i._CV_CPS120_Temp   formulary.o
    0x0800c6a4   0x00000034   Code   RO         1696    i._CV_CPU_Temp      formulary.o
    0x0800c6d8   0x00000024   Code   RO         1697    i._CV_CPU_Volt      formulary.o
    0x0800c6fc   0x00000012   Code   RO         1698    i._CV_DS18B20_Temp  formulary.o
    0x0800c70e   0x00000002   PAD
    0x0800c710   0x00000040   Code   RO         2078    i._CV_LCD_Volt      sensorread.o
    0x0800c750   0x00000012   Code   RO          232    i._TIM3_PWM_Regular  bios.o
    0x0800c762   0x00000028   Code   RO         5191    i.__ARM_fpclassify  m_ws.l(fpclassify.o)
    0x0800c78a   0x00000002   PAD
    0x0800c78c   0x00000024   Code   RO         1215    i.__user_perthread_libspace  rtx_conf_cm.o
    0x0800c7b0   0x00000058   Code   RO         1808    i._get_CPS120_Ba    sensor.o
    0x0800c808   0x00000058   Code   RO         1809    i._get_DS18B20_Temp  sensor.o
    0x0800c860   0x00000046   Code   RO         4762    i._init_box         RTX_CM3.lib(rt_membox.o)
    0x0800c8a6   0x0000000e   Code   RO         4928    i._is_digit         c_w.l(__printf_wp.o)
    0x0800c8b4   0x00000020   Code   RO         1216    i._mutex_acquire    rtx_conf_cm.o
    0x0800c8d4   0x0000001c   Code   RO         1218    i._mutex_release    rtx_conf_cm.o
    0x0800c8f0   0x00000084   Code   RO          600    i._task_Keyboard    keyboard.o
    0x0800c974   0x000000e4   Code   RO         2079    i._task_ModbusRead  sensorread.o
    0x0800ca58   0x00000014   Code   RO         2951    i._task_PowerLog    start.o
    0x0800ca6c   0x000002bc   Code   RO         2219    i._task_Sample_AIR  sample.o
    0x0800cd28   0x00000418   Code   RO         2220    i._task_Sample_R24  sample.o
    0x0800d140   0x00000418   Code   RO         2221    i._task_Sample_SHI  sample.o
    0x0800d558   0x000003a4   Code   RO         2222    i._task_Sample_TSP  sample.o
    0x0800d8fc   0x000000c4   Code   RO         2080    i._task_SensorRead  sensorread.o
    0x0800d9c0   0x0000001e   Code   RO         2081    i.average           sensorread.o
    0x0800d9de   0x00000018   Code   RO          233    i.beep              bios.o
    0x0800d9f6   0x00000002   PAD
    0x0800d9f8   0x00000018   Code   RO         1125    i.bus_SPI3xNSS      spi3init.o
    0x0800da10   0x00000018   Code   RO         1126    i.bus_SPI3xShift    spi3init.o
    0x0800da28   0x00000010   Code   RO         2952    i.bus_SPI_mutex_apply  start.o
    0x0800da38   0x0000000c   Code   RO         2953    i.bus_SPI_mutex_release  start.o
    0x0800da44   0x00000010   Code   RO         2954    i.bus_i2c_mutex_apply  start.o
    0x0800da54   0x0000000c   Code   RO         2955    i.bus_i2c_mutex_release  start.o
    0x0800da60   0x0000006c   Code   RO          234    i.bus_i2c_shin      bios.o
    0x0800dacc   0x00000064   Code   RO          235    i.bus_i2c_shout     bios.o
    0x0800db30   0x00000074   Code   RO          236    i.bus_i2c_start     bios.o
    0x0800dba4   0x00000028   Code   RO          237    i.bus_i2c_stop      bios.o
    0x0800dbcc   0x00000014   Code   RO          808    i.cls               display.o
    0x0800dbe0   0x00000028   Code   RO         2778    i.dayOfmonth        edit.o
    0x0800dc08   0x00000030   Code   RO         4815    i.dbg_init          RTX_CM3.lib(hal_cm.o)
    0x0800dc38   0x00000020   Code   RO         4816    i.dbg_task_notify   RTX_CM3.lib(hal_cm.o)
    0x0800dc58   0x00000010   Code   RO         4817    i.dbg_task_switch   RTX_CM3.lib(hal_cm.o)
    0x0800dc68   0x00000004   Code   RO         2956    i.delay             start.o
    0x0800dc6c   0x00000030   Code   RO          238    i.delay_us          bios.o
    0x0800dc9c   0x000001a8   Code   RO         3097    i.disposeKey        monitor.o
    0x0800de44   0x00000012   Code   RO         1301    i.eMBMInit          mbm_function.o
    0x0800de56   0x0000004e   Code   RO         1302    i.eMBMRead          mbm_function.o
    0x0800dea4   0x00000098   Code   RO         1303    i.eMBMReadCoils     mbm_function.o
    0x0800df3c   0x00000098   Code   RO         1304    i.eMBMReadDiscretes  mbm_function.o
    0x0800dfd4   0x00000098   Code   RO         1305    i.eMBMReadHoldingRegisters  mbm_function.o
    0x0800e06c   0x00000098   Code   RO         1306    i.eMBMReadInputRegisters  mbm_function.o
    0x0800e104   0x0000003a   Code   RO         1307    i.eMBMWrite         mbm_function.o
    0x0800e13e   0x00000002   PAD
    0x0800e140   0x000000c8   Code   RO         1308    i.eMBMWriteMultipleCoils  mbm_function.o
    0x0800e208   0x000000c4   Code   RO         1309    i.eMBMWriteMultipleRegisters  mbm_function.o
    0x0800e2cc   0x000000ac   Code   RO         1382    i.eMBM_IO           mbm_io.o
    0x0800e378   0x00000040   Code   RO         1383    i.eMBM_IO_Init      mbm_io.o
    0x0800e3b8   0x0000003c   Code   RO         1403    i.eMBM_RTU_Analyze  mbm_rtu.o
    0x0800e3f4   0x00000030   Code   RO         1404    i.eMBM_RTU_Assemble  mbm_rtu.o
    0x0800e424   0x0000006c   Code   RO         1810    i.fetch_flow        sensor.o
    0x0800e490   0x0000001c   Code   RO         2223    i.funSocket         sample.o
    0x0800e4ac   0x00000024   Code   RO          601    i.getKey            keyboard.o
    0x0800e4d0   0x0000002c   Code   RO         1811    i.get_Ba            sensor.o
    0x0800e4fc   0x00000030   Code   RO         1812    i.get_Bat_Charging  sensor.o
    0x0800e52c   0x00000030   Code   RO         1813    i.get_Bat_Current   sensor.o
    0x0800e55c   0x00000030   Code   RO         1814    i.get_Bat_Voltage   sensor.o
    0x0800e58c   0x0000000c   Code   RO         2082    i.get_HCBoxFanSpeed  sensorread.o
    0x0800e598   0x00000020   Code   RO         2083    i.get_HCBoxOutput   sensorread.o
    0x0800e5b8   0x00000058   Code   RO         2084    i.get_HCBoxTemp     sensorread.o
    0x0800e610   0x00000020   Code   RO         2085    i.get_HeaterOutput  sensorread.o
    0x0800e630   0x00000058   Code   RO         2086    i.get_HeaterTemp    sensorread.o
    0x0800e688   0x00000014   Code   RO           22    i.get_Now           stm32rtc.o
    0x0800e69c   0x0000003c   Code   RO         1815    i.get_Pr            sensor.o
    0x0800e6d8   0x00000004   Code   RO         1816    i.get_Te            sensor.o
    0x0800e6dc   0x00000064   Code   RO         1817    i.get_Tr            sensor.o
    0x0800e740   0x00000028   Code   RO         1700    i.get_Tstd          formulary.o
    0x0800e768   0x00000068   Code   RO         1818    i.get_fstd          sensor.o
    0x0800e7d0   0x00000040   Code   RO         1819    i.get_pf            sensor.o
    0x0800e810   0x0000001c   Code   RO          602    i.hitKey            keyboard.o
    0x0800e82c   0x00000026   Code   RO          734    i.invert_byte       tm12864.o
    0x0800e852   0x00000026   Code   RO          868    i.invert_byte       printer.o
    0x0800e878   0x0000000c   Code   RO          871    i.isPrinterReady    printer.o
    0x0800e884   0x0000002c   Code   RO         3719    i.isrMessagePut     RTX_CM3.lib(rt_cmsis.o)
    0x0800e8b0   0x0000000e   Code   RO         4618    i.isr_mbx_send      RTX_CM3.lib(rt_mailbox.o)
    0x0800e8be   0x00000010   Code   RO         4665    i.isr_sem_send      RTX_CM3.lib(rt_semaphore.o)
    0x0800e8ce   0x00000016   Code   RO         1051    i.mDelay0_5uS       spi_hw.o
    0x0800e8e4   0x0000000a   Code   RO         1009    i.mDelaymS          hal_base.o
    0x0800e8ee   0x00000004   Code   RO         1010    i.mDelayuS          hal_base.o
    0x0800e8f2   0x0000004a   Code   RO         1052    i.mInitCH376Host    spi_hw.o
    0x0800e93c   0x0000009c   Code   RO         2957    i.main              start.o
    0x0800e9d8   0x00000048   Code   RO         3358    i.menu_Calibrate    calibrate.o
    0x0800ea20   0x00000204   Code   RO         3360    i.menu_Calibrate_Ba  calibrate.o
    0x0800ec24   0x00000220   Code   RO         3361    i.menu_Calibrate_Battery  calibrate.o
    0x0800ee44   0x00000208   Code   RO         3362    i.menu_Calibrate_HCBox_Temp  calibrate.o
    0x0800f04c   0x00000208   Code   RO         3363    i.menu_Calibrate_Heater_Temp  calibrate.o
    0x0800f254   0x00000040   Code   RO         3364    i.menu_Calibrate_KB2400HL  calibrate.o
    0x0800f294   0x00000090   Code   RO         3365    i.menu_Calibrate_KB6120A  calibrate.o
    0x0800f324   0x00000048   Code   RO         3366    i.menu_Calibrate_KB6120AD  calibrate.o
    0x0800f36c   0x00000048   Code   RO         3367    i.menu_Calibrate_KB6120AD2  calibrate.o
    0x0800f3b4   0x0000000a   Code   RO         3368    i.menu_Calibrate_Orifice  calibrate.o
    0x0800f3be   0x00000002   PAD
    0x0800f3c0   0x00000098   Code   RO         3369    i.menu_Calibrate_Orifice_KB100  calibrate.o
    0x0800f458   0x00000098   Code   RO         3370    i.menu_Calibrate_Orifice_KB4  calibrate.o
    0x0800f4f0   0x000000a4   Code   RO         3371    i.menu_Calibrate_Other  calibrate.o
    0x0800f594   0x00000020   Code   RO         3372    i.menu_Calibrate_PP  calibrate.o
    0x0800f5b4   0x00000208   Code   RO         3373    i.menu_Calibrate_Te  calibrate.o
    0x0800f7bc   0x000000f0   Code   RO         3517    i.menu_ChangePassword  configure.o
    0x0800f8ac   0x000000f0   Code   RO         3612    i.menu_Clean_FileNum  configureex.o
    0x0800f99c   0x0000019c   Code   RO         3613    i.menu_Clean_SumTime  configureex.o
    0x0800fb38   0x0000013c   Code   RO         3518    i.menu_Configure    configure.o
    0x0800fc74   0x0000016c   Code   RO         3614    i.menu_ConfigureDisplay  configureex.o
    0x0800fde0   0x00000090   Code   RO         3615    i.menu_ConfigureEx  configureex.o
    0x0800fe70   0x0000006c   Code   RO         3519    i.menu_ConfigureFlow  configure.o
    0x0800fedc   0x0000019c   Code   RO         3520    i.menu_Configure_Ba  configure.o
    0x08010078   0x00000074   Code   RO         3616    i.menu_ExName       configureex.o
    0x080100ec   0x000007c0   Code   RO         2087    i.menu_FactoryDebug  sensorread.o
    0x080108ac   0x00000068   Code   RO         2958    i.menu_Main         start.o
    0x08010914   0x0000008c   Code   RO         3521    i.menu_Maintenance  configure.o
    0x080109a0   0x00000038   Code   RO         3522    i.menu_MoreSet      configure.o
    0x080109d8   0x00000028   Code   RO         3221    i.menu_SampleQuery  query.o
    0x08010a00   0x0000004c   Code   RO         3294    i.menu_SampleSetup  sampleset.o
    0x08010a4c   0x00000018   Code   RO         3295    i.menu_SampleStart  sampleset.o
    0x08010a64   0x00000038   Code   RO         3617    i.menu_Sample_Sum   configureex.o
    0x08010a9c   0x00000080   Code   RO         3523    i.menu_SelectDelayMode  configure.o
    0x08010b1c   0x00000064   Code   RO         3524    i.menu_SelectTimeMode  configure.o
    0x08010b80   0x000000c4   Code   RO         3525    i.menu_SelectTstd   configure.o
    0x08010c44   0x00000064   Code   RO         3374    i.menu_Select_Calc_Pbv  calibrate.o
    0x08010ca8   0x00000180   Code   RO         3526    i.menu_SetupClock   configure.o
    0x08010e28   0x000001b0   Code   RO         3098    i.menu_show_env_state  monitor.o
    0x08010fd8   0x00000040   Code   RO         3099    i.monitor           monitor.o
    0x08011018   0x0000008c   Code   RO         3100    i.monitor_AIR       monitor.o
    0x080110a4   0x000000bc   Code   RO         3101    i.monitor_R24       monitor.o
    0x08011160   0x000000bc   Code   RO         3102    i.monitor_SHI       monitor.o
    0x0801121c   0x00000084   Code   RO         3103    i.monitor_TSP       monitor.o
    0x080112a0   0x00000026   Code   RO          693    i.moveto            oled9704.o
    0x080112c6   0x0000002e   Code   RO          735    i.moveto            tm12864.o
    0x080112f4   0x00000018   Code   RO         3720    i.osDelay           RTX_CM3.lib(rt_cmsis.o)
    0x0801130c   0x00000024   Code   RO         3721    i.osKernelInitialize  RTX_CM3.lib(rt_cmsis.o)
    0x08011330   0x0000006c   Code   RO         3723    i.osKernelStart     RTX_CM3.lib(rt_cmsis.o)
    0x0801139c   0x00000018   Code   RO         3724    i.osKernelSysTick   RTX_CM3.lib(rt_cmsis.o)
    0x080113b4   0x00000030   Code   RO         3734    i.osMutexCreate     RTX_CM3.lib(rt_cmsis.o)
    0x080113e4   0x00000018   Code   RO         3736    i.osMutexRelease    RTX_CM3.lib(rt_cmsis.o)
    0x080113fc   0x00000018   Code   RO         3737    i.osMutexWait       RTX_CM3.lib(rt_cmsis.o)
    0x08011414   0x00000030   Code   RO         3742    i.osSemaphoreCreate  RTX_CM3.lib(rt_cmsis.o)
    0x08011444   0x0000003c   Code   RO         3744    i.osSemaphoreRelease  RTX_CM3.lib(rt_cmsis.o)
    0x08011480   0x00000018   Code   RO         3745    i.osSemaphoreWait   RTX_CM3.lib(rt_cmsis.o)
    0x08011498   0x00000030   Code   RO         3749    i.osThreadCreate    RTX_CM3.lib(rt_cmsis.o)
    0x080114c8   0x00000018   Code   RO         3750    i.osThreadExit      RTX_CM3.lib(rt_cmsis.o)
    0x080114e0   0x00000018   Code   RO         3751    i.osThreadGetId     RTX_CM3.lib(rt_cmsis.o)
    0x080114f8   0x00000018   Code   RO         3754    i.osThreadTerminate  RTX_CM3.lib(rt_cmsis.o)
    0x08011510   0x00000002   Code   RO         1219    i.os_error          rtx_conf_cm.o
    0x08011512   0x00000002   Code   RO         1220    i.os_idle_demon     rtx_conf_cm.o
    0x08011514   0x00000028   Code   RO         4409    i.os_tick_init      RTX_CM3.lib(rt_system.o)
    0x0801153c   0x00000002   Code   RO         4410    i.os_tick_irqack    RTX_CM3.lib(rt_system.o)
    0x0801153e   0x00000002   PAD
    0x08011540   0x00000010   Code   RO         4411    i.os_tick_ovf       RTX_CM3.lib(rt_system.o)
    0x08011550   0x00000014   Code   RO         4412    i.os_tick_val       RTX_CM3.lib(rt_system.o)
    0x08011564   0x00000034   Code   RO          603    i.releaseKey        keyboard.o
    0x08011598   0x0000001a   Code   RO         4763    i.rt_alloc_box      RTX_CM3.lib(rt_membox.o)
    0x080115b2   0x0000003c   Code   RO         4791    i.rt_alloc_mem      RTX_CM3.lib(rt_memory.o)
    0x080115ee   0x00000002   PAD
    0x080115f0   0x00000038   Code   RO         4294    i.rt_block          RTX_CM3.lib(rt_task.o)
    0x08011628   0x00000048   Code   RO         4740    i.rt_chk_robin      RTX_CM3.lib(rt_robin.o)
    0x08011670   0x00000070   Code   RO         4541    i.rt_dec_dly        RTX_CM3.lib(rt_list.o)
    0x080116e0   0x00000044   Code   RO         4295    i.rt_dispatch       RTX_CM3.lib(rt_task.o)
    0x08011724   0x00000006   Code   RO         4707    i.rt_dly_wait       RTX_CM3.lib(rt_time.o)
    0x0801172a   0x00000002   PAD
    0x0801172c   0x00000050   Code   RO         4502    i.rt_evt_psh        RTX_CM3.lib(rt_event.o)
    0x0801177c   0x00000020   Code   RO         4764    i.rt_free_box       RTX_CM3.lib(rt_membox.o)
    0x0801179c   0x00000028   Code   RO         4792    i.rt_free_mem       RTX_CM3.lib(rt_memory.o)
    0x080117c4   0x00000028   Code   RO         4542    i.rt_get_first      RTX_CM3.lib(rt_list.o)
    0x080117ec   0x00000008   Code   RO         3764    i.rt_id2obj         RTX_CM3.lib(rt_cmsis.o)
    0x080117f4   0x00000040   Code   RO         4296    i.rt_init_context   RTX_CM3.lib(rt_task.o)
    0x08011834   0x0000001a   Code   RO         4793    i.rt_init_mem       RTX_CM3.lib(rt_memory.o)
    0x0801184e   0x00000002   PAD
    0x08011850   0x00000018   Code   RO         4741    i.rt_init_robin     RTX_CM3.lib(rt_robin.o)
    0x08011868   0x00000050   Code   RO         4818    i.rt_init_stack     RTX_CM3.lib(hal_cm.o)
    0x080118b8   0x00000008   Code   RO         4619    i.rt_mbx_check      RTX_CM3.lib(rt_mailbox.o)
    0x080118c0   0x0000001c   Code   RO         4620    i.rt_mbx_init       RTX_CM3.lib(rt_mailbox.o)
    0x080118dc   0x000000f0   Code   RO         4621    i.rt_mbx_psh        RTX_CM3.lib(rt_mailbox.o)
    0x080119cc   0x0000003c   Code   RO         3765    i.rt_ms2tick        RTX_CM3.lib(rt_cmsis.o)
    0x08011a08   0x00000010   Code   RO         4379    i.rt_mut_init       RTX_CM3.lib(rt_mutex.o)
    0x08011a18   0x000000a0   Code   RO         4380    i.rt_mut_release    RTX_CM3.lib(rt_mutex.o)
    0x08011ab8   0x00000064   Code   RO         4381    i.rt_mut_wait       RTX_CM3.lib(rt_mutex.o)
    0x08011b1c   0x00000078   Code   RO         4413    i.rt_pop_req        RTX_CM3.lib(rt_system.o)
    0x08011b94   0x00000020   Code   RO         4414    i.rt_psh_req        RTX_CM3.lib(rt_system.o)
    0x08011bb4   0x00000058   Code   RO         4544    i.rt_psq_enq        RTX_CM3.lib(rt_list.o)
    0x08011c0c   0x00000048   Code   RO         4545    i.rt_put_dly        RTX_CM3.lib(rt_list.o)
    0x08011c54   0x00000036   Code   RO         4546    i.rt_put_prio       RTX_CM3.lib(rt_list.o)
    0x08011c8a   0x00000002   PAD
    0x08011c8c   0x00000014   Code   RO         4547    i.rt_put_rdy_first  RTX_CM3.lib(rt_list.o)
    0x08011ca0   0x00000034   Code   RO         4548    i.rt_resort_prio    RTX_CM3.lib(rt_list.o)
    0x08011cd4   0x00000006   Code   RO         4819    i.rt_ret_val        RTX_CM3.lib(hal_cm.o)
    0x08011cda   0x00000008   Code   RO         4820    i.rt_ret_val2       RTX_CM3.lib(hal_cm.o)
    0x08011ce2   0x00000028   Code   RO         4549    i.rt_rmv_dly        RTX_CM3.lib(rt_list.o)
    0x08011d0a   0x00000002   PAD
    0x08011d0c   0x00000030   Code   RO         4550    i.rt_rmv_list       RTX_CM3.lib(rt_list.o)
    0x08011d3c   0x0000000c   Code   RO         4667    i.rt_sem_init       RTX_CM3.lib(rt_semaphore.o)
    0x08011d48   0x00000034   Code   RO         4668    i.rt_sem_psh        RTX_CM3.lib(rt_semaphore.o)
    0x08011d7c   0x0000002a   Code   RO         4669    i.rt_sem_send       RTX_CM3.lib(rt_semaphore.o)
    0x08011da6   0x00000002   PAD
    0x08011da8   0x0000003c   Code   RO         4670    i.rt_sem_wait       RTX_CM3.lib(rt_semaphore.o)
    0x08011de4   0x00000024   Code   RO         4416    i.rt_stk_check      RTX_CM3.lib(rt_system.o)
    0x08011e08   0x00000028   Code   RO         4297    i.rt_switch_req     RTX_CM3.lib(rt_task.o)
    0x08011e30   0x0000010c   Code   RO         4298    i.rt_sys_init       RTX_CM3.lib(rt_task.o)
    0x08011f3c   0x00000034   Code   RO         4299    i.rt_sys_start      RTX_CM3.lib(rt_task.o)
    0x08011f70   0x0000003c   Code   RO         4418    i.rt_systick        RTX_CM3.lib(rt_system.o)
    0x08011fac   0x00000012   Code   RO         3766    i.rt_tid2ptcb       RTX_CM3.lib(rt_cmsis.o)
    0x08011fbe   0x00000002   PAD
    0x08011fc0   0x00000038   Code   RO         3767    i.rt_timer_insert   RTX_CM3.lib(rt_cmsis.o)
    0x08011ff8   0x00000084   Code   RO         4300    i.rt_tsk_create     RTX_CM3.lib(rt_task.o)
    0x0801207c   0x000000bc   Code   RO         4301    i.rt_tsk_delete     RTX_CM3.lib(rt_task.o)
    0x08012138   0x00000074   Code   RO         4303    i.rt_tsk_prio       RTX_CM3.lib(rt_task.o)
    0x080121ac   0x00000010   Code   RO         4304    i.rt_tsk_self       RTX_CM3.lib(rt_task.o)
    0x080121bc   0x00000028   Code   RO         2088    i.set_HCBoxTemp     sensorread.o
    0x080121e4   0x00000036   Code   RO         2089    i.set_HeaterTemp    sensorread.o
    0x0801221a   0x00000002   PAD
    0x0801221c   0x00000180   Code   RO         3296    i.setup_R24_SHI     sampleset.o
    0x0801239c   0x00000108   Code   RO         3297    i.setup_TSP_AIR     sampleset.o
    0x080124a4   0x000000b0   Code   RO         3104    i.show_battery      monitor.o
    0x08012554   0x00000178   Code   RO         3105    i.show_env_state    monitor.o
    0x080126cc   0x0000001a   Code   RO         2959    i.show_std_clock    start.o
    0x080126e6   0x0000002c   Code   RO         5039    i.sqrtf             m_ws.l(sqrtf.o)
    0x08012712   0x00000014   Code   RO         3769    i.svcDelay          RTX_CM3.lib(rt_cmsis.o)
    0x08012726   0x00000002   PAD
    0x08012728   0x00000070   Code   RO         3770    i.svcKernelInitialize  RTX_CM3.lib(rt_cmsis.o)
    0x08012798   0x00000038   Code   RO         3772    i.svcKernelStart    RTX_CM3.lib(rt_cmsis.o)
    0x080127d0   0x00000038   Code   RO         3773    i.svcKernelSysTick  RTX_CM3.lib(rt_cmsis.o)
    0x08012808   0x00000024   Code   RO         3775    i.svcMessageCreate  RTX_CM3.lib(rt_cmsis.o)
    0x0801282c   0x0000001c   Code   RO         3778    i.svcMutexCreate    RTX_CM3.lib(rt_cmsis.o)
    0x08012848   0x00000022   Code   RO         3780    i.svcMutexRelease   RTX_CM3.lib(rt_cmsis.o)
    0x0801286a   0x00000036   Code   RO         3781    i.svcMutexWait      RTX_CM3.lib(rt_cmsis.o)
    0x080128a0   0x00000024   Code   RO         3783    i.svcSemaphoreCreate  RTX_CM3.lib(rt_cmsis.o)
    0x080128c4   0x00000028   Code   RO         3785    i.svcSemaphoreRelease  RTX_CM3.lib(rt_cmsis.o)
    0x080128ec   0x00000032   Code   RO         3786    i.svcSemaphoreWait  RTX_CM3.lib(rt_cmsis.o)
    0x0801291e   0x00000002   PAD
    0x08012920   0x00000070   Code   RO         3790    i.svcThreadCreate   RTX_CM3.lib(rt_cmsis.o)
    0x08012990   0x0000001c   Code   RO         3791    i.svcThreadGetId    RTX_CM3.lib(rt_cmsis.o)
    0x080129ac   0x00000038   Code   RO         3794    i.svcThreadTerminate  RTX_CM3.lib(rt_cmsis.o)
    0x080129e4   0x00000054   Code   RO         3805    i.sysTimerTick      RTX_CM3.lib(rt_cmsis.o)
    0x08012a38   0x00000018   Code   RO          240    i.tick              bios.o
    0x08012a50   0x00000030   Code   RO         1405    i.usMBCRC16         mbm_rtu.o
    0x08012a80   0x0000000c   Code   RO         1464    i.vMBM_EventGet_Post  mbm_port.o
    0x08012a8c   0x0000000c   Code   RO         1465    i.vMBM_EventPut_Post  mbm_port.o
    0x08012a98   0x0000002c   Code   RO         1466    i.vMBM_Event_Init   mbm_port.o
    0x08012ac4   0x00000040   Code   RO         1406    i.vMBM_RTU_Receive_ISR  mbm_rtu.o
    0x08012b04   0x00000014   Code   RO         1407    i.vMBM_RTU_Receive_Init  mbm_rtu.o
    0x08012b18   0x00000030   Code   RO         1408    i.vMBM_RTU_Send_ISR  mbm_rtu.o
    0x08012b48   0x00000014   Code   RO         1409    i.vMBM_RTU_Send_Init  mbm_rtu.o
    0x08012b5c   0x00000016   Code   RO         1410    i.vMBM_RTU_T35_ISR  mbm_rtu.o
    0x08012b72   0x00000014   Code   RO         1467    i.vMBM_SerialGet_Cmd  mbm_port.o
    0x08012b86   0x00000004   Code   RO         1468    i.vMBM_SerialPutByte  mbm_port.o
    0x08012b8a   0x00000014   Code   RO         1469    i.vMBM_SerialPut_Cmd  mbm_port.o
    0x08012b9e   0x0000000e   Code   RO         1470    i.vMBM_Serial_Init  mbm_port.o
    0x08012bac   0x00000004   Code   RO         1471    i.vMBM_Timers_Cmd   mbm_port.o
    0x08012bb0   0x00000004   Code   RO         1472    i.vMBM_Timers_Init  mbm_port.o
    0x08012bb4   0x0000000c   Code   RO         1473    i.vMBusLogError     mbm_port.o
    0x08012bc0   0x00000028   Code   RO         1475    i.vMBus_Memory_Get  mbm_port.o
    0x08012be8   0x00000022   Code   RO         1476    i.vMBus_Memory_Put  mbm_port.o
    0x08012c0a   0x00000002   PAD
    0x08012c0c   0x00000018   Code   RO         1477    i.vMBus_Mutex_Init  mbm_port.o
    0x08012c24   0x00000010   Code   RO         1478    i.vMBus_apply       mbm_port.o
    0x08012c34   0x0000000c   Code   RO         1479    i.vMBus_release     mbm_port.o
    0x08012c40   0x00000004   Code   RO         1053    i.xEndCH376Cmd      spi_hw.o
    0x08012c44   0x00000020   Code   RO         1480    i.xMBM_EventGet_Poll  mbm_port.o
    0x08012c64   0x00000020   Code   RO         1481    i.xMBM_EventPut_Poll  mbm_port.o
    0x08012c84   0x0000000e   Code   RO         1482    i.xMBM_SerialGetByte  mbm_port.o
    0x08012c92   0x0000000e   Code   RO         1054    i.xReadCH376Data    spi_hw.o
    0x08012ca0   0x00000016   Code   RO         1055    i.xWriteCH376Cmd    spi_hw.o
    0x08012cb6   0x0000000e   Code   RO         1056    i.xWriteCH376Data   spi_hw.o
    0x08012cc4   0x0000002c   Code   RO         5181    locale$$code        c_w.l(lc_numeric_c.o)
    0x08012cf0   0x00000062   Code   RO         4974    x$fpl$d2f           fz_ws.l(d2f.o)
    0x08012d52   0x00000002   PAD
    0x08012d54   0x000002b0   Code   RO         4977    x$fpl$ddiv          fz_ws.l(ddiv.o)
    0x08013004   0x00000026   Code   RO         4984    x$fpl$dfltu         fz_ws.l(dflt_clz.o)
    0x0801302a   0x00000002   PAD
    0x0801302c   0x00000154   Code   RO         4990    x$fpl$dmul          fz_ws.l(dmul.o)
    0x08013180   0x0000009c   Code   RO         5107    x$fpl$dnaninf       fz_ws.l(dnaninf.o)
    0x0801321c   0x0000000c   Code   RO         5109    x$fpl$dretinf       fz_ws.l(dretinf.o)
    0x08013228   0x00000056   Code   RO         4992    x$fpl$f2d           fz_ws.l(f2d.o)
    0x0801327e   0x00000002   PAD
    0x08013280   0x000000c4   Code   RO         4994    x$fpl$fadd          fz_ws.l(faddsub_clz.o)
    0x08013344   0x0000000c   Code   RO         5113    x$fpl$fcheck1       fz_ws.l(fcheck1.o)
    0x08013350   0x00000018   Code   RO         5115    x$fpl$fcmpinf       fz_ws.l(fcmpi.o)
    0x08013368   0x00000184   Code   RO         5001    x$fpl$fdiv          fz_ws.l(fdiv.o)
    0x080134ec   0x0000003e   Code   RO         5004    x$fpl$ffixu         fz_ws.l(ffixu.o)
    0x0801352a   0x00000002   PAD
    0x0801352c   0x00000030   Code   RO         5009    x$fpl$fflt          fz_ws.l(fflt_clz.o)
    0x0801355c   0x00000026   Code   RO         5008    x$fpl$ffltu         fz_ws.l(fflt_clz.o)
    0x08013582   0x00000002   PAD
    0x08013584   0x00000068   Code   RO         5016    x$fpl$fleqf         fz_ws.l(fleqf.o)
    0x080135ec   0x00000102   Code   RO         5018    x$fpl$fmul          fz_ws.l(fmul.o)
    0x080136ee   0x0000008c   Code   RO         5117    x$fpl$fnaninf       fz_ws.l(fnaninf.o)
    0x0801377a   0x0000000a   Code   RO         5119    x$fpl$fretinf       fz_ws.l(fretinf.o)
    0x08013784   0x00000062   Code   RO         5020    x$fpl$frleqf        fz_ws.l(frleqf.o)
    0x080137e6   0x00000014   Code   RO         4995    x$fpl$frsb          fz_ws.l(faddsub_clz.o)
    0x080137fa   0x00000002   PAD
    0x080137fc   0x00000110   Code   RO         5121    x$fpl$fsqrt         fz_ws.l(fsqrt.o)
    0x0801390c   0x000000ea   Code   RO         4996    x$fpl$fsub          fz_ws.l(faddsub_clz.o)
    0x080139f6   0x00000004   Code   RO         5022    x$fpl$printf1       fz_ws.l(printf1.o)
    0x080139fa   0x00000064   Code   RO         5189    x$fpl$retnan        fz_ws.l(retnan.o)
    0x08013a5e   0x0000004c   Code   RO         5024    x$fpl$scalbnf       fz_ws.l(scalbnf.o)
    0x08013aaa   0x00000030   Code   RO         5206    x$fpl$trapveneer    fz_ws.l(trapv.o)
    0x08013ada   0x00000000   Code   RO         5123    x$fpl$usenofp       fz_ws.l(usenofp.o)
    0x08013ada   0x00000002   PAD
    0x08013adc   0x00000018   Data   RO          604    .constdata          keyboard.o
    0x08013af4   0x0000305e   Data   RO          777    .constdata          cgrom.o
    0x08016b52   0x00000002   Data   RO         1229    .constdata          rtx_conf_cm.o
    0x08016b54   0x00000004   Data   RO         1230    .constdata          rtx_conf_cm.o
    0x08016b58   0x00000004   Data   RO         1231    .constdata          rtx_conf_cm.o
    0x08016b5c   0x00000002   Data   RO         1233    .constdata          rtx_conf_cm.o
    0x08016b5e   0x00000002   Data   RO         1234    .constdata          rtx_conf_cm.o
    0x08016b60   0x00000004   Data   RO         1235    .constdata          rtx_conf_cm.o
    0x08016b64   0x00000001   Data   RO         1236    .constdata          rtx_conf_cm.o
    0x08016b65   0x00000003   PAD
    0x08016b68   0x00000008   Data   RO         1237    .constdata          rtx_conf_cm.o
    0x08016b70   0x00000002   Data   RO         1238    .constdata          rtx_conf_cm.o
    0x08016b72   0x00000002   PAD
    0x08016b74   0x00000004   Data   RO         1239    .constdata          rtx_conf_cm.o
    0x08016b78   0x00000004   Data   RO         1240    .constdata          rtx_conf_cm.o
    0x08016b7c   0x00000001   Data   RO         1241    .constdata          rtx_conf_cm.o
    0x08016b7d   0x00000003   PAD
    0x08016b80   0x00000008   Data   RO         1242    .constdata          rtx_conf_cm.o
    0x08016b88   0x00000002   Data   RO         1243    .constdata          rtx_conf_cm.o
    0x08016b8a   0x0000000c   Data   RO         1384    .constdata          mbm_io.o
    0x08016b96   0x00000200   Data   RO         1411    .constdata          mbm_rtu.o
    0x08016d96   0x00000002   PAD
    0x08016d98   0x0000000c   Data   RO         1485    .constdata          mbm_port.o
    0x08016da4   0x0000002c   Data   RO         2091    .constdata          sensorread.o
    0x08016dd0   0x00000080   Data   RO         2225    .constdata          sample.o
    0x08016e50   0x00000070   Data   RO         2322    .constdata          pump.o
    0x08016ec0   0x00000200   Data   RO         2615    .constdata          sd_usbport.o
    0x080170c0   0x00000050   Data   RO         2779    .constdata          edit.o
    0x08017110   0x00000010   Data   RO         2877    .constdata          menu.o
    0x08017120   0x00000018   Data   RO         2878    .constdata          menu.o
    0x08017138   0x00000018   Data   RO         2879    .constdata          menu.o
    0x08017150   0x00000018   Data   RO         2880    .constdata          menu.o
    0x08017168   0x00000020   Data   RO         2881    .constdata          menu.o
    0x08017188   0x00000020   Data   RO         2882    .constdata          menu.o
    0x080171a8   0x00000018   Data   RO         2883    .constdata          menu.o
    0x080171c0   0x00000040   Data   RO         2962    .constdata          start.o
    0x08017200   0x00000060   Data   RO         3040    .constdata          edition.o
    0x08017260   0x00000040   Data   RO         3107    .constdata          monitor.o
    0x080172a0   0x00000060   Data   RO         3222    .constdata          query.o
    0x08017300   0x00000140   Data   RO         3299    .constdata          sampleset.o
    0x08017440   0x00000388   Data   RO         3376    .constdata          calibrate.o
    0x080177c8   0x00000290   Data   RO         3528    .constdata          configure.o
    0x08017a58   0x000000e0   Data   RO         3618    .constdata          configureex.o
    0x08017b38   0x00000028   Data   RO         4901    .constdata          c_w.l(_printf_hex_int.o)
    0x08017b60   0x00000011   Data   RO         4931    .constdata          c_w.l(__printf_flags_wp.o)
    0x08017b71   0x0000000c   Data   RO         5063    .constdata          c_w.l(_monlen.o)
    0x08017b7d   0x00000003   PAD
    0x08017b80   0x00000094   Data   RO         5156    .constdata          c_w.l(bigflt0.o)
    0x08017c14   0x00000042   Data   RO         2226    .conststring        sample.o
    0x08017c56   0x00000005   Data   RO         2884    .conststring        menu.o
    0x08017c5b   0x00000005   Data   RO         2885    .conststring        menu.o
    0x08017c60   0x0000000a   Data   RO         2886    .conststring        menu.o
    0x08017c6a   0x00000005   Data   RO         2887    .conststring        menu.o
    0x08017c6f   0x0000000a   Data   RO         2889    .conststring        menu.o
    0x08017c79   0x00000011   Data   RO         2963    .conststring        start.o
    0x08017c8a   0x000000ff   Data   RO         3041    .conststring        edition.o
    0x08017d89   0x00000035   Data   RO         3108    .conststring        monitor.o
    0x08017dbe   0x00000017   Data   RO         3223    .conststring        query.o
    0x08017dd5   0x0000007b   Data   RO         3300    .conststring        sampleset.o
    0x08017e50   0x00000119   Data   RO         3377    .conststring        calibrate.o
    0x08017f69   0x00000166   Data   RO         3529    .conststring        configure.o
    0x080180cf   0x000000cb   Data   RO         3619    .conststring        configureex.o
    0x0801819a   0x00000002   PAD
    0x0801819c   0x00000020   Data   RO         5268    Region$$Table       anon$$obj.o
    0x080181bc   0x0000001c   Data   RO         5180    locale$$data        c_w.l(lc_numeric_c.o)


    Execution Region RW_IRAM1 (Base: 0x20000000, Size: 0x00004fb8, Max: 0x0000c000, ABSOLUTE)

    Base Addr    Size         Type   Attr      Idx    E Section Name        Object

    0x20000000   0x00000001   Data   RW           24    .data               stm32rtc.o
    0x20000001   0x00000003   PAD
    0x20000004   0x00000004   Data   RW          241    .data               bios.o
    0x20000008   0x00000010   Data   RW          605    .data               keyboard.o
    0x20000018   0x00000008   Data   RW          606    .data               keyboard.o
    0x20000020   0x00000008   Data   RW          607    .data               keyboard.o
    0x20000028   0x00000008   Data   RW          809    .data               display.o
    0x20000030   0x00000008   Data   RW          872    .data               printer.o
    0x20000038   0x00000001   Data   RW         1127    .data               spi3init.o
    0x20000039   0x00000003   PAD
    0x2000003c   0x00000004   Data   RW         1245    .data               rtx_conf_cm.o
    0x20000040   0x00000010   Data   RW         1246    .data               rtx_conf_cm.o
    0x20000050   0x00000004   Data   RW         1247    .data               rtx_conf_cm.o
    0x20000054   0x00000004   Data   RW         1248    .data               rtx_conf_cm.o
    0x20000058   0x00000001   Data   RW         1385    .data               mbm_io.o
    0x20000059   0x00000003   PAD
    0x2000005c   0x0000000c   Data   RW         1412    .data               mbm_rtu.o
    0x20000068   0x00000008   Data   RW         1486    .data               mbm_port.o
    0x20000070   0x00000008   Data   RW         1487    .data               mbm_port.o
    0x20000078   0x00000010   Data   RW         1488    .data               mbm_port.o
    0x20000088   0x00000006   Data   RW         1913    .data               dataaccess.o
    0x2000008e   0x00000002   PAD
    0x20000090   0x0000000c   Data   RW         2093    .data               sensorread.o
    0x2000009c   0x00000002   Data   RW         2227    .data               sample.o
    0x2000009e   0x00000006   Data   RW         2323    .data               pump.o
    0x200000a4   0x00000001   Data   RW         2391    .data               file_sys.o
    0x200000a5   0x00000001   PAD
    0x200000a6   0x00000014   Data   RW         2616    .data               sd_usbport.o
    0x200000ba   0x00000002   PAD
    0x200000bc   0x00000008   Data   RW         2964    .data               start.o
    0x200000c4   0x00000024   Data   RW         3109    .data               monitor.o
    0x200000e8   0x00000006   Data   RW         3378    .data               calibrate.o
    0x200000ee   0x0000000e   Data   RW         3620    .data               configureex.o
    0x200000fc   0x00000008   Data   RW         3806    .data               RTX_CM3.lib(rt_cmsis.o)
    0x20000104   0x00000008   Data   RW         4306    .data               RTX_CM3.lib(rt_task.o)
    0x2000010c   0x00000008   Data   RW         4421    .data               RTX_CM3.lib(rt_system.o)
    0x20000114   0x00000004   Data   RW         4711    .data               RTX_CM3.lib(rt_time.o)
    0x20000118   0x00000008   Data   RW         4742    .data               RTX_CM3.lib(rt_robin.o)
    0x20000120   0x00000001   Data   RW         4821    .data               RTX_CM3.lib(hal_cm.o)
    0x20000121   0x00000003   PAD
    0x20000124   0x0000000a   Zero   RW           23    .bss                stm32rtc.o
    0x2000012e   0x000000a0   Zero   RW          139    .bss                stm32adc.o
    0x200001ce   0x00000002   PAD
    0x200001d0   0x00000010   Zero   RW         1221    .bss                rtx_conf_cm.o
    0x200001e0   0x000003cc   Zero   RW         1222    .bss                rtx_conf_cm.o
    0x200005ac   0x00000004   PAD
    0x200005b0   0x00001c30   Zero   RW         1223    .bss                rtx_conf_cm.o
    0x200021e0   0x00001828   Zero   RW         1224    .bss                rtx_conf_cm.o
    0x20003a08   0x00000084   Zero   RW         1225    .bss                rtx_conf_cm.o
    0x20003a8c   0x00000050   Zero   RW         1226    .bss                rtx_conf_cm.o
    0x20003adc   0x00000010   Zero   RW         1227    .bss                rtx_conf_cm.o
    0x20003aec   0x000007e0   Zero   RW         1228    .bss                rtx_conf_cm.o
    0x200042cc   0x00000100   Zero   RW         1483    .bss                mbm_port.o
    0x200043cc   0x0000000c   Zero   RW         1484    .bss                mbm_port.o
    0x200043d8   0x00000064   Zero   RW         1912    .bss                dataaccess.o
    0x2000443c   0x0000009e   Zero   RW         2090    .bss                sensorread.o
    0x200044da   0x00000002   PAD
    0x200044dc   0x00000084   Zero   RW         2224    .bss                sample.o
    0x20004560   0x00000018   Zero   RW         2321    .bss                pump.o
    0x20004578   0x00000190   Zero   RW         2614    .bss                sd_usbport.o
    0x20004708   0x0000000c   Zero   RW         2960    .bss                start.o
    0x20004714   0x0000000c   Zero   RW         2961    .bss                start.o
    0x20004720   0x000000c0   Zero   RW         3106    .bss                monitor.o
    0x200047e0   0x00000060   Zero   RW         3298    .bss                sampleset.o
    0x20004840   0x00000072   Zero   RW         3375    .bss                calibrate.o
    0x200048b2   0x00000002   PAD
    0x200048b4   0x00000044   Zero   RW         3527    .bss                configure.o
    0x200048f8   0x00000030   Zero   RW         4305    .bss                RTX_CM3.lib(rt_task.o)
    0x20004928   0x00000030   Zero   RW         4551    .bss                RTX_CM3.lib(rt_list.o)
    0x20004958   0x00000060   Zero   RW         4879    .bss                c_w.l(libspace.o)
    0x200049b8   0x00000200   Zero   RW            2    HEAP                startup_stm32f10x_md.o
    0x20004bb8   0x00000400   Zero   RW            1    STACK               startup_stm32f10x_md.o


==============================================================================

Image component sizes


      Code (inc. data)   RO Data    RW Data    ZI Data      Debug   Object Name

      2214        340          0          4          0      41700   bios.o
        76          8          0          0          0       2140   bkpdata.o
      7530        726       1185          6        114      21199   calibrate.o
       104         12      12382          0          0       1682   cgrom.o
      3704        546       1014          0         68      13656   configure.o
      2012        290        427         14          0       5343   configureex.o
       138          0          0          0          0       1288   cps120.o
      1548        368          0          6        100      23803   dataaccess.o
       194         36          0          8          0       4182   display.o
      2274        222         80          0          0       9583   edit.o
       740        116        351          0          0       4426   edition.o
       194          0          0          0          0       1504   ee24.o
      1432         10          0          1          0      16101   file_sys.o
       798        156          0          0          0      12617   formulary.o
        14          0          0          0          0      11858   hal_base.o
       416         40         24         32          0      10774   keyboard.o
       372         76          0          0          0       4488   mbm_bios.o
      1158         30          0          0          0       7328   mbm_function.o
       236         22         12          1          0       2057   mbm_io.o
       426         64         12         32        268       9819   mbm_port.o
       330         52        512         12          0       4518   mbm_rtu.o
      1592         76        211          0          0       6757   menu.o
      4368        888        117         36        192      15269   monitor.o
       584          0          0          0          0       3499   oled9704.o
       470         24          0          8          0       4036   printer.o
       616         72        112          6         24       3461   pump.o
     10328       3314        119          0          0      11112   query.o
       136         28         48         28      16632       8774   rtx_conf_cm.o
      4240        120        194          2        132      13883   sample.o
      1980        110        443          0         96       8793   sampleset.o
      1994        478        512         20        400       8591   sd_usbport.o
       804        176          0          0          0       6383   sensor.o
      4088        744         44         12        158      15855   sensorread.o
       406         82          0          1          0      27703   spi3init.o
       176          0          0          0          0       3738   spi_hw.o
       418         50         81          8         24       5452   start.o
        64         26        236          0       1536        788   startup_stm32f10x_md.o
       308         42          0          0        160       2292   stm32adc.o
       544         74          0          1         10     235938   stm32rtc.o
       792          0          0          0          0       4270   tm12864.o
      5488       2080          0          0          0       5282   usbcopy.o

    ----------------------------------------------------------------------
     65350      11498      18160        252      19924     601942   Object Totals
         0          0         32          0          0          0   (incl. Generated)
        44          0         12         14         10          0   (incl. Padding)

    ----------------------------------------------------------------------

      Code (inc. data)   RO Data    RW Data    ZI Data      Debug   Library Member Name

         4          4          0          0          0        148   SVC_Table.o
       190         24          0          1          0       2572   hal_cm.o
       304         36          0          0          0        708   hal_cm3.o
      1528        204          0          8          0      33347   rt_cmsis.o
        80          4          0          0          0        517   rt_event.o
       526         36          0          0         48       6777   rt_list.o
       290          6          0          0          0       1909   rt_mailbox.o
       128          0          0          0          0       1529   rt_membox.o
       126          0          0          0          0       1847   rt_memory.o
       276         14          0          0          0       1581   rt_mutex.o
        96         22          0          8          0        990   rt_robin.o
       182          8          0          0          0       2318   rt_semaphore.o
       326         64          0          8          0       6235   rt_system.o
      1000        170          0          8         48       7869   rt_task.o
         6          0          0          4          0        524   rt_time.o
         8          0          0          0          0         68   __main.o
       316          6         17          0          0         92   __printf_flags_wp.o
        14          0          0          0          0         68   __printf_wp.o
        52          8          0          0          0          0   __scatter.o
        26          0          0          0          0          0   __scatter_copy.o
        28          0          0          0          0          0   __scatter_zi.o
         0          0         12          0          0          0   _monlen.o
         6          0          0          0          0          0   _printf_c.o
        44          0          0          0          0        108   _printf_char.o
        48          6          0          0          0         96   _printf_char_common.o
         6          0          0          0          0          0   _printf_d.o
       120         18          0          0          0         92   _printf_dec.o
         6          0          0          0          0          0   _printf_f.o
      1056          0          0          0          0        212   _printf_fp_dec.o
       128         16          0          0          0         84   _printf_fp_infnan.o
        92          4         40          0          0         88   _printf_hex_int.o
       184          0          0          0          0         88   _printf_intcommon.o
        82          0          0          0          0        108   _printf_pad.o
         0          0          0          0          0          0   _printf_percent.o
         4          0          0          0          0          0   _printf_percent_end.o
         6          0          0          0          0          0   _printf_s.o
        82          0          0          0          0         80   _printf_str.o
         6          0          0          0          0          0   _printf_u.o
         6          0          0          0          0          0   _printf_x.o
        22          0          0          0          0        100   _rserrno.o
        10          0          0          0          0         68   _sputc.o
       228          6        148          0          0         96   bigflt0.o
      1910        128          0          0          0        672   btod.o
        12          0          0          0          0         72   exit.o
         6          0          0          0          0        152   heapauxi.o
         0          0          0          0          0          0   indicate_semi.o
        44         10         28          0          0         76   lc_numeric_c.o
         2          0          0          0          0          0   libinit.o
        18          0          0          0          0          0   libinit2.o
         2          0          0          0          0          0   libshutdown.o
         2          0          0          0          0          0   libshutdown2.o
         8          4          0          0         96         68   libspace.o
       138          0          0          0          0         80   lludiv10.o
       164          6          0          0          0         80   localtime_internal.o
       420          8          0          0          0        124   mktime.o
        40          6          0          0          0         84   noretval__2sprintf.o
         4          0          0          0          0         68   rt_errno_addr_twolibspace.o
        10          0          0          0          0         76   rt_locale_twolibspace.o
        68          0          0          0          0         68   rt_memclr.o
        78          0          0          0          0         80   rt_memclr_w.o
       138          0          0          0          0         68   rt_memcpy_v6.o
       100          0          0          0          0         80   rt_memcpy_w.o
         2          0          0          0          0          0   rtexit.o
        10          0          0          0          0          0   rtexit2.o
        24          0          0          0          0         68   strcat.o
       128          0          0          0          0         68   strcmpv7m.o
        72          0          0          0          0         80   strcpy.o
        62          0          0          0          0         76   strlen.o
       150          0          0          0          0         80   strncmp.o
        12          4          0          0          0         68   sys_exit.o
        74          0          0          0          0         80   sys_stackheap_outer.o
         2          0          0          0          0         68   use_no_semi.o
        98          4          0          0          0         92   d2f.o
       688        140          0          0          0        212   ddiv.o
        38          0          0          0          0         68   dflt_clz.o
       340         12          0          0          0        104   dmul.o
       156          4          0          0          0         92   dnaninf.o
        12          0          0          0          0         68   dretinf.o
        86          4          0          0          0         84   f2d.o
       450          8          0          0          0        236   faddsub_clz.o
        12          4          0          0          0         68   fcheck1.o
        24          0          0          0          0         68   fcmpi.o
       388         76          0          0          0         96   fdiv.o
        62          4          0          0          0         84   ffixu.o
        86          0          0          0          0        136   fflt_clz.o
       104          4          0          0          0         84   fleqf.o
       258          4          0          0          0         84   fmul.o
       140          4          0          0          0         84   fnaninf.o
        10          0          0          0          0         68   fretinf.o
        98          0          0          0          0         68   frleqf.o
       272        100          0          0          0         88   fsqrt.o
         4          0          0          0          0         68   printf1.o
       100          0          0          0          0         68   retnan.o
        76          0          0          0          0         68   scalbnf.o
        48          0          0          0          0         68   trapv.o
         0          0          0          0          0          0   usenofp.o
        40          0          0          0          0         68   fpclassify.o
        44          0          0          0          0         80   sqrtf.o

    ----------------------------------------------------------------------
     15018       1190        248         40        192      75059   Library Totals
        42          0          3          3          0          0   (incl. Padding)

    ----------------------------------------------------------------------

      Code (inc. data)   RO Data    RW Data    ZI Data      Debug   Library Name

      5062        592          0         37         96      68871   RTX_CM3.lib
      6280        230        245          0         96       3884   c_w.l
      3550        368          0          0          0       2156   fz_ws.l
        84          0          0          0          0        148   m_ws.l

    ----------------------------------------------------------------------
     15018       1190        248         40        192      75059   Library Totals

    ----------------------------------------------------------------------

==============================================================================


      Code (inc. data)   RO Data    RW Data    ZI Data      Debug   

     80368      12688      18408        292      20116     645541   Grand Totals
     80368      12688      18408        292      20116     645541   ELF Image Totals
     80368      12688      18408        292          0          0   ROM Totals

==============================================================================

    Total RO  Size (Code + RO Data)                98776 (  96.46kB)
    Total RW  Size (RW Data + ZI Data)             20408 (  19.93kB)
    Total ROM Size (Code + RO Data + RW Data)      99068 (  96.75kB)

==============================================================================

