ARM Linker, 5.03 [Build 24] [MDK-ARM Standard]

==============================================================================

Section Cross References

    startup_stm32f10x_md.o(STACK) refers (Special) to heapauxi.o(.text) for __use_two_region_memory
    startup_stm32f10x_md.o(HEAP) refers (Special) to heapauxi.o(.text) for __use_two_region_memory
    startup_stm32f10x_md.o(RESET) refers (Special) to heapauxi.o(.text) for __use_two_region_memory
    startup_stm32f10x_md.o(RESET) refers to startup_stm32f10x_md.o(STACK) for __initial_sp
    startup_stm32f10x_md.o(RESET) refers to startup_stm32f10x_md.o(.text) for Reset_Handler
    startup_stm32f10x_md.o(RESET) refers to hal_cm3.o(.emb_text) for SVC_Handler
    startup_stm32f10x_md.o(RESET) refers to stm32rtc.o(i.RTC_IRQHandler) for RTC_IRQHandler
    startup_stm32f10x_md.o(RESET) refers to keyboard.o(i.EXTI0_IRQHandler) for EXTI0_IRQHandler
    startup_stm32f10x_md.o(RESET) refers to keyboard.o(i.EXTI1_IRQHandler) for EXTI1_IRQHandler
    startup_stm32f10x_md.o(RESET) refers to keyboard.o(i.EXTI2_IRQHandler) for EXTI2_IRQHandler
    startup_stm32f10x_md.o(RESET) refers to keyboard.o(i.EXTI3_IRQHandler) for EXTI3_IRQHandler
    startup_stm32f10x_md.o(RESET) refers to keyboard.o(i.EXTI4_IRQHandler) for EXTI4_IRQHandler
    startup_stm32f10x_md.o(RESET) refers to keyboard.o(i.EXTI9_5_IRQHandler) for EXTI9_5_IRQHandler
    startup_stm32f10x_md.o(RESET) refers to mbm_port.o(i.TIM4_IRQHandler) for TIM4_IRQHandler
    startup_stm32f10x_md.o(RESET) refers to mbm_port.o(i.USART3_IRQHandler) for USART3_IRQHandler
    startup_stm32f10x_md.o(RESET) refers to spi1init.o(i.EXTI15_10_IRQHandler) for EXTI15_10_IRQHandler
    startup_stm32f10x_md.o(.text) refers (Special) to heapauxi.o(.text) for __use_two_region_memory
    startup_stm32f10x_md.o(.text) refers to bios.o(i.SystemInit) for SystemInit
    startup_stm32f10x_md.o(.text) refers to __main.o(!!!main) for __main
    startup_stm32f10x_md.o(.text) refers to startup_stm32f10x_md.o(HEAP) for Heap_Mem
    startup_stm32f10x_md.o(.text) refers to startup_stm32f10x_md.o(STACK) for Stack_Mem
    stm32rtc.o(i.CalcMCLK) refers to stm32rtc.o(.data) for .data
    stm32rtc.o(i.CalcMCLK) refers to stm32rtc.o(.bss) for .bss
    stm32rtc.o(i.RTC_IRQHandler) refers to stm32rtc.o(.bss) for .bss
    stm32rtc.o(i.RTC_IRQHandler) refers to stm32rtc.o(.data) for .data
    stm32rtc.o(i.RTC_Init) refers to stm32rtc.o(i.STM32_RTC_Init) for STM32_RTC_Init
    stm32adc.o(i.ADC12_Init) refers to stm32adc.o(i.STM32_ADC_Init) for STM32_ADC_Init
    stm32adc.o(i.ADC12_Readout) refers to stm32adc.o(.bss) for .bss
    stm32adc.o(i.STM32_ADC_Init) refers to stm32adc.o(.bss) for .bss
    bios.o(i.BIOS_Init) refers to bios.o(i.NVIC_EnableIRQ) for NVIC_EnableIRQ
    bios.o(i.BIOS_Init) refers to bios.o(i.TIM2_Init) for TIM2_Init
    bios.o(i.NVIC_IRQ_Cmd) refers to bios.o(i.NVIC_EnableIRQ) for NVIC_EnableIRQ
    bios.o(i.NVIC_IRQ_Cmd) refers to bios.o(i.NVIC_DisableIRQ) for NVIC_DisableIRQ
    bios.o(i.OLED9704_PortInit) refers to bios.o(i.delay_us) for delay_us
    bios.o(i.OLED9704_ReadData) refers to bios.o(i.delay_us) for delay_us
    bios.o(i.OLED9704_ReadData) refers to bios.o(i.P8P_PortRead) for P8P_PortRead
    bios.o(i.OLED9704_ReadState) refers to bios.o(i.delay_us) for delay_us
    bios.o(i.OLED9704_ReadState) refers to bios.o(i.P8P_PortRead) for P8P_PortRead
    bios.o(i.OLED9704_WriteData) refers to bios.o(i.P8P_PortWrite) for P8P_PortWrite
    bios.o(i.OLED9704_WriteData) refers to bios.o(i.delay_us) for delay_us
    bios.o(i.OLED9704_WriteReg) refers to bios.o(i.P8P_PortWrite) for P8P_PortWrite
    bios.o(i.OLED9704_WriteReg) refers to bios.o(i.delay_us) for delay_us
    bios.o(i.OW_0_Init) refers to bios.o(i.delay_us) for delay_us
    bios.o(i.OW_0_Reset) refers to bios.o(i._OW_0_Reset) for _OW_0_Reset
    bios.o(i.OW_0_Slot) refers to bios.o(i._OW_0_Slot) for _OW_0_Slot
    bios.o(i.OW_1_Init) refers to bios.o(i.delay_us) for delay_us
    bios.o(i.OW_1_Reset) refers to bios.o(i._OW_1_Reset) for _OW_1_Reset
    bios.o(i.OW_1_Slot) refers to bios.o(i._OW_1_Slot) for _OW_1_Slot
    bios.o(i.PWM1_SetOutput) refers to bios.o(i._TIM3_PWM_Regular) for _TIM3_PWM_Regular
    bios.o(i.PWM2_SetOutput) refers to bios.o(i._TIM3_PWM_Regular) for _TIM3_PWM_Regular
    bios.o(i.PWM3_SetOutput) refers to bios.o(i._TIM3_PWM_Regular) for _TIM3_PWM_Regular
    bios.o(i.PWM4_SetOutput) refers to bios.o(i._TIM3_PWM_Regular) for _TIM3_PWM_Regular
    bios.o(i.SystemInit) refers to bios.o(i.RCC_DeInit) for RCC_DeInit
    bios.o(i.TM12864_PortInit) refers to bios.o(i.delay_us) for delay_us
    bios.o(i.TM12864_ReadData) refers to bios.o(i.TM12864_isReady) for TM12864_isReady
    bios.o(i.TM12864_ReadData) refers to bios.o(i.delay_us) for delay_us
    bios.o(i.TM12864_ReadData) refers to bios.o(i.P8P_PortRead) for P8P_PortRead
    bios.o(i.TM12864_ReadState) refers to bios.o(i.delay_us) for delay_us
[...]
    Pump                                     0x08017dc4   Data          28  configureex.o(.constdata)
    Type                                     0x08017de0   Data          36  configureex.o(.constdata)
    _monlen                                  0x08017ecd   Data          12  _monlen.o(.constdata)
    Region$$Table$$Base                      0x080184f8   Number         0  anon$$obj.o(Region$$Table)
    Region$$Table$$Limit                     0x08018518   Number         0  anon$$obj.o(Region$$Table)
    MCLK_Index                               0x20000000   Data           1  stm32rtc.o(.data)
    SystemCoreClock                          0x20000004   Data           4  bios.o(.data)
    TimeoutLight                             0x2000000c   Data           4  keyboard.o(.data)
    semiKeyHited                             0x20000010   Data           4  keyboard.o(.data)
    semiKeyChanged                           0x20000014   Data           4  keyboard.o(.data)
    os_semaphore_cb_KeyChanged               0x20000018   Data           8  keyboard.o(.data)
    os_semaphore_cb_KeyHited                 0x20000020   Data           8  keyboard.o(.data)
    LCDSetGrayVolt                           0x2000002c   Data           4  display.o(.data)
    CH376_Flag                               0x20000038   Data           1  spi1init.o(.data)
    m_tmr                                    0x2000003c   Data           4  rtx_conf_cm.o(.data)
    os_thread_def_main                       0x20000040   Data          16  rtx_conf_cm.o(.data)
    osThreadId_osTimerThread                 0x20000050   Data           4  rtx_conf_cm.o(.data)
    osMessageQId_osTimerMessageQ             0x20000054   Data           4  rtx_conf_cm.o(.data)
    lastError                                0x20000078   Data           1  mbm_port.o(.data)
    mutexBus_MBM                             0x20000084   Data           4  mbm_port.o(.data)
    PowerLogIndex                            0x20000088   Data           2  dataaccess.o(.data)
    eDataValidMask                           0x2000008c   Data           4  dataaccess.o(.data)
    powertime                                0x20000090   Data           4  dataaccess.o(.data)
    sx                                       0x2000011e   Data           1  file_sys.o(.data)
    i                                        0x20000120   Data           1  sd_usbport.o(.data)
    s                                        0x20000121   Data           1  sd_usbport.o(.data)
    xy                                       0x20000122   Data           2  sd_usbport.o(.data)
    sdinit                                   0x20000124   Data          16  sd_usbport.o(.data)
    SamplerSelect                            0x2000013d   Data           1  monitor.o(.data)
    CalibrateLocal                           0x20000164   Data           6  calibrate.o(.data)
    PumpC                                    0x2000016a   Data           7  configureex.o(.data)
    TypeC                                    0x20000171   Data           7  configureex.o(.data)
    os_initialized                           0x20000178   Data           1  rt_cmsis.o(.data)
    os_running                               0x20000179   Data           1  rt_cmsis.o(.data)
    os_timer_head                            0x2000017c   Data           4  rt_cmsis.o(.data)
    os_tsk                                   0x20000180   Data           8  rt_task.o(.data)
    os_tick_irqn                             0x2000018c   Data           4  rt_system.o(.data)
    os_time                                  0x20000190   Data           4  rt_time.o(.data)
    os_robin                                 0x20000194   Data           8  rt_robin.o(.data)
    dbg_msg                                  0x2000019c   Data           1  hal_cm.o(.data)
    MCLK_List                                0x200001a0   Data          10  stm32rtc.o(.bss)
    ADCResultBuf                             0x200001aa   Data         160  stm32adc.o(.bss)
    os_thread_def_osTimerThread              0x2000024c   Data          16  rtx_conf_cm.o(.bss)
    mp_tcb                                   0x2000025c   Data         972  rtx_conf_cm.o(.bss)
    mp_stk                                   0x20000628   Data        7216  rtx_conf_cm.o(.bss)
    os_stack_mem                             0x20002258   Data        6184  rtx_conf_cm.o(.bss)
    os_fifo                                  0x20003a80   Data         132  rtx_conf_cm.o(.bss)
    os_active_TCB                            0x20003b04   Data          80  rtx_conf_cm.o(.bss)
    os_messageQ_q_osTimerMessageQ            0x20003b54   Data          16  rtx_conf_cm.o(.bss)
    ucSerialPDU                              0x20004344   Data         256  mbm_port.o(.bss)
    os_mutex_cb_mutex_MBus                   0x20004444   Data          12  mbm_port.o(.bss)
    ss                                       0x20004450   Data         100  dataaccess.o(.bss)
    SensorLocal                              0x20004504   Data          14  sensorread.o(.bss)
    SensorRemote                             0x20004512   Data          64  sensorread.o(.bss)
    Q_Pump                                   0x20004554   Data          96  sample.o(.bss)
    Q_Sampler                                0x200045b4   Data          24  sample.o(.bss)
    buf                                      0x200045f0   Data         100  sd_usbport.o(.bss)
    USBbuf                                   0x20004654   Data         100  sd_usbport.o(.bss)
    bufread                                  0x200046b8   Data         100  sd_usbport.o(.bss)
    TarName                                  0x2000471c   Data         100  sd_usbport.o(.bss)
    SampleSet                                0x200047f8   Data          96  sampleset.o(.bss)
    CalibrateRemote                          0x20004858   Data         114  calibrate.o(.bss)
    Configure                                0x200048cc   Data          68  configure.o(.bss)
    os_idle_TCB                              0x20004910   Data          48  rt_task.o(.bss)
    os_rdy                                   0x20004940   Data          24  rt_list.o(.bss)
    os_dly                                   0x20004958   Data          24  rt_list.o(.bss)
    __libspace_start                         0x20004970   Data          96  libspace.o(.bss)
    __temporary_stack_top$libspace           0x200049d0   Data           0  libspace.o(.bss)



==============================================================================

Memory Map of the image

  Image Entry point : 0x080000ed

  Load Region LR_IROM1 (Base: 0x08000000, Size: 0x000186d4, Max: 0x00040000, ABSOLUTE, COMPRESSED[0x000185a4])

    Execution Region ER_IROM1 (Base: 0x08000000, Size: 0x00018534, Max: 0x00040000, ABSOLUTE)

    Base Addr    Size         Type   Attr      Idx    E Section Name        Object

    0x08000000   0x000000ec   Data   RO            3    RESET               startup_stm32f10x_md.o
    0x080000ec   0x00000008   Code   RO         5039  * !!!main             c_w.l(__main.o)
    0x080000f4   0x00000034   Code   RO         5339    !!!scatter          c_w.l(__scatter.o)
    0x08000128   0x0000005a   Code   RO         5337    !!dczerorl2         c_w.l(__dczerorl2.o)
    0x08000182   0x00000002   PAD
    0x08000184   0x0000001c   Code   RO         5341    !!handler_zi        c_w.l(__scatter_zi.o)
    0x080001a0   0x00000000   Code   RO         5011    .ARM.Collect$$_printf_percent$$00000000  c_w.l(_printf_percent.o)
    0x080001a0   0x00000006   Code   RO         5010    .ARM.Collect$$_printf_percent$$00000003  c_w.l(_printf_f.o)
    0x080001a6   0x00000006   Code   RO         5008    .ARM.Collect$$_printf_percent$$00000009  c_w.l(_printf_d.o)
    0x080001ac   0x00000006   Code   RO         5009    .ARM.Collect$$_printf_percent$$0000000A  c_w.l(_printf_u.o)
    0x080001b2   0x00000006   Code   RO         5007    .ARM.Collect$$_printf_percent$$0000000C  c_w.l(_printf_x.o)
    0x080001b8   0x00000006   Code   RO         5005    .ARM.Collect$$_printf_percent$$00000013  c_w.l(_printf_c.o)
    0x080001be   0x00000006   Code   RO         5006    .ARM.Collect$$_printf_percent$$00000014  c_w.l(_printf_s.o)
    0x080001c4   0x00000004   Code   RO         5129    .ARM.Collect$$_printf_percent$$00000017  c_w.l(_printf_percent_end.o)
    0x080001c8   0x00000002   Code   RO         5038    .ARM.Collect$$libinit$$00000000  c_w.l(libinit.o)
    0x080001ca   0x00000000   Code   RO         5132    .ARM.Collect$$libinit$$00000002  c_w.l(libinit2.o)
    0x080001ca   0x00000000   Code   RO         5135    .ARM.Collect$$libinit$$00000008  c_w.l(libinit2.o)
    0x080001ca   0x00000000   Code   RO         5137    .ARM.Collect$$libinit$$0000000A  c_w.l(libinit2.o)
    0x080001ca   0x00000000   Code   RO         5139    .ARM.Collect$$libinit$$0000000C  c_w.l(libinit2.o)
    0x080001ca   0x00000006   Code   RO         5140    .ARM.Collect$$libinit$$0000000D  c_w.l(libinit2.o)
    0x080001d0   0x00000000   Code   RO         5142    .ARM.Collect$$libinit$$0000000F  c_w.l(libinit2.o)
    0x080001d0   0x00000000   Code   RO         5144    .ARM.Collect$$libinit$$00000011  c_w.l(libinit2.o)
    0x080001d0   0x00000000   Code   RO         5146    .ARM.Collect$$libinit$$00000013  c_w.l(libinit2.o)
    0x080001d0   0x0000000a   Code   RO         5147    .ARM.Collect$$libinit$$00000014  c_w.l(libinit2.o)
    0x080001da   0x00000000   Code   RO         5148    .ARM.Collect$$libinit$$00000015  c_w.l(libinit2.o)
    0x080001da   0x00000000   Code   RO         5150    .ARM.Collect$$libinit$$00000017  c_w.l(libinit2.o)
    0x080001da   0x00000000   Code   RO         5152    .ARM.Collect$$libinit$$00000019  c_w.l(libinit2.o)
    0x080001da   0x00000000   Code   RO         5154    .ARM.Collect$$libinit$$0000001B  c_w.l(libinit2.o)
    0x080001da   0x00000000   Code   RO         5156    .ARM.Collect$$libinit$$0000001D  c_w.l(libinit2.o)
    0x080001da   0x00000000   Code   RO         5158    .ARM.Collect$$libinit$$0000001F  c_w.l(libinit2.o)
    0x080001da   0x00000000   Code   RO         5160    .ARM.Collect$$libinit$$00000021  c_w.l(libinit2.o)
    0x080001da   0x00000000   Code   RO         5162    .ARM.Collect$$libinit$$00000023  c_w.l(libinit2.o)
    0x080001da   0x00000000   Code   RO         5166    .ARM.Collect$$libinit$$0000002A  c_w.l(libinit2.o)
    0x080001da   0x00000000   Code   RO         5168    .ARM.Collect$$libinit$$0000002C  c_w.l(libinit2.o)
    0x080001da   0x00000000   Code   RO         5170    .ARM.Collect$$libinit$$0000002E  c_w.l(libinit2.o)
    0x080001da   0x00000000   Code   RO         5172    .ARM.Collect$$libinit$$00000030  c_w.l(libinit2.o)
    0x080001da   0x00000002   Code   RO         5173    .ARM.Collect$$libinit$$00000031  c_w.l(libinit2.o)
    0x080001dc   0x00000002   Code   RO         5272    .ARM.Collect$$libshutdown$$00000000  c_w.l(libshutdown.o)
    0x080001de   0x00000000   Code   RO         5292    .ARM.Collect$$libshutdown$$00000003  c_w.l(libshutdown2.o)
    0x080001de   0x00000000   Code   RO         5295    .ARM.Collect$$libshutdown$$00000006  c_w.l(libshutdown2.o)
    0x080001de   0x00000000   Code   RO         5298    .ARM.Collect$$libshutdown$$00000009  c_w.l(libshutdown2.o)
    0x080001de   0x00000000   Code   RO         5300    .ARM.Collect$$libshutdown$$0000000B  c_w.l(libshutdown2.o)
    0x080001de   0x00000000   Code   RO         5303    .ARM.Collect$$libshutdown$$0000000E  c_w.l(libshutdown2.o)
    0x080001de   0x00000002   Code   RO         5304    .ARM.Collect$$libshutdown$$0000000F  c_w.l(libshutdown2.o)
    0x080001e0   0x00000002   Code   RO         5113    .ARM.Collect$$rtexit$$00000000  c_w.l(rtexit.o)
    0x080001e2   0x00000000   Code   RO         5192    .ARM.Collect$$rtexit$$00000002  c_w.l(rtexit2.o)
    0x080001e2   0x00000004   Code   RO         5193    .ARM.Collect$$rtexit$$00000003  c_w.l(rtexit2.o)
    0x080001e6   0x00000006   Code   RO         5194    .ARM.Collect$$rtexit$$00000004  c_w.l(rtexit2.o)
    0x080001ec   0x00000024   Code   RO         1214    .emb_text           rtx_conf_cm.o
    0x08000210   0x00000130   Code   RO         4930    .emb_text           RTX_CM3.lib(hal_cm3.o)
    0x08000340   0x00000040   Code   RO            4    .text               startup_stm32f10x_md.o
    0x08000380   0x00000008   Code   RO         4945    .text               c_w.l(libspace.o)
    0x08000388   0x0000004a   Code   RO         4948    .text               c_w.l(sys_stackheap_outer.o)
    0x080003d2   0x00000002   PAD
    0x080003d4   0x00000028   Code   RO         4954    .text               c_w.l(noretval__2sprintf.o)
    0x080003fc   0x00000052   Code   RO         4958    .text               c_w.l(_printf_pad.o)
    0x0800044e   0x00000052   Code   RO         4960    .text               c_w.l(_printf_str.o)
    0x080004a0   0x00000078   Code   RO         4962    .text               c_w.l(_printf_dec.o)
    0x08000518   0x0000005c   Code   RO         4967    .text               c_w.l(_printf_hex_int.o)
    0x08000574   0x0000013c   Code   RO         4997    .text               c_w.l(__printf_flags_wp.o)
    0x080006b0   0x0000000c   Code   RO         5012    .text               c_w.l(exit.o)
    0x080006bc   0x00000048   Code   RO         5014    .text               c_w.l(strcpy.o)
    0x08000704   0x0000003e   Code   RO         5016    .text               c_w.l(strlen.o)
    0x08000742   0x00000096   Code   RO         5018    .text               c_w.l(strncmp.o)
    0x080007d8   0x00000018   Code   RO         5020    .text               c_w.l(strcat.o)
    0x080007f0   0x0000008a   Code   RO         5022    .text               c_w.l(rt_memcpy_v6.o)
    0x0800087a   0x00000064   Code   RO         5024    .text               c_w.l(rt_memcpy_w.o)
    0x080008de   0x00000044   Code   RO         5028    .text               c_w.l(rt_memclr.o)
    0x08000922   0x0000004e   Code   RO         5030    .text               c_w.l(rt_memclr_w.o)
    0x08000970   0x000001a4   Code   RO         5032    .text               c_w.l(mktime.o)
    0x08000b14   0x000000a4   Code   RO         5034    .text               c_w.l(localtime_internal.o)
    0x08000bb8   0x00000006   Code   RO         5036    .text               c_w.l(heapauxi.o)
    0x08000bbe   0x00000016   Code   RO         5117    .text               c_w.l(_rserrno.o)
    0x08000bd4   0x000000b8   Code   RO         5119    .text               c_w.l(_printf_intcommon.o)
    0x08000c8c   0x00000420   Code   RO         5121    .text               c_w.l(_printf_fp_dec.o)
    0x080010ac   0x00000030   Code   RO         5123    .text               c_w.l(_printf_char_common.o)
    0x080010dc   0x0000000a   Code   RO         5125    .text               c_w.l(_sputc.o)
    0x080010e6   0x0000002c   Code   RO         5127    .text               c_w.l(_printf_char.o)
    0x08001112   0x0000000a   Code   RO         5207    .text               c_w.l(rt_locale_twolibspace.o)
    0x0800111c   0x00000004   Code   RO         5214    .text               c_w.l(rt_errno_addr_twolibspace.o)
    0x08001120   0x0000008a   Code   RO         5216    .text               c_w.l(lludiv10.o)
    0x080011aa   0x00000002   PAD
    0x080011ac   0x00000080   Code   RO         5218    .text               c_w.l(_printf_fp_infnan.o)
    0x0800122c   0x000000e4   Code   RO         5222    .text               c_w.l(bigflt0.o)
    0x08001310   0x0000000c   Code   RO         5260    .text               c_w.l(sys_exit.o)
    0x0800131c   0x00000080   Code   RO         5264    .text               c_w.l(strcmpv7m.o)
    0x0800139c   0x00000002   Code   RO         5277    .text               c_w.l(use_no_semi.o)
    0x0800139e   0x00000000   Code   RO         5279    .text               c_w.l(indicate_semi.o)
    0x0800139e   0x0000003e   Code   RO         5225    CL$$btod_d2e        c_w.l(btod.o)
    0x080013dc   0x00000046   Code   RO         5227    CL$$btod_d2e_denorm_low  c_w.l(btod.o)
    0x08001422   0x00000060   Code   RO         5226    CL$$btod_d2e_norm_op1  c_w.l(btod.o)
    0x08001482   0x00000338   Code   RO         5235    CL$$btod_div_common  c_w.l(btod.o)
    0x080017ba   0x000000c6   Code   RO         5232    CL$$btod_e2e        c_w.l(btod.o)
    0x08001880   0x00000028   Code   RO         5229    CL$$btod_ediv       c_w.l(btod.o)
    0x080018a8   0x00000028   Code   RO         5228    CL$$btod_emul       c_w.l(btod.o)
    0x080018d0   0x00000244   Code   RO         5234    CL$$btod_mult_common  c_w.l(btod.o)
    0x08001b14   0x00000004   Code   RO         4940    SVC_TABLE           RTX_CM3.lib(SVC_Table.o)
    0x08001b18   0x00000004   Code   RO          136    i.ADC12_Init        stm32adc.o
    0x08001b1c   0x00000028   Code   RO          137    i.ADC12_Readout     stm32adc.o
    0x08001b44   0x00000030   Code   RO          174    i.AIRLightOutCmd    bios.o
    0x08001b74   0x000000ac   Code   RO          175    i.BIOS_Init         bios.o
    0x08001c20   0x00000010   Code   RO          964    i.BKP_Read          bkpdata.o
    0x08001c30   0x00000010   Code   RO          965    i.BKP_Write         bkpdata.o
    0x08001c40   0x00000018   Code   RO          800    i.Backlight_OFF     display.o
    0x08001c58   0x00000018   Code   RO          801    i.Backlight_ON      display.o
    0x08001c70   0x00000074   Code   RO         2605    i.ByteFill          sd_usbport.o
    0x08001ce4   0x00000028   Code   RO         2606    i.ByteGetSize       sd_usbport.o
    0x08001d0c   0x00000032   Code   RO         2607    i.ByteLoad          sd_usbport.o
    0x08001d3e   0x00000002   PAD
    0x08001d40   0x00000044   Code   RO         2608    i.ByteSave          sd_usbport.o
    0x08001d84   0x00000044   Code   RO         2609    i.Byte_CREAT_CON_DIR  sd_usbport.o
    0x08001dc8   0x00000058   Code   RO         2611    i.Byte_CREAT_WRITE_PATH  sd_usbport.o
    0x08001e20   0x00000060   Code   RO         2613    i.Byte_OPEN_READ_PATH  sd_usbport.o
    0x08001e80   0x00000060   Code   RO         2615    i.Byte_OPEN_WRITE_PATH  sd_usbport.o
    0x08001ee0   0x00000032   Code   RO         2369    i.CH376ByteLocate   file_sys.o
    0x08001f12   0x0000004e   Code   RO         2370    i.CH376ByteRead     file_sys.o
    0x08001f60   0x0000005c   Code   RO         2371    i.CH376ByteWrite    file_sys.o
    0x08001fbc   0x00000024   Code   RO         2372    i.CH376DirCreate    file_sys.o
    0x08001fe0   0x00000016   Code   RO         2375    i.CH376DiskConnect  file_sys.o
    0x08001ff6   0x00000006   Code   RO         2376    i.CH376DiskMount    file_sys.o
    0x08001ffc   0x0000001a   Code   RO         2378    i.CH376DiskReqSense  file_sys.o
    0x08002016   0x00000002   PAD
    0x08002018   0x000000a4   Code   RO         2379    i.CH376DiskWriteSec  file_sys.o
    0x080020bc   0x00000008   Code   RO         2381    i.CH376FileClose    file_sys.o
    0x080020c4   0x00000012   Code   RO         2382    i.CH376FileCreate   file_sys.o
    0x080020d6   0x00000032   Code   RO         2383    i.CH376FileCreatePath  file_sys.o
    0x08002108   0x00000024   Code   RO         2385    i.CH376FileOpen     file_sys.o
    0x0800212c   0x0000004c   Code   RO         2386    i.CH376FileOpenDir  file_sys.o
    0x08002178   0x00000006   Code   RO         2387    i.CH376FileOpenPath  file_sys.o
    0x0800217e   0x00000006   Code   RO         2388    i.CH376GetDiskStatus  file_sys.o
    0x08002184   0x00000006   Code   RO         2389    i.CH376GetFileSize  file_sys.o
    0x0800218a   0x00000016   Code   RO         2390    i.CH376GetIntStatus  file_sys.o
    0x080021a0   0x00000018   Code   RO         1114    i.CH376QueryInterrupt  spi1init.o
    0x080021b8   0x00000030   Code   RO         2391    i.CH376Read32bitDat  file_sys.o
    0x080021e8   0x0000002c   Code   RO         2392    i.CH376ReadBlock    file_sys.o
    0x08002214   0x00000018   Code   RO         2393    i.CH376ReadVar32    file_sys.o
    0x0800222c   0x0000001e   Code   RO         2394    i.CH376ReadVar8     file_sys.o
    0x0800224a   0x00000032   Code   RO         2395    i.CH376SecLocate    file_sys.o
    0x0800227c   0x00000076   Code   RO         2397    i.CH376SecWrite     file_sys.o
    0x080022f2   0x0000001a   Code   RO         2398    i.CH376SendCmdDatWaitInt  file_sys.o
    0x0800230c   0x00000012   Code   RO         2399    i.CH376SendCmdWaitInt  file_sys.o
    0x0800231e   0x00000002   PAD
    0x08002320   0x0000002c   Code   RO         2400    i.CH376SeparatePath  file_sys.o
    0x0800234c   0x00000096   Code   RO         2401    i.CH376SetFileName  file_sys.o
    0x080023e2   0x0000002c   Code   RO         2402    i.CH376WriteHostBlock  file_sys.o
    0x0800240e   0x0000002c   Code   RO         2404    i.CH376WriteReqBlock  file_sys.o
    0x0800243a   0x00000036   Code   RO         2405    i.CH376WriteVar32   file_sys.o
    0x08002470   0x00000006   Code   RO         1115    i.CH376_END_CMD     spi1init.o
    0x08002476   0x00000016   Code   RO         1048    i.CH376_PORT_INIT   spi_hw.o
    0x0800248c   0x0000004a   Code   RO          943    i.CPS120_Load       cps120.o
    0x080024d6   0x00000040   Code   RO          944    i.CPS120_Read       cps120.o
    0x08002516   0x00000002   PAD
    0x08002518   0x00000044   Code   RO           12    i.CalcMCLK          stm32rtc.o
    0x0800255c   0x0000006c   Code   RO         1685    i.Calc_Pbv          formulary.o
    0x080025c8   0x00000080   Code   RO         1686    i.Calc_flow         formulary.o
    0x08002648   0x0000005c   Code   RO         1687    i.Calc_fstd         formulary.o
    0x080026a4   0x00000098   Code   RO         3416    i.CalibrateFLOW_4_Point_1_Point  calibrate.o
    0x0800273c   0x00000298   Code   RO         3417    i.CalibrateFLOW_4_Point_Debug  calibrate.o
    0x080029d4   0x00000114   Code   RO         3418    i.CalibrateFlow_1_Point  calibrate.o
    0x08002ae8   0x00000384   Code   RO         3419    i.CalibrateFlow_1_Point_DEBUG  calibrate.o
    0x08002e6c   0x000000d0   Code   RO         3420    i.CalibrateFlow_4_Point  calibrate.o
    0x08002f3c   0x000000d4   Code   RO         1887    i.CalibrateLoad     dataaccess.o
    0x08003010   0x00000024   Code   RO         1888    i.CalibrateSave     dataaccess.o
    0x08003034   0x0000002c   Code   RO         2073    i.CalibrateZero_R24  sensorread.o
    0x08003060   0x0000002c   Code   RO         2074    i.CalibrateZero_SHI  sensorread.o
    0x0800308c   0x0000002c   Code   RO         2075    i.CalibrateZero_TSP  sensorread.o
    0x080030b8   0x00000218   Code   RO         3421    i.Calibrate_Pr      calibrate.o
    0x080032d0   0x000001fc   Code   RO         3422    i.Calibrate_Tr      calibrate.o
    0x080034cc   0x00000218   Code   RO         3423    i.Calibrate_pf      calibrate.o
    0x080036e4   0x0000002c   Code   RO         1889    i.ConfigureLoad     dataaccess.o
    0x08003710   0x00000024   Code   RO         3063    i.ConfigureLoadDefault  edition.o
    0x08003734   0x00000054   Code   RO         3064    i.ConfigureLoadDefault_KB6120E  edition.o
    0x08003788   0x00000040   Code   RO         3067    i.ConfigureLoad_KB6120AD  edition.o
    0x080037c8   0x00000010   Code   RO         1890    i.ConfigureSave     dataaccess.o
    0x080037d8   0x00000120   Code   RO         3578    i.Configure_Flow_KB120F  configure.o
    0x080038f8   0x000000f8   Code   RO         3579    i.Configure_Flow_KB2400  configure.o
    0x080039f0   0x00000130   Code   RO         3580    i.Configure_Flow_KB6120C  configure.o
    0x08003b20   0x00000110   Code   RO         3581    i.Configure_HCBox   configure.o
    0x08003c30   0x0000012c   Code   RO         3582    i.Configure_Heater  configure.o
    0x08003d5c   0x00000094   Code   RO         3069    i.Configure_InstrumentName  edition.o
    0x08003df0   0x0000008c   Code   RO         3070    i.Configure_InstrumentType  edition.o
    0x08003e7c   0x000000d4   Code   RO         3583    i.Configure_Pr_Protect  configure.o
    0x08003f50   0x000002a8   Code   RO         3678    i.Configure_Pump    configureex.o
    0x080041f8   0x0000007c   Code   RO         1688    i.CorrectMulitPoint  formulary.o
    0x08004274   0x00000010   Code   RO          802    i.DisplaySetGrayVolt  display.o
    0x08004284   0x0000000c   Code   RO          803    i.DisplaySetLight   display.o
    0x08004290   0x00000030   Code   RO          591    i.DisplaySetTimeout  keyboard.o
    0x080042c0   0x00000028   Code   RO          804    i.Display_Init      display.o
    0x080042e8   0x00000018   Code   RO          775    i.DotSeekDBC        cgrom.o
    0x08004300   0x00000050   Code   RO          776    i.DotSeekSBC        cgrom.o
    0x08004350   0x0000005a   Code   RO          925    i.EE24C512_Load     ee24.o
    0x080043aa   0x00000002   PAD
    0x080043ac   0x00000068   Code   RO          926    i.EE24C512_Save     ee24.o
    0x08004414   0x00000008   Code   RO          592    i.EXTI0_IRQHandler  keyboard.o
    0x0800441c   0x00000018   Code   RO         1117    i.EXTI15_10_IRQHandler  spi1init.o
    0x08004434   0x00000008   Code   RO          593    i.EXTI1_IRQHandler  keyboard.o
    0x0800443c   0x00000008   Code   RO          594    i.EXTI2_IRQHandler  keyboard.o
    0x08004444   0x00000008   Code   RO          595    i.EXTI3_IRQHandler  keyboard.o
    0x0800444c   0x00000008   Code   RO          596    i.EXTI4_IRQHandler  keyboard.o
    0x08004454   0x00000008   Code   RO          597    i.EXTI9_5_IRQHandler  keyboard.o
    0x0800445c   0x0000018c   Code   RO         2780    i.EditClockDate     edit.o
    0x080045e8   0x00000150   Code   RO         2781    i.EditClockTime     edit.o
    0x08004738   0x0000001a   Code   RO         2782    i.EditI16U          edit.o
    0x08004752   0x00000002   PAD
    0x08004754   0x000001ec   Code   RO         2783    i.EditI32U          edit.o
    0x08004940   0x00000190   Code   RO         2784    i.EditTIME          edit.o
    0x08004ad0   0x00000010   Code   RO         3071    i.EditionSelsct     edition.o
    0x08004ae0   0x00000020   Code   RO         1891    i.Eload             dataaccess.o
    0x08004b00   0x00000020   Code   RO         1892    i.Esave             dataaccess.o
    0x08004b20   0x000000d4   Code   RO         1893    i.File_Clean        dataaccess.o
    0x08004bf4   0x00000228   Code   RO         2616    i.File_Creat        sd_usbport.o
    0x08004e1c   0x00000028   Code   RO         1894    i.File_Load_AIR     dataaccess.o
    0x08004e44   0x00000028   Code   RO         1895    i.File_Load_R24     dataaccess.o
    0x08004e6c   0x00000028   Code   RO         1896    i.File_Load_SHI     dataaccess.o
    0x08004e94   0x0000002c   Code   RO         1897    i.File_Load_TSP     dataaccess.o
    0x08004ec0   0x0000003c   Code   RO         1898    i.File_Save_AIR     dataaccess.o
    0x08004efc   0x0000003c   Code   RO         1899    i.File_Save_R24     dataaccess.o
    0x08004f38   0x0000003c   Code   RO         1900    i.File_Save_SHI     dataaccess.o
    0x08004f74   0x00000040   Code   RO         1901    i.File_Save_TSP     dataaccess.o
    0x08004fb4   0x0000005c   Code   RO         2076    i.HCBox_Init        sensorread.o
    0x08005010   0x00000054   Code   RO         1118    i.INT_IRQ_Enable    spi1init.o
    0x08005064   0x00000034   Code   RO         2785    i.InputPassword     edit.o
    0x08005098   0x000002f0   Code   RO         2077    i.KB6102_CalibrateZero  sensorread.o
    0x08005388   0x00000018   Code   RO          180    i.Keyboard_IRQ_Disable  bios.o
    0x080053a0   0x0000005c   Code   RO          181    i.Keyboard_IRQ_Enable  bios.o
    0x080053fc   0x00000018   Code   RO          598    i.Keyboard_IRQ_Server  keyboard.o
    0x08005414   0x00000030   Code   RO          599    i.Keyboard_Init     keyboard.o
    0x08005444   0x00000050   Code   RO          182    i.Keyboard_PortInit  bios.o
    0x08005494   0x00000024   Code   RO          183    i.Keyboard_PortRead  bios.o
    0x080054b8   0x000000a0   Code   RO         2078    i.LCD_Volt_Adjust   sensorread.o
    0x08005558   0x00000014   Code   RO          805    i.LcmMask           display.o
    0x0800556c   0x00000014   Code   RO          806    i.Lputs             display.o
    0x08005580   0x0000002c   Code   RO          184    i.MeasureBattery_OutCmd  bios.o
    0x080055ac   0x0000001e   Code   RO         2885    i.Menu_Item_Mask    menu.o
    0x080055ca   0x00000002   PAD
    0x080055cc   0x00000038   Code   RO         2886    i.Menu_Redraw       menu.o
    0x08005604   0x00000006   Code   RO         2887    i.Menu_Select       menu.o
    0x0800560a   0x00000008   Code   RO         2888    i.Menu_Select2      menu.o
    0x08005612   0x00000008   Code   RO         2889    i.Menu_Select3      menu.o
    0x0800561a   0x00000004   Code   RO         2890    i.Menu_SelectOnly   menu.o
    0x0800561e   0x00000002   PAD
    0x08005620   0x00000214   Code   RO         2891    i.Menu_SelectOnlyEx  menu.o
    0x08005834   0x000001a0   Code   RO         2892    i.Menu_Select_Ex    menu.o
    0x080059d4   0x000001d0   Code   RO         2893    i.Menu_Select_Ex2   menu.o
    0x08005ba4   0x000001e4   Code   RO         2894    i.Menu_Select_Ex3   menu.o
    0x08005d88   0x00000170   Code   RO         3357    i.Menu_Select_Start_R24  sampleset.o
    0x08005ef8   0x000000e8   Code   RO         3148    i.ModifyLCD         monitor.o
    0x08005fe0   0x000001fc   Code   RO         2334    i.MotorPID_Task     pump.o
    0x080061dc   0x00000014   Code   RO         2335    i.MotorTask_Socket  pump.o
    0x080061f0   0x0000002c   Code   RO         2079    i.Motor_OutCmd      sensorread.o
    0x0800621c   0x00000028   Code   RO         2080    i.Motor_SetOutput   sensorread.o
    0x08006244   0x00000078   Code   RO         2895    i.MsgBox            menu.o
    0x080062bc   0x00000018   Code   RO          186    i.NVIC_EnableIRQ    bios.o
    0x080062d4   0x0000002c   Code   RO         1119    i.NVI_Init          spi1init.o
    0x08006300   0x0000000c   Code   RO          190    i.OLED9704_DisplayEnable  bios.o
    0x0800630c   0x00000012   Code   RO          688    i.OLED9704_Init     oled9704.o
    0x0800631e   0x00000002   PAD
    0x08006320   0x00000060   Code   RO          191    i.OLED9704_PortInit  bios.o
    0x08006380   0x00000040   Code   RO          192    i.OLED9704_ReadData  bios.o
    0x080063c0   0x0000001e   Code   RO          689    i.OLED9704_SetLight  oled9704.o
    0x080063de   0x00000002   PAD
    0x080063e0   0x00000030   Code   RO          194    i.OLED9704_WriteData  bios.o
    0x08006410   0x00000030   Code   RO          195    i.OLED9704_WriteReg  bios.o
    0x08006440   0x0000009a   Code   RO          690    i.OLED9704_cls      oled9704.o
    0x080064da   0x00000002   PAD
    0x080064dc   0x00000080   Code   RO          691    i.OLED9704_mask     oled9704.o
    0x0800655c   0x000000d8   Code   RO          692    i.OLED9704_puts     oled9704.o
    0x08006634   0x00000010   Code   RO          202    i.P8P_PortRead      bios.o
    0x08006644   0x00000014   Code   RO          203    i.P8P_PortWrite     bios.o
    0x08006658   0x00000010   Code   RO          204    i.PWM1_SetOutput    bios.o
    0x08006668   0x00000010   Code   RO          205    i.PWM2_SetOutput    bios.o
    0x08006678   0x00000040   Code   RO         1902    i.PowerLogLoad      dataaccess.o
    0x080066b8   0x00000090   Code   RO         1903    i.PowerLogSave_PowerBoot  dataaccess.o
    0x08006748   0x00000010   Code   RO         1904    i.PowerLogSave_PowerShut  dataaccess.o
    0x08006758   0x00000068   Code   RO         1905    i.PowerLog_Clean    dataaccess.o
    0x080067c0   0x0000000c   Code   RO         2978    i.PowerLog_Init     start.o
    0x080067cc   0x0000020c   Code   RO         3278    i.PowerLog_Query    query.o
    0x080069d8   0x00000014   Code   RO          966    i.Powertime_Read    bkpdata.o
    0x080069ec   0x00000018   Code   RO          967    i.Powertime_Write   bkpdata.o
    0x08006a04   0x000002cc   Code   RO         3279    i.Print_File_AIR    query.o
    0x08006cd0   0x000005b8   Code   RO         3280    i.Print_File_R24    query.o
    0x08007288   0x000005c4   Code   RO         3281    i.Print_File_SHI    query.o
    0x0800784c   0x0000039c   Code   RO         3282    i.Print_File_TSP    query.o
    0x08007be8   0x0000001c   Code   RO          862    i.PrinterInit       printer.o
    0x08007c04   0x00000054   Code   RO          863    i.PrinterPutHalf    printer.o
    0x08007c58   0x000000a8   Code   RO          864    i.PrinterPutString  printer.o
    0x08007d00   0x00000044   Code   RO          865    i.PrinterSend_Command  printer.o
    0x08007d44   0x00000048   Code   RO          866    i.PrinterSend_DotImage  printer.o
    0x08007d8c   0x00000004   Code   RO         3283    i.PromptTest        query.o
    0x08007d90   0x00000016   Code   RO         1906    i.PumpSumTimeLoad   dataaccess.o
    0x08007da6   0x00000014   Code   RO         1907    i.PumpSumTimeSave   dataaccess.o
    0x08007dba   0x00000002   PAD
    0x08007dbc   0x0000002c   Code   RO         2336    i.Pump_GetOutput    pump.o
    0x08007de8   0x00000030   Code   RO         2337    i.Pump_OutCmd       pump.o
    0x08007e18   0x00000004   Code   RO         1049    i.Query376Interrupt  spi_hw.o
    0x08007e1c   0x00000458   Code   RO         3284    i.Query_File_AIR    query.o
    0x08008274   0x000005d8   Code   RO         3285    i.Query_File_R24    query.o
    0x0800884c   0x000005dc   Code   RO         3286    i.Query_File_SHI    query.o
    0x08008e28   0x000004c8   Code   RO         3287    i.Query_File_TSP    query.o
    0x080092f0   0x00000040   Code   RO          210    i.RCC_DeInit        bios.o
    0x08009330   0x00000002   Code   RO         1613    i.RS485_Direct_Receive  mbm_bios.o
    0x08009332   0x00000002   Code   RO         1614    i.RS485_Direct_Transmit  mbm_bios.o
    0x08009334   0x00000048   Code   RO           15    i.RTC_IRQHandler    stm32rtc.o
    0x0800937c   0x00000068   Code   RO           16    i.RTC_IRQ_Init      stm32rtc.o
    0x080093e4   0x00000004   Code   RO           17    i.RTC_Init          stm32rtc.o
    0x080093e8   0x00000018   Code   RO           18    i.RTC_Load          stm32rtc.o
    0x08009400   0x00000034   Code   RO           19    i.RTC_Save          stm32rtc.o
    0x08009434   0x00000028   Code   RO         2979    i.RTOS_Init         start.o
    0x0800945c   0x00000006   Code   RO         1120    i.ReadCH376Data     spi1init.o
    0x08009462   0x00000002   PAD
    0x08009464   0x0000000c   Code   RO           20    i.Read_HSITrim      stm32rtc.o
    0x08009470   0x00000004   Code   RO         1908    i.SDLoad            dataaccess.o
    0x08009474   0x0000000e   Code   RO         1909    i.SDSave            dataaccess.o
    0x08009482   0x00000002   PAD
    0x08009484   0x00000224   Code   RO         2617    i.SD_Init           sd_usbport.o
    0x080096a8   0x0000000c   Code   RO         2081    i.SENSOR_Local_Init  sensorread.o
    0x080096b4   0x0000000c   Code   RO         2082    i.SENSOR_Remote_Init  sensorread.o
    0x080096c0   0x00000090   Code   RO         1121    i.SPI3_GPIO_Config  spi1init.o
    0x08009750   0x00000004   Code   RO         1122    i.SPI3_RW           spi1init.o
    0x08009754   0x00000108   Code   RO          138    i.STM32_ADC_Init    stm32adc.o
    0x0800985c   0x000000bc   Code   RO           21    i.STM32_RTC_Init    stm32rtc.o
    0x08009918   0x000000a0   Code   RO         1910    i.SampleSetLoad     dataaccess.o
    0x080099b8   0x00000010   Code   RO         1911    i.SampleSetSave     dataaccess.o
    0x080099c8   0x00000160   Code   RO         3358    i.SampleStart       sampleset.o
    0x08009b28   0x00000064   Code   RO         3149    i.SamplerTypeShow   monitor.o
    0x08009b8c   0x00000074   Code   RO         3150    i.SamplerTypeSwitch  monitor.o
    0x08009c00   0x00000074   Code   RO         2219    i.Sampler_BootResume  sample.o
    0x08009c74   0x00000024   Code   RO         2222    i.Sampler_PauseKey  sample.o
    0x08009c98   0x00000040   Code   RO         2223    i.Sampler_R         sample.o
    0x08009cd8   0x00000054   Code   RO         2224    i.Sampler_Start     sample.o
    0x08009d2c   0x00000088   Code   RO         3151    i.Sampler_TdMonitor  monitor.o
    0x08009db4   0x00000010   Code   RO         2225    i.Sampler_Terminate  sample.o
    0x08009dc4   0x00000040   Code   RO         2226    i.Sampler_isRunning  sample.o
    0x08009e04   0x00000068   Code   RO         3152    i.Samplestate_Select  monitor.o
    0x08009e6c   0x00000038   Code   RO         2621    i.SecSave           sd_usbport.o
    0x08009ea4   0x0000005c   Code   RO         2628    i.Sec_OPEN_WRITE_PATH  sd_usbport.o
    0x08009f00   0x000000e4   Code   RO         3359    i.SetupFlow_AIR     sampleset.o
    0x08009fe4   0x00000124   Code   RO         3360    i.SetupFlow_SHI     sampleset.o
    0x0800a108   0x00000050   Code   RO         2786    i.ShowClock         edit.o
    0x0800a158   0x00000044   Code   RO         2787    i.ShowClockDate     edit.o
    0x0800a19c   0x0000003c   Code   RO         2788    i.ShowClockTime     edit.o
    0x0800a1d8   0x00000044   Code   RO         2789    i.ShowDATE          edit.o
    0x0800a21c   0x00000068   Code   RO         3072    i.ShowEdition       edition.o
    0x0800a284   0x0000006c   Code   RO         3073    i.ShowEdition_HasName  edition.o
    0x0800a2f0   0x00000060   Code   RO         3074    i.ShowEdition_Inner  edition.o
    0x0800a350   0x00000048   Code   RO         2790    i.ShowFP32          edit.o
    0x0800a398   0x00000134   Code   RO         3153    i.ShowHCBox         monitor.o
    0x0800a4cc   0x0000005c   Code   RO         2792    i.ShowI16U          edit.o
    0x0800a528   0x00000028   Code   RO         2793    i.ShowPercent       edit.o
    0x0800a550   0x0000009c   Code   RO         3154    i.ShowPumpBefore    monitor.o
    0x0800a5ec   0x000001a4   Code   RO         3155    i.ShowPumpRunFlow   monitor.o
    0x0800a790   0x00000064   Code   RO         3424    i.ShowPumpSelect    calibrate.o
    0x0800a7f4   0x00000168   Code   RO         3156    i.ShowSumCubage     monitor.o
    0x0800a95c   0x00000034   Code   RO         2794    i.ShowTIME          edit.o
    0x0800a990   0x0000010c   Code   RO         3157    i.ShowTimeState     monitor.o
    0x0800aa9c   0x00000034   Code   RO          211    i.Speaker_OutCmd    bios.o
    0x0800aad0   0x0000001c   Code   RO         2227    i.StateRead         sample.o
    0x0800aaec   0x000000ac   Code   RO         3158    i.State_Finish      monitor.o
    0x0800ab98   0x00000048   Code   RO          212    i.SystemInit        bios.o
    0x0800abe0   0x0000005c   Code   RO          213    i.TIM2_Init         bios.o
    0x0800ac3c   0x00000044   Code   RO         1615    i.TIM4_Cmd          mbm_bios.o
    0x0800ac80   0x0000001c   Code   RO         1462    i.TIM4_IRQHandler   mbm_port.o
    0x0800ac9c   0x0000003c   Code   RO         1616    i.TIM4_Init         mbm_bios.o
    0x0800acd8   0x00000040   Code   RO          216    i.TM12864_GrayInit  bios.o
    0x0800ad18   0x00000012   Code   RO          729    i.TM12864_Init      tm12864.o
    0x0800ad2a   0x00000002   PAD
    0x0800ad2c   0x00000064   Code   RO          217    i.TM12864_PortInit  bios.o
    0x0800ad90   0x00000044   Code   RO          218    i.TM12864_ReadData  bios.o
    0x0800add4   0x0000002c   Code   RO          219    i.TM12864_ReadState  bios.o
    0x0800ae00   0x00000010   Code   RO          220    i.TM12864_SelectL   bios.o
    0x0800ae10   0x00000010   Code   RO          221    i.TM12864_SelectR   bios.o
    0x0800ae20   0x00000012   Code   RO          807    i.TM12864_SetLight  display.o
    0x0800ae32   0x00000076   Code   RO          730    i.TM12864_Test      tm12864.o
    0x0800aea8   0x00000038   Code   RO          222    i.TM12864_WriteCommand  bios.o
    0x0800aee0   0x00000038   Code   RO          223    i.TM12864_WriteData  bios.o
    0x0800af18   0x0000007c   Code   RO          731    i.TM12864_cls       tm12864.o
    0x0800af94   0x0000001c   Code   RO          224    i.TM12864_isReady   bios.o
    0x0800afb0   0x00000084   Code   RO          732    i.TM12864_mask      tm12864.o
    0x0800b034   0x0000013c   Code   RO          733    i.TM12864_puts      tm12864.o
    0x0800b170   0x0000000c   Code   RO         2228    i.TaskCreate_Sampler  sample.o
    0x0800b17c   0x0000005c   Code   RO          225    i.UART1_Init        bios.o
    0x0800b1d8   0x0000002c   Code   RO          226    i.UART1_RX_Pin_State  bios.o
    0x0800b204   0x00000010   Code   RO          227    i.UART1_Send        bios.o
    0x0800b214   0x0000000c   Code   RO         1617    i.USART3_GetByte    mbm_bios.o
    0x0800b220   0x00000030   Code   RO         1463    i.USART3_IRQHandler  mbm_port.o
    0x0800b250   0x00000054   Code   RO         1618    i.USART3_Init       mbm_bios.o
    0x0800b2a4   0x0000004c   Code   RO         1619    i.USART3_PortInit   mbm_bios.o
    0x0800b2f0   0x0000000c   Code   RO         1620    i.USART3_PutByte    mbm_bios.o
    0x0800b2fc   0x0000001c   Code   RO         1621    i.USART3_RX_Cmd     mbm_bios.o
    0x0800b318   0x0000001c   Code   RO         1622    i.USART3_TX_Cmd     mbm_bios.o
    0x0800b334   0x00000378   Code   RO         3731    i.USBPrint_AIR      usbcopy.o
    0x0800b6ac   0x00000670   Code   RO         3732    i.USBPrint_R24      usbcopy.o
    0x0800bd1c   0x00000680   Code   RO         3733    i.USBPrint_SHI      usbcopy.o
    0x0800c39c   0x00000480   Code   RO         3734    i.USBPrint_TSP      usbcopy.o
    0x0800c81c   0x00000010   Code   RO         3735    i.USBSave           usbcopy.o
    0x0800c82c   0x0000007c   Code   RO         2630    i.USB_Init          sd_usbport.o
    0x0800c8a8   0x00000078   Code   RO         3736    i.USB_PrintInit     usbcopy.o
    0x0800c920   0x00000024   Code   RO         2407    i.Wait376Interrupt  file_sys.o
    0x0800c944   0x00000026   Code   RO         1123    i.WriteCH376Cmd     spi1init.o
    0x0800c96a   0x00000004   Code   RO         1124    i.WriteCH376Data    spi1init.o
    0x0800c96e   0x00000002   PAD
    0x0800c970   0x00000018   Code   RO         1690    i._CV_005D          formulary.o
    0x0800c988   0x00000018   Code   RO         1691    i._CV_10WD          formulary.o
    0x0800c9a0   0x00000020   Code   RO         1692    i._CV_Bat_Current   formulary.o
    0x0800c9c0   0x00000044   Code   RO         1693    i._CV_Bat_Voltage   formulary.o
    0x0800ca04   0x00000020   Code   RO         1694    i._CV_CPS120_Ba     formulary.o
    0x0800ca24   0x00000020   Code   RO         1695    i._CV_CPS120_Temp   formulary.o
    0x0800ca44   0x00000034   Code   RO         1696    i._CV_CPU_Temp      formulary.o
    0x0800ca78   0x00000024   Code   RO         1697    i._CV_CPU_Volt      formulary.o
    0x0800ca9c   0x00000012   Code   RO         1698    i._CV_DS18B20_Temp  formulary.o
    0x0800caae   0x00000002   PAD
    0x0800cab0   0x00000040   Code   RO         2083    i._CV_LCD_Volt      sensorread.o
    0x0800caf0   0x00000012   Code   RO          232    i._TIM3_PWM_Regular  bios.o
    0x0800cb02   0x00000028   Code   RO         5258    i.__ARM_fpclassify  m_ws.l(fpclassify.o)
    0x0800cb2a   0x00000002   PAD
    0x0800cb2c   0x00000024   Code   RO         1215    i.__user_perthread_libspace  rtx_conf_cm.o
    0x0800cb50   0x00000058   Code   RO         1808    i._get_CPS120_Ba    sensor.o
    0x0800cba8   0x00000058   Code   RO         1809    i._get_DS18B20_Temp  sensor.o
    0x0800cc00   0x00000046   Code   RO         4829    i._init_box         RTX_CM3.lib(rt_membox.o)
    0x0800cc46   0x0000000e   Code   RO         4995    i._is_digit         c_w.l(__printf_wp.o)
    0x0800cc54   0x00000020   Code   RO         1216    i._mutex_acquire    rtx_conf_cm.o
    0x0800cc74   0x0000001c   Code   RO         1218    i._mutex_release    rtx_conf_cm.o
    0x0800cc90   0x00000084   Code   RO          600    i._task_Keyboard    keyboard.o
    0x0800cd14   0x000000e4   Code   RO         2084    i._task_ModbusRead  sensorread.o
    0x0800cdf8   0x00000014   Code   RO         2980    i._task_PowerLog    start.o
    0x0800ce0c   0x000002bc   Code   RO         2229    i._task_Sample_AIR  sample.o
    0x0800d0c8   0x00000418   Code   RO         2230    i._task_Sample_R24  sample.o
    0x0800d4e0   0x00000418   Code   RO         2231    i._task_Sample_SHI  sample.o
    0x0800d8f8   0x000003a4   Code   RO         2232    i._task_Sample_TSP  sample.o
    0x0800dc9c   0x000000c4   Code   RO         2085    i._task_SensorRead  sensorread.o
    0x0800dd60   0x0000001e   Code   RO         2086    i.average           sensorread.o
    0x0800dd7e   0x00000012   Code   RO          233    i.beep              bios.o
    0x0800dd90   0x00000010   Code   RO         2981    i.bus_SPI_mutex_apply  start.o
    0x0800dda0   0x0000000c   Code   RO         2982    i.bus_SPI_mutex_release  start.o
    0x0800ddac   0x00000018   Code   RO         1125    i.bus_SPIxNSS       spi1init.o
    0x0800ddc4   0x00000014   Code   RO         1126    i.bus_SPIxShift     spi1init.o
    0x0800ddd8   0x00000010   Code   RO         2983    i.bus_i2c_mutex_apply  start.o
    0x0800dde8   0x0000000c   Code   RO         2984    i.bus_i2c_mutex_release  start.o
    0x0800ddf4   0x0000006c   Code   RO          234    i.bus_i2c_shin      bios.o
    0x0800de60   0x00000064   Code   RO          235    i.bus_i2c_shout     bios.o
    0x0800dec4   0x00000074   Code   RO          236    i.bus_i2c_start     bios.o
    0x0800df38   0x00000028   Code   RO          237    i.bus_i2c_stop      bios.o
    0x0800df60   0x00000014   Code   RO          808    i.cls               display.o
    0x0800df74   0x00000028   Code   RO         2795    i.dayOfmonth        edit.o
    0x0800df9c   0x00000030   Code   RO         4882    i.dbg_init          RTX_CM3.lib(hal_cm.o)
    0x0800dfcc   0x00000020   Code   RO         4883    i.dbg_task_notify   RTX_CM3.lib(hal_cm.o)
    0x0800dfec   0x00000010   Code   RO         4884    i.dbg_task_switch   RTX_CM3.lib(hal_cm.o)
    0x0800dffc   0x00000004   Code   RO         2985    i.delay             start.o
    0x0800e000   0x00000030   Code   RO          238    i.delay_us          bios.o
    0x0800e030   0x000001a8   Code   RO         3159    i.disposeKey        monitor.o
    0x0800e1d8   0x00000012   Code   RO         1301    i.eMBMInit          mbm_function.o
    0x0800e1ea   0x0000004e   Code   RO         1302    i.eMBMRead          mbm_function.o
    0x0800e238   0x00000098   Code   RO         1303    i.eMBMReadCoils     mbm_function.o
    0x0800e2d0   0x00000098   Code   RO         1304    i.eMBMReadDiscretes  mbm_function.o
    0x0800e368   0x00000098   Code   RO         1305    i.eMBMReadHoldingRegisters  mbm_function.o
    0x0800e400   0x00000098   Code   RO         1306    i.eMBMReadInputRegisters  mbm_function.o
    0x0800e498   0x0000003a   Code   RO         1307    i.eMBMWrite         mbm_function.o
    0x0800e4d2   0x00000002   PAD
    0x0800e4d4   0x000000c8   Code   RO         1308    i.eMBMWriteMultipleCoils  mbm_function.o
    0x0800e59c   0x000000c4   Code   RO         1309    i.eMBMWriteMultipleRegisters  mbm_function.o
    0x0800e660   0x000000ac   Code   RO         1382    i.eMBM_IO           mbm_io.o
    0x0800e70c   0x00000040   Code   RO         1383    i.eMBM_IO_Init      mbm_io.o
    0x0800e74c   0x0000003c   Code   RO         1403    i.eMBM_RTU_Analyze  mbm_rtu.o
    0x0800e788   0x00000030   Code   RO         1404    i.eMBM_RTU_Assemble  mbm_rtu.o
    0x0800e7b8   0x0000006c   Code   RO         1810    i.fetch_flow        sensor.o
    0x0800e824   0x0000001c   Code   RO         2233    i.funSocket         sample.o
    0x0800e840   0x00000024   Code   RO          601    i.getKey            keyboard.o
    0x0800e864   0x0000002c   Code   RO         1811    i.get_Ba            sensor.o
    0x0800e890   0x00000030   Code   RO         1812    i.get_Bat_Charging  sensor.o
    0x0800e8c0   0x00000030   Code   RO         1813    i.get_Bat_Current   sensor.o
    0x0800e8f0   0x00000030   Code   RO         1814    i.get_Bat_Voltage   sensor.o
    0x0800e920   0x0000000c   Code   RO         2087    i.get_HCBoxFanSpeed  sensorread.o
    0x0800e92c   0x00000020   Code   RO         2088    i.get_HCBoxOutput   sensorread.o
    0x0800e94c   0x00000058   Code   RO         2089    i.get_HCBoxTemp     sensorread.o
    0x0800e9a4   0x00000020   Code   RO         2090    i.get_HeaterOutput  sensorread.o
    0x0800e9c4   0x00000058   Code   RO         2091    i.get_HeaterTemp    sensorread.o
    0x0800ea1c   0x00000014   Code   RO           22    i.get_Now           stm32rtc.o
    0x0800ea30   0x0000003c   Code   RO         1815    i.get_Pr            sensor.o
    0x0800ea6c   0x00000004   Code   RO         1816    i.get_Te            sensor.o
    0x0800ea70   0x00000064   Code   RO         1817    i.get_Tr            sensor.o
    0x0800ead4   0x00000028   Code   RO         1700    i.get_Tstd          formulary.o
    0x0800eafc   0x00000068   Code   RO         1818    i.get_fstd          sensor.o
    0x0800eb64   0x00000040   Code   RO         1819    i.get_pf            sensor.o
    0x0800eba4   0x0000001c   Code   RO          602    i.hitKey            keyboard.o
    0x0800ebc0   0x00000026   Code   RO          734    i.invert_byte       tm12864.o
    0x0800ebe6   0x00000026   Code   RO          868    i.invert_byte       printer.o
    0x0800ec0c   0x0000000c   Code   RO          871    i.isPrinterReady    printer.o
    0x0800ec18   0x0000002c   Code   RO         3786    i.isrMessagePut     RTX_CM3.lib(rt_cmsis.o)
    0x0800ec44   0x0000000e   Code   RO         4685    i.isr_mbx_send      RTX_CM3.lib(rt_mailbox.o)
    0x0800ec52   0x00000010   Code   RO         4732    i.isr_sem_send      RTX_CM3.lib(rt_semaphore.o)
    0x0800ec62   0x00000016   Code   RO         1051    i.mDelay0_5uS       spi_hw.o
    0x0800ec78   0x0000000a   Code   RO         1009    i.mDelaymS          hal_base.o
    0x0800ec82   0x00000004   Code   RO         1010    i.mDelayuS          hal_base.o
    0x0800ec86   0x0000004a   Code   RO         1052    i.mInitCH376Host    spi_hw.o
    0x0800ecd0   0x0000009c   Code   RO         2986    i.main              start.o
    0x0800ed6c   0x00000048   Code   RO         3425    i.menu_Calibrate    calibrate.o
    0x0800edb4   0x00000204   Code   RO         3427    i.menu_Calibrate_Ba  calibrate.o
    0x0800efb8   0x00000220   Code   RO         3428    i.menu_Calibrate_Battery  calibrate.o
    0x0800f1d8   0x00000208   Code   RO         3429    i.menu_Calibrate_HCBox_Temp  calibrate.o
    0x0800f3e0   0x00000208   Code   RO         3430    i.menu_Calibrate_Heater_Temp  calibrate.o
    0x0800f5e8   0x00000040   Code   RO         3431    i.menu_Calibrate_KB2400HL  calibrate.o
    0x0800f628   0x00000090   Code   RO         3432    i.menu_Calibrate_KB6120A  calibrate.o
    0x0800f6b8   0x00000048   Code   RO         3433    i.menu_Calibrate_KB6120AD  calibrate.o
    0x0800f700   0x00000048   Code   RO         3434    i.menu_Calibrate_KB6120AD2  calibrate.o
    0x0800f748   0x0000000a   Code   RO         3435    i.menu_Calibrate_Orifice  calibrate.o
    0x0800f752   0x00000002   PAD
    0x0800f754   0x00000098   Code   RO         3436    i.menu_Calibrate_Orifice_KB100  calibrate.o
    0x0800f7ec   0x00000098   Code   RO         3437    i.menu_Calibrate_Orifice_KB4  calibrate.o
    0x0800f884   0x000000a4   Code   RO         3438    i.menu_Calibrate_Other  calibrate.o
    0x0800f928   0x00000020   Code   RO         3439    i.menu_Calibrate_PP  calibrate.o
    0x0800f948   0x00000208   Code   RO         3440    i.menu_Calibrate_Te  calibrate.o
    0x0800fb50   0x000000f0   Code   RO         3584    i.menu_ChangePassword  configure.o
    0x0800fc40   0x000000f0   Code   RO         3679    i.menu_Clean_FileNum  configureex.o
    0x0800fd30   0x0000019c   Code   RO         3680    i.menu_Clean_SumTime  configureex.o
    0x0800fecc   0x0000013c   Code   RO         3585    i.menu_Configure    configure.o
    0x08010008   0x0000016c   Code   RO         3681    i.menu_ConfigureDisplay  configureex.o
    0x08010174   0x00000090   Code   RO         3682    i.menu_ConfigureEx  configureex.o
    0x08010204   0x0000006c   Code   RO         3586    i.menu_ConfigureFlow  configure.o
    0x08010270   0x0000019c   Code   RO         3587    i.menu_Configure_Ba  configure.o
    0x0801040c   0x00000074   Code   RO         3683    i.menu_ExName       configureex.o
    0x08010480   0x000007c0   Code   RO         2092    i.menu_FactoryDebug  sensorread.o
    0x08010c40   0x00000068   Code   RO         2987    i.menu_Main         start.o
    0x08010ca8   0x0000008c   Code   RO         3588    i.menu_Maintenance  configure.o
    0x08010d34   0x00000038   Code   RO         3589    i.menu_MoreSet      configure.o
    0x08010d6c   0x00000028   Code   RO         3288    i.menu_SampleQuery  query.o
    0x08010d94   0x0000004c   Code   RO         3361    i.menu_SampleSetup  sampleset.o
    0x08010de0   0x00000018   Code   RO         3362    i.menu_SampleStart  sampleset.o
    0x08010df8   0x00000038   Code   RO         3684    i.menu_Sample_Sum   configureex.o
    0x08010e30   0x00000080   Code   RO         3590    i.menu_SelectDelayMode  configure.o
    0x08010eb0   0x00000064   Code   RO         3591    i.menu_SelectTimeMode  configure.o
    0x08010f14   0x000000c4   Code   RO         3592    i.menu_SelectTstd   configure.o
    0x08010fd8   0x00000064   Code   RO         3441    i.menu_Select_Calc_Pbv  calibrate.o
    0x0801103c   0x00000180   Code   RO         3593    i.menu_SetupClock   configure.o
    0x080111bc   0x000001b0   Code   RO         3160    i.menu_show_env_state  monitor.o
    0x0801136c   0x0000006c   Code   RO         3161    i.monitor           monitor.o
    0x080113d8   0x0000008c   Code   RO         3162    i.monitor_AIR       monitor.o
    0x08011464   0x000000bc   Code   RO         3163    i.monitor_R24       monitor.o
    0x08011520   0x000000bc   Code   RO         3164    i.monitor_SHI       monitor.o
    0x080115dc   0x00000084   Code   RO         3165    i.monitor_TSP       monitor.o
    0x08011660   0x00000026   Code   RO          693    i.moveto            oled9704.o
    0x08011686   0x0000002e   Code   RO          735    i.moveto            tm12864.o
    0x080116b4   0x00000018   Code   RO         3787    i.osDelay           RTX_CM3.lib(rt_cmsis.o)
    0x080116cc   0x00000024   Code   RO         3788    i.osKernelInitialize  RTX_CM3.lib(rt_cmsis.o)
    0x080116f0   0x0000006c   Code   RO         3790    i.osKernelStart     RTX_CM3.lib(rt_cmsis.o)
    0x0801175c   0x00000018   Code   RO         3791    i.osKernelSysTick   RTX_CM3.lib(rt_cmsis.o)
    0x08011774   0x00000030   Code   RO         3801    i.osMutexCreate     RTX_CM3.lib(rt_cmsis.o)
    0x080117a4   0x00000018   Code   RO         3803    i.osMutexRelease    RTX_CM3.lib(rt_cmsis.o)
    0x080117bc   0x00000018   Code   RO         3804    i.osMutexWait       RTX_CM3.lib(rt_cmsis.o)
    0x080117d4   0x00000030   Code   RO         3809    i.osSemaphoreCreate  RTX_CM3.lib(rt_cmsis.o)
    0x08011804   0x0000003c   Code   RO         3811    i.osSemaphoreRelease  RTX_CM3.lib(rt_cmsis.o)
    0x08011840   0x00000018   Code   RO         3812    i.osSemaphoreWait   RTX_CM3.lib(rt_cmsis.o)
    0x08011858   0x00000030   Code   RO         3816    i.osThreadCreate    RTX_CM3.lib(rt_cmsis.o)
    0x08011888   0x00000018   Code   RO         3817    i.osThreadExit      RTX_CM3.lib(rt_cmsis.o)
    0x080118a0   0x00000018   Code   RO         3818    i.osThreadGetId     RTX_CM3.lib(rt_cmsis.o)
    0x080118b8   0x00000018   Code   RO         3821    i.osThreadTerminate  RTX_CM3.lib(rt_cmsis.o)
    0x080118d0   0x00000002   Code   RO         1219    i.os_error          rtx_conf_cm.o
    0x080118d2   0x00000002   Code   RO         1220    i.os_idle_demon     rtx_conf_cm.o
    0x080118d4   0x00000028   Code   RO         4476    i.os_tick_init      RTX_CM3.lib(rt_system.o)
    0x080118fc   0x00000002   Code   RO         4477    i.os_tick_irqack    RTX_CM3.lib(rt_system.o)
    0x080118fe   0x00000002   PAD
    0x08011900   0x00000010   Code   RO         4478    i.os_tick_ovf       RTX_CM3.lib(rt_system.o)
    0x08011910   0x00000014   Code   RO         4479    i.os_tick_val       RTX_CM3.lib(rt_system.o)
    0x08011924   0x00000034   Code   RO          603    i.releaseKey        keyboard.o
    0x08011958   0x0000001a   Code   RO         4830    i.rt_alloc_box      RTX_CM3.lib(rt_membox.o)
    0x08011972   0x0000003c   Code   RO         4858    i.rt_alloc_mem      RTX_CM3.lib(rt_memory.o)
    0x080119ae   0x00000002   PAD
    0x080119b0   0x00000038   Code   RO         4361    i.rt_block          RTX_CM3.lib(rt_task.o)
    0x080119e8   0x00000048   Code   RO         4807    i.rt_chk_robin      RTX_CM3.lib(rt_robin.o)
    0x08011a30   0x00000070   Code   RO         4608    i.rt_dec_dly        RTX_CM3.lib(rt_list.o)
    0x08011aa0   0x00000044   Code   RO         4362    i.rt_dispatch       RTX_CM3.lib(rt_task.o)
    0x08011ae4   0x00000006   Code   RO         4774    i.rt_dly_wait       RTX_CM3.lib(rt_time.o)
    0x08011aea   0x00000002   PAD
    0x08011aec   0x00000050   Code   RO         4569    i.rt_evt_psh        RTX_CM3.lib(rt_event.o)
    0x08011b3c   0x00000020   Code   RO         4831    i.rt_free_box       RTX_CM3.lib(rt_membox.o)
    0x08011b5c   0x00000028   Code   RO         4859    i.rt_free_mem       RTX_CM3.lib(rt_memory.o)
    0x08011b84   0x00000028   Code   RO         4609    i.rt_get_first      RTX_CM3.lib(rt_list.o)
    0x08011bac   0x00000008   Code   RO         3831    i.rt_id2obj         RTX_CM3.lib(rt_cmsis.o)
    0x08011bb4   0x00000040   Code   RO         4363    i.rt_init_context   RTX_CM3.lib(rt_task.o)
    0x08011bf4   0x0000001a   Code   RO         4860    i.rt_init_mem       RTX_CM3.lib(rt_memory.o)
    0x08011c0e   0x00000002   PAD
    0x08011c10   0x00000018   Code   RO         4808    i.rt_init_robin     RTX_CM3.lib(rt_robin.o)
    0x08011c28   0x00000050   Code   RO         4885    i.rt_init_stack     RTX_CM3.lib(hal_cm.o)
    0x08011c78   0x00000008   Code   RO         4686    i.rt_mbx_check      RTX_CM3.lib(rt_mailbox.o)
    0x08011c80   0x0000001c   Code   RO         4687    i.rt_mbx_init       RTX_CM3.lib(rt_mailbox.o)
    0x08011c9c   0x000000f0   Code   RO         4688    i.rt_mbx_psh        RTX_CM3.lib(rt_mailbox.o)
    0x08011d8c   0x0000003c   Code   RO         3832    i.rt_ms2tick        RTX_CM3.lib(rt_cmsis.o)
    0x08011dc8   0x00000010   Code   RO         4446    i.rt_mut_init       RTX_CM3.lib(rt_mutex.o)
    0x08011dd8   0x000000a0   Code   RO         4447    i.rt_mut_release    RTX_CM3.lib(rt_mutex.o)
    0x08011e78   0x00000064   Code   RO         4448    i.rt_mut_wait       RTX_CM3.lib(rt_mutex.o)
    0x08011edc   0x00000078   Code   RO         4480    i.rt_pop_req        RTX_CM3.lib(rt_system.o)
    0x08011f54   0x00000020   Code   RO         4481    i.rt_psh_req        RTX_CM3.lib(rt_system.o)
    0x08011f74   0x00000058   Code   RO         4611    i.rt_psq_enq        RTX_CM3.lib(rt_list.o)
    0x08011fcc   0x00000048   Code   RO         4612    i.rt_put_dly        RTX_CM3.lib(rt_list.o)
    0x08012014   0x00000036   Code   RO         4613    i.rt_put_prio       RTX_CM3.lib(rt_list.o)
    0x0801204a   0x00000002   PAD
    0x0801204c   0x00000014   Code   RO         4614    i.rt_put_rdy_first  RTX_CM3.lib(rt_list.o)
    0x08012060   0x00000034   Code   RO         4615    i.rt_resort_prio    RTX_CM3.lib(rt_list.o)
    0x08012094   0x00000006   Code   RO         4886    i.rt_ret_val        RTX_CM3.lib(hal_cm.o)
    0x0801209a   0x00000008   Code   RO         4887    i.rt_ret_val2       RTX_CM3.lib(hal_cm.o)
    0x080120a2   0x00000028   Code   RO         4616    i.rt_rmv_dly        RTX_CM3.lib(rt_list.o)
    0x080120ca   0x00000002   PAD
    0x080120cc   0x00000030   Code   RO         4617    i.rt_rmv_list       RTX_CM3.lib(rt_list.o)
    0x080120fc   0x0000000c   Code   RO         4734    i.rt_sem_init       RTX_CM3.lib(rt_semaphore.o)
    0x08012108   0x00000034   Code   RO         4735    i.rt_sem_psh        RTX_CM3.lib(rt_semaphore.o)
    0x0801213c   0x0000002a   Code   RO         4736    i.rt_sem_send       RTX_CM3.lib(rt_semaphore.o)
    0x08012166   0x00000002   PAD
    0x08012168   0x0000003c   Code   RO         4737    i.rt_sem_wait       RTX_CM3.lib(rt_semaphore.o)
    0x080121a4   0x00000024   Code   RO         4483    i.rt_stk_check      RTX_CM3.lib(rt_system.o)
    0x080121c8   0x00000028   Code   RO         4364    i.rt_switch_req     RTX_CM3.lib(rt_task.o)
    0x080121f0   0x0000010c   Code   RO         4365    i.rt_sys_init       RTX_CM3.lib(rt_task.o)
    0x080122fc   0x00000034   Code   RO         4366    i.rt_sys_start      RTX_CM3.lib(rt_task.o)
    0x08012330   0x0000003c   Code   RO         4485    i.rt_systick        RTX_CM3.lib(rt_system.o)
    0x0801236c   0x00000012   Code   RO         3833    i.rt_tid2ptcb       RTX_CM3.lib(rt_cmsis.o)
    0x0801237e   0x00000002   PAD
    0x08012380   0x00000038   Code   RO         3834    i.rt_timer_insert   RTX_CM3.lib(rt_cmsis.o)
    0x080123b8   0x00000084   Code   RO         4367    i.rt_tsk_create     RTX_CM3.lib(rt_task.o)
    0x0801243c   0x000000bc   Code   RO         4368    i.rt_tsk_delete     RTX_CM3.lib(rt_task.o)
    0x080124f8   0x00000074   Code   RO         4370    i.rt_tsk_prio       RTX_CM3.lib(rt_task.o)
    0x0801256c   0x00000010   Code   RO         4371    i.rt_tsk_self       RTX_CM3.lib(rt_task.o)
    0x0801257c   0x00000028   Code   RO         2093    i.set_HCBoxTemp     sensorread.o
    0x080125a4   0x00000036   Code   RO         2094    i.set_HeaterTemp    sensorread.o
    0x080125da   0x00000002   PAD
    0x080125dc   0x00000180   Code   RO         3363    i.setup_R24_SHI     sampleset.o
    0x0801275c   0x00000108   Code   RO         3364    i.setup_TSP_AIR     sampleset.o
    0x08012864   0x000000b0   Code   RO         3166    i.show_battery      monitor.o
    0x08012914   0x00000178   Code   RO         3167    i.show_env_state    monitor.o
    0x08012a8c   0x0000001a   Code   RO         2988    i.show_std_clock    start.o
    0x08012aa6   0x0000002c   Code   RO         5106    i.sqrtf             m_ws.l(sqrtf.o)
    0x08012ad2   0x00000014   Code   RO         3836    i.svcDelay          RTX_CM3.lib(rt_cmsis.o)
    0x08012ae6   0x00000002   PAD
    0x08012ae8   0x00000070   Code   RO         3837    i.svcKernelInitialize  RTX_CM3.lib(rt_cmsis.o)
    0x08012b58   0x00000038   Code   RO         3839    i.svcKernelStart    RTX_CM3.lib(rt_cmsis.o)
    0x08012b90   0x00000038   Code   RO         3840    i.svcKernelSysTick  RTX_CM3.lib(rt_cmsis.o)
    0x08012bc8   0x00000024   Code   RO         3842    i.svcMessageCreate  RTX_CM3.lib(rt_cmsis.o)
    0x08012bec   0x0000001c   Code   RO         3845    i.svcMutexCreate    RTX_CM3.lib(rt_cmsis.o)
    0x08012c08   0x00000022   Code   RO         3847    i.svcMutexRelease   RTX_CM3.lib(rt_cmsis.o)
    0x08012c2a   0x00000036   Code   RO         3848    i.svcMutexWait      RTX_CM3.lib(rt_cmsis.o)
    0x08012c60   0x00000024   Code   RO         3850    i.svcSemaphoreCreate  RTX_CM3.lib(rt_cmsis.o)
    0x08012c84   0x00000028   Code   RO         3852    i.svcSemaphoreRelease  RTX_CM3.lib(rt_cmsis.o)
    0x08012cac   0x00000032   Code   RO         3853    i.svcSemaphoreWait  RTX_CM3.lib(rt_cmsis.o)
    0x08012cde   0x00000002   PAD
    0x08012ce0   0x00000070   Code   RO         3857    i.svcThreadCreate   RTX_CM3.lib(rt_cmsis.o)
    0x08012d50   0x0000001c   Code   RO         3858    i.svcThreadGetId    RTX_CM3.lib(rt_cmsis.o)
    0x08012d6c   0x00000038   Code   RO         3861    i.svcThreadTerminate  RTX_CM3.lib(rt_cmsis.o)
    0x08012da4   0x00000054   Code   RO         3872    i.sysTimerTick      RTX_CM3.lib(rt_cmsis.o)
    0x08012df8   0x00000012   Code   RO          240    i.tick              bios.o
    0x08012e0a   0x00000002   PAD
    0x08012e0c   0x00000030   Code   RO         1405    i.usMBCRC16         mbm_rtu.o
    0x08012e3c   0x0000000c   Code   RO         1464    i.vMBM_EventGet_Post  mbm_port.o
    0x08012e48   0x0000000c   Code   RO         1465    i.vMBM_EventPut_Post  mbm_port.o
    0x08012e54   0x0000002c   Code   RO         1466    i.vMBM_Event_Init   mbm_port.o
    0x08012e80   0x00000040   Code   RO         1406    i.vMBM_RTU_Receive_ISR  mbm_rtu.o
    0x08012ec0   0x00000014   Code   RO         1407    i.vMBM_RTU_Receive_Init  mbm_rtu.o
    0x08012ed4   0x00000030   Code   RO         1408    i.vMBM_RTU_Send_ISR  mbm_rtu.o
    0x08012f04   0x00000014   Code   RO         1409    i.vMBM_RTU_Send_Init  mbm_rtu.o
    0x08012f18   0x00000016   Code   RO         1410    i.vMBM_RTU_T35_ISR  mbm_rtu.o
    0x08012f2e   0x00000014   Code   RO         1467    i.vMBM_SerialGet_Cmd  mbm_port.o
    0x08012f42   0x00000004   Code   RO         1468    i.vMBM_SerialPutByte  mbm_port.o
    0x08012f46   0x00000014   Code   RO         1469    i.vMBM_SerialPut_Cmd  mbm_port.o
    0x08012f5a   0x0000000e   Code   RO         1470    i.vMBM_Serial_Init  mbm_port.o
    0x08012f68   0x00000004   Code   RO         1471    i.vMBM_Timers_Cmd   mbm_port.o
    0x08012f6c   0x00000004   Code   RO         1472    i.vMBM_Timers_Init  mbm_port.o
    0x08012f70   0x0000000c   Code   RO         1473    i.vMBusLogError     mbm_port.o
    0x08012f7c   0x00000028   Code   RO         1475    i.vMBus_Memory_Get  mbm_port.o
    0x08012fa4   0x00000022   Code   RO         1476    i.vMBus_Memory_Put  mbm_port.o
    0x08012fc6   0x00000002   PAD
    0x08012fc8   0x00000018   Code   RO         1477    i.vMBus_Mutex_Init  mbm_port.o
    0x08012fe0   0x00000010   Code   RO         1478    i.vMBus_apply       mbm_port.o
    0x08012ff0   0x0000000c   Code   RO         1479    i.vMBus_release     mbm_port.o
    0x08012ffc   0x00000004   Code   RO         1053    i.xEndCH376Cmd      spi_hw.o
    0x08013000   0x00000020   Code   RO         1480    i.xMBM_EventGet_Poll  mbm_port.o
    0x08013020   0x00000020   Code   RO         1481    i.xMBM_EventPut_Poll  mbm_port.o
    0x08013040   0x0000000e   Code   RO         1482    i.xMBM_SerialGetByte  mbm_port.o
    0x0801304e   0x0000000e   Code   RO         1054    i.xReadCH376Data    spi_hw.o
    0x0801305c   0x00000016   Code   RO         1055    i.xWriteCH376Cmd    spi_hw.o
    0x08013072   0x0000000e   Code   RO         1056    i.xWriteCH376Data   spi_hw.o
    0x08013080   0x0000002c   Code   RO         5248    locale$$code        c_w.l(lc_numeric_c.o)
    0x080130ac   0x00000062   Code   RO         5041    x$fpl$d2f           fz_ws.l(d2f.o)
    0x0801310e   0x00000002   PAD
    0x08013110   0x000002b0   Code   RO         5044    x$fpl$ddiv          fz_ws.l(ddiv.o)
    0x080133c0   0x00000026   Code   RO         5051    x$fpl$dfltu         fz_ws.l(dflt_clz.o)
    0x080133e6   0x00000002   PAD
    0x080133e8   0x00000154   Code   RO         5057    x$fpl$dmul          fz_ws.l(dmul.o)
    0x0801353c   0x0000009c   Code   RO         5174    x$fpl$dnaninf       fz_ws.l(dnaninf.o)
    0x080135d8   0x0000000c   Code   RO         5176    x$fpl$dretinf       fz_ws.l(dretinf.o)
    0x080135e4   0x00000056   Code   RO         5059    x$fpl$f2d           fz_ws.l(f2d.o)
    0x0801363a   0x00000002   PAD
    0x0801363c   0x000000c4   Code   RO         5061    x$fpl$fadd          fz_ws.l(faddsub_clz.o)
    0x08013700   0x0000000c   Code   RO         5180    x$fpl$fcheck1       fz_ws.l(fcheck1.o)
    0x0801370c   0x00000018   Code   RO         5182    x$fpl$fcmpinf       fz_ws.l(fcmpi.o)
    0x08013724   0x00000184   Code   RO         5068    x$fpl$fdiv          fz_ws.l(fdiv.o)
    0x080138a8   0x0000003e   Code   RO         5071    x$fpl$ffixu         fz_ws.l(ffixu.o)
    0x080138e6   0x00000002   PAD
    0x080138e8   0x00000030   Code   RO         5076    x$fpl$fflt          fz_ws.l(fflt_clz.o)
    0x08013918   0x00000026   Code   RO         5075    x$fpl$ffltu         fz_ws.l(fflt_clz.o)
    0x0801393e   0x00000002   PAD
    0x08013940   0x00000068   Code   RO         5083    x$fpl$fleqf         fz_ws.l(fleqf.o)
    0x080139a8   0x00000102   Code   RO         5085    x$fpl$fmul          fz_ws.l(fmul.o)
    0x08013aaa   0x0000008c   Code   RO         5184    x$fpl$fnaninf       fz_ws.l(fnaninf.o)
    0x08013b36   0x0000000a   Code   RO         5186    x$fpl$fretinf       fz_ws.l(fretinf.o)
    0x08013b40   0x00000062   Code   RO         5087    x$fpl$frleqf        fz_ws.l(frleqf.o)
    0x08013ba2   0x00000014   Code   RO         5062    x$fpl$frsb          fz_ws.l(faddsub_clz.o)
    0x08013bb6   0x00000002   PAD
    0x08013bb8   0x00000110   Code   RO         5188    x$fpl$fsqrt         fz_ws.l(fsqrt.o)
    0x08013cc8   0x000000ea   Code   RO         5063    x$fpl$fsub          fz_ws.l(faddsub_clz.o)
    0x08013db2   0x00000004   Code   RO         5089    x$fpl$printf1       fz_ws.l(printf1.o)
    0x08013db6   0x00000064   Code   RO         5256    x$fpl$retnan        fz_ws.l(retnan.o)
    0x08013e1a   0x0000004c   Code   RO         5091    x$fpl$scalbnf       fz_ws.l(scalbnf.o)
    0x08013e66   0x00000030   Code   RO         5273    x$fpl$trapveneer    fz_ws.l(trapv.o)
    0x08013e96   0x00000000   Code   RO         5190    x$fpl$usenofp       fz_ws.l(usenofp.o)
    0x08013e96   0x00000002   PAD
    0x08013e98   0x00000018   Data   RO          604    .constdata          keyboard.o
    0x08013eb0   0x0000305e   Data   RO          777    .constdata          cgrom.o
    0x08016f0e   0x00000002   Data   RO         1229    .constdata          rtx_conf_cm.o
    0x08016f10   0x00000004   Data   RO         1230    .constdata          rtx_conf_cm.o
    0x08016f14   0x00000004   Data   RO         1231    .constdata          rtx_conf_cm.o
    0x08016f18   0x00000002   Data   RO         1233    .constdata          rtx_conf_cm.o
    0x08016f1a   0x00000002   Data   RO         1234    .constdata          rtx_conf_cm.o
    0x08016f1c   0x00000004   Data   RO         1235    .constdata          rtx_conf_cm.o
    0x08016f20   0x00000001   Data   RO         1236    .constdata          rtx_conf_cm.o
    0x08016f21   0x00000003   PAD
    0x08016f24   0x00000008   Data   RO         1237    .constdata          rtx_conf_cm.o
    0x08016f2c   0x00000002   Data   RO         1238    .constdata          rtx_conf_cm.o
    0x08016f2e   0x00000002   PAD
    0x08016f30   0x00000004   Data   RO         1239    .constdata          rtx_conf_cm.o
    0x08016f34   0x00000004   Data   RO         1240    .constdata          rtx_conf_cm.o
    0x08016f38   0x00000001   Data   RO         1241    .constdata          rtx_conf_cm.o
    0x08016f39   0x00000003   PAD
    0x08016f3c   0x00000008   Data   RO         1242    .constdata          rtx_conf_cm.o
    0x08016f44   0x00000002   Data   RO         1243    .constdata          rtx_conf_cm.o
    0x08016f46   0x0000000c   Data   RO         1384    .constdata          mbm_io.o
    0x08016f52   0x00000200   Data   RO         1411    .constdata          mbm_rtu.o
    0x08017152   0x00000002   PAD
    0x08017154   0x0000000c   Data   RO         1485    .constdata          mbm_port.o
    0x08017160   0x0000002c   Data   RO         2096    .constdata          sensorread.o
    0x0801718c   0x00000020   Data   RO         2235    .constdata          sample.o
    0x080171ac   0x00000070   Data   RO         2339    .constdata          pump.o
    0x0801721c   0x00000200   Data   RO         2632    .constdata          sd_usbport.o
    0x0801741c   0x00000050   Data   RO         2796    .constdata          edit.o
    0x0801746c   0x00000010   Data   RO         2896    .constdata          menu.o
    0x0801747c   0x00000018   Data   RO         2897    .constdata          menu.o
    0x08017494   0x00000018   Data   RO         2898    .constdata          menu.o
    0x080174ac   0x00000018   Data   RO         2899    .constdata          menu.o
    0x080174c4   0x00000020   Data   RO         2900    .constdata          menu.o
    0x080174e4   0x00000020   Data   RO         2901    .constdata          menu.o
    0x08017504   0x00000018   Data   RO         2902    .constdata          menu.o
    0x0801751c   0x00000040   Data   RO         2991    .constdata          start.o
    0x0801755c   0x00000060   Data   RO         3075    .constdata          edition.o
    0x080175bc   0x00000040   Data   RO         3169    .constdata          monitor.o
    0x080175fc   0x00000060   Data   RO         3289    .constdata          query.o
    0x0801765c   0x00000140   Data   RO         3366    .constdata          sampleset.o
    0x0801779c   0x00000388   Data   RO         3443    .constdata          calibrate.o
    0x08017b24   0x00000290   Data   RO         3595    .constdata          configure.o
    0x08017db4   0x000000e0   Data   RO         3685    .constdata          configureex.o
    0x08017e94   0x00000028   Data   RO         4968    .constdata          c_w.l(_printf_hex_int.o)
    0x08017ebc   0x00000011   Data   RO         4998    .constdata          c_w.l(__printf_flags_wp.o)
    0x08017ecd   0x0000000c   Data   RO         5130    .constdata          c_w.l(_monlen.o)
    0x08017ed9   0x00000003   PAD
    0x08017edc   0x00000094   Data   RO         5223    .constdata          c_w.l(bigflt0.o)
    0x08017f70   0x00000015   Data   RO         2236    .conststring        sample.o
    0x08017f85   0x0000000f   Data   RO         2237    .conststring        sample.o
    0x08017f94   0x0000000f   Data   RO         2238    .conststring        sample.o
    0x08017fa3   0x0000000f   Data   RO         2239    .conststring        sample.o
    0x08017fb2   0x00000005   Data   RO         2903    .conststring        menu.o
    0x08017fb7   0x00000005   Data   RO         2904    .conststring        menu.o
    0x08017fbc   0x0000000a   Data   RO         2905    .conststring        menu.o
    0x08017fc6   0x00000005   Data   RO         2906    .conststring        menu.o
    0x08017fcb   0x0000000a   Data   RO         2908    .conststring        menu.o
    0x08017fd5   0x00000011   Data   RO         2992    .conststring        start.o
    0x08017fe6   0x000000ff   Data   RO         3076    .conststring        edition.o
    0x080180e5   0x00000035   Data   RO         3170    .conststring        monitor.o
    0x0801811a   0x00000017   Data   RO         3290    .conststring        query.o
    0x08018131   0x0000007b   Data   RO         3367    .conststring        sampleset.o
    0x080181ac   0x00000119   Data   RO         3444    .conststring        calibrate.o
    0x080182c5   0x00000166   Data   RO         3596    .conststring        configure.o
    0x0801842b   0x000000cb   Data   RO         3686    .conststring        configureex.o
    0x080184f6   0x00000002   PAD
    0x080184f8   0x00000020   Data   RO         5335    Region$$Table       anon$$obj.o
    0x08018518   0x0000001c   Data   RO         5247    locale$$data        c_w.l(lc_numeric_c.o)


    Execution Region RW_IRAM1 (Base: 0x20000000, Size: 0x00004fd0, Max: 0x0000c000, ABSOLUTE, COMPRESSED[0x00000070])

    Base Addr    Size         Type   Attr      Idx    E Section Name        Object

    0x20000000   0x00000001   Data   RW           24    .data               stm32rtc.o
    0x20000001   0x00000003   PAD
    0x20000004   0x00000004   Data   RW          241    .data               bios.o
    0x20000008   0x00000010   Data   RW          605    .data               keyboard.o
    0x20000018   0x00000008   Data   RW          606    .data               keyboard.o
    0x20000020   0x00000008   Data   RW          607    .data               keyboard.o
    0x20000028   0x00000008   Data   RW          809    .data               display.o
    0x20000030   0x00000008   Data   RW          872    .data               printer.o
    0x20000038   0x00000001   Data   RW         1127    .data               spi1init.o
    0x20000039   0x00000003   PAD
    0x2000003c   0x00000004   Data   RW         1245    .data               rtx_conf_cm.o
    0x20000040   0x00000010   Data   RW         1246    .data               rtx_conf_cm.o
    0x20000050   0x00000004   Data   RW         1247    .data               rtx_conf_cm.o
    0x20000054   0x00000004   Data   RW         1248    .data               rtx_conf_cm.o
    0x20000058   0x00000001   Data   RW         1385    .data               mbm_io.o
    0x20000059   0x00000003   PAD
    0x2000005c   0x0000000c   Data   RW         1412    .data               mbm_rtu.o
    0x20000068   0x00000008   Data   RW         1486    .data               mbm_port.o
    0x20000070   0x00000008   Data   RW         1487    .data               mbm_port.o
    0x20000078   0x00000010   Data   RW         1488    .data               mbm_port.o
    0x20000088   0x0000000c   Data   RW         1913    .data               dataaccess.o
    0x20000094   0x00000010   Data   RW         2098    .data               sensorread.o
    0x200000a4   0x00000014   Data   RW         2240    .data               sample.o
    0x200000b8   0x00000018   Data   RW         2241    .data               sample.o
    0x200000d0   0x00000018   Data   RW         2242    .data               sample.o
    0x200000e8   0x00000018   Data   RW         2243    .data               sample.o
    0x20000100   0x00000018   Data   RW         2244    .data               sample.o
    0x20000118   0x00000006   Data   RW         2340    .data               pump.o
    0x2000011e   0x00000001   Data   RW         2408    .data               file_sys.o
    0x2000011f   0x00000001   PAD
    0x20000120   0x00000014   Data   RW         2633    .data               sd_usbport.o
    0x20000134   0x00000008   Data   RW         2993    .data               start.o
    0x2000013c   0x00000028   Data   RW         3171    .data               monitor.o
    0x20000164   0x00000006   Data   RW         3445    .data               calibrate.o
    0x2000016a   0x0000000e   Data   RW         3687    .data               configureex.o
    0x20000178   0x00000008   Data   RW         3873    .data               RTX_CM3.lib(rt_cmsis.o)
    0x20000180   0x00000008   Data   RW         4373    .data               RTX_CM3.lib(rt_task.o)
    0x20000188   0x00000008   Data   RW         4488    .data               RTX_CM3.lib(rt_system.o)
    0x20000190   0x00000004   Data   RW         4778    .data               RTX_CM3.lib(rt_time.o)
    0x20000194   0x00000008   Data   RW         4809    .data               RTX_CM3.lib(rt_robin.o)
    0x2000019c   0x00000001   Data   RW         4888    .data               RTX_CM3.lib(hal_cm.o)
    0x2000019d   0x00000003   PAD
    0x200001a0   0x0000000a   Zero   RW           23    .bss                stm32rtc.o
    0x200001aa   0x000000a0   Zero   RW          139    .bss                stm32adc.o
    0x2000024a   0x00000002   PAD
    0x2000024c   0x00000010   Zero   RW         1221    .bss                rtx_conf_cm.o
    0x2000025c   0x000003cc   Zero   RW         1222    .bss                rtx_conf_cm.o
    0x20000628   0x00001c30   Zero   RW         1223    .bss                rtx_conf_cm.o
    0x20002258   0x00001828   Zero   RW         1224    .bss                rtx_conf_cm.o
    0x20003a80   0x00000084   Zero   RW         1225    .bss                rtx_conf_cm.o
    0x20003b04   0x00000050   Zero   RW         1226    .bss                rtx_conf_cm.o
    0x20003b54   0x00000010   Zero   RW         1227    .bss                rtx_conf_cm.o
    0x20003b64   0x000007e0   Zero   RW         1228    .bss                rtx_conf_cm.o
    0x20004344   0x00000100   Zero   RW         1483    .bss                mbm_port.o
    0x20004444   0x0000000c   Zero   RW         1484    .bss                mbm_port.o
    0x20004450   0x00000064   Zero   RW         1912    .bss                dataaccess.o
    0x200044b4   0x0000009e   Zero   RW         2095    .bss                sensorread.o
    0x20004552   0x00000002   PAD
    0x20004554   0x00000084   Zero   RW         2234    .bss                sample.o
    0x200045d8   0x00000018   Zero   RW         2338    .bss                pump.o
    0x200045f0   0x00000190   Zero   RW         2631    .bss                sd_usbport.o
    0x20004780   0x0000000c   Zero   RW         2989    .bss                start.o
    0x2000478c   0x0000000c   Zero   RW         2990    .bss                start.o
    0x20004798   0x00000060   Zero   RW         3168    .bss                monitor.o
    0x200047f8   0x00000060   Zero   RW         3365    .bss                sampleset.o
    0x20004858   0x00000072   Zero   RW         3442    .bss                calibrate.o
    0x200048ca   0x00000002   PAD
    0x200048cc   0x00000044   Zero   RW         3594    .bss                configure.o
    0x20004910   0x00000030   Zero   RW         4372    .bss                RTX_CM3.lib(rt_task.o)
    0x20004940   0x00000030   Zero   RW         4618    .bss                RTX_CM3.lib(rt_list.o)
    0x20004970   0x00000060   Zero   RW         4946    .bss                c_w.l(libspace.o)
    0x200049d0   0x00000200   Zero   RW            2    HEAP                startup_stm32f10x_md.o
    0x20004bd0   0x00000400   Zero   RW            1    STACK               startup_stm32f10x_md.o


==============================================================================

Image component sizes


      Code (inc. data)   RO Data    RW Data    ZI Data      Debug   Object Name

      2202        340          0          4          0      41336   bios.o
        76          8          0          0          0       2096   bkpdata.o
      7534        726       1185          6        114      20935   calibrate.o
       104         12      12382          0          0       1642   cgrom.o
      3704        546       1014          0         68      13543   configure.o
      2012        290        427         14          0       5271   configureex.o
       138          0          0          0          0       1264   cps120.o
      1556        372          0         12        100      26059   dataaccess.o
       194         36          0          8          0       4094   display.o
      2274        222         80          0          0       9447   edit.o
       796        136        351          0          0       5026   edition.o
       194          0          0          0          0       1480   ee24.o
      1432         10          0          1          0      15837   file_sys.o
       810        158          0          0          0      12552   formulary.o
        14          0          0          0          0      11834   hal_base.o
       416         40         24         32          0      10646   keyboard.o
       372         76          0          0          0       4400   mbm_bios.o
      1158         30          0          0          0       7240   mbm_function.o
       236         22         12          1          0       2025   mbm_io.o
       426         64         12         32        268       9643   mbm_port.o
       330         52        512         12          0       4438   mbm_rtu.o
      2128        126        211          0          0       8115   menu.o
      4536        962        117         40         96      15747   monitor.o
       584          0          0          0          0       3439   oled9704.o
       470         24          0          8          0       3964   printer.o
       620         72        112          6         24       3409   pump.o
     10480       3312        119          0          0      11136   query.o
       136         28         48         28      16632       8698   rtx_conf_cm.o
      4176        120         98        116        132      13718   sample.o
      1988        110        443          0         96       8740   sampleset.o
      1994        478        512         20        400       8471   sd_usbport.o
       804        176          0          0          0       6279   sensor.o
      4092        746         44         16        158      16010   sensorread.o
       422         78          0          1          0      27645   spi1init.o
       176          0          0          0          0       3666   spi_hw.o
       418         50         81          8         24       5357   start.o
        64         26        236          0       1536        780   startup_stm32f10x_md.o
       308         42          0          0        160       2252   stm32adc.o
       544         74          0          1         10     235834   stm32rtc.o
       792          0          0          0          0       4206   tm12864.o
      5488       2080          0          0          0       5226   usbcopy.o

    ----------------------------------------------------------------------
     66242      11644      18064        376      19824     603500   Object Totals
         0          0         32          0          0          0   (incl. Generated)
        44          0         12         10          6          0   (incl. Padding)

    ----------------------------------------------------------------------

      Code (inc. data)   RO Data    RW Data    ZI Data      Debug   Library Member Name

         4          4          0          0          0        148   SVC_Table.o
       190         24          0          1          0       2572   hal_cm.o
       304         36          0          0          0        708   hal_cm3.o
      1528        204          0          8          0      33347   rt_cmsis.o
        80          4          0          0          0        517   rt_event.o
       526         36          0          0         48       6777   rt_list.o
       290          6          0          0          0       1909   rt_mailbox.o
       128          0          0          0          0       1529   rt_membox.o
       126          0          0          0          0       1847   rt_memory.o
       276         14          0          0          0       1581   rt_mutex.o
        96         22          0          8          0        990   rt_robin.o
       182          8          0          0          0       2318   rt_semaphore.o
       326         64          0          8          0       6235   rt_system.o
      1000        170          0          8         48       7869   rt_task.o
         6          0          0          4          0        524   rt_time.o
        90          0          0          0          0          0   __dczerorl2.o
         8          0          0          0          0         68   __main.o
       316          6         17          0          0         92   __printf_flags_wp.o
        14          0          0          0          0         68   __printf_wp.o
        52          8          0          0          0          0   __scatter.o
        28          0          0          0          0          0   __scatter_zi.o
         0          0         12          0          0          0   _monlen.o
         6          0          0          0          0          0   _printf_c.o
        44          0          0          0          0        108   _printf_char.o
        48          6          0          0          0         96   _printf_char_common.o
         6          0          0          0          0          0   _printf_d.o
       120         18          0          0          0         92   _printf_dec.o
         6          0          0          0          0          0   _printf_f.o
      1056          0          0          0          0        212   _printf_fp_dec.o
       128         16          0          0          0         84   _printf_fp_infnan.o
        92          4         40          0          0         88   _printf_hex_int.o
       184          0          0          0          0         88   _printf_intcommon.o
        82          0          0          0          0        108   _printf_pad.o
         0          0          0          0          0          0   _printf_percent.o
         4          0          0          0          0          0   _printf_percent_end.o
         6          0          0          0          0          0   _printf_s.o
        82          0          0          0          0         80   _printf_str.o
         6          0          0          0          0          0   _printf_u.o
         6          0          0          0          0          0   _printf_x.o
        22          0          0          0          0        100   _rserrno.o
        10          0          0          0          0         68   _sputc.o
       228          6        148          0          0         96   bigflt0.o
      1910        128          0          0          0        672   btod.o
        12          0          0          0          0         72   exit.o
         6          0          0          0          0        152   heapauxi.o
         0          0          0          0          0          0   indicate_semi.o
        44         10         28          0          0         76   lc_numeric_c.o
         2          0          0          0          0          0   libinit.o
        18          0          0          0          0          0   libinit2.o
         2          0          0          0          0          0   libshutdown.o
         2          0          0          0          0          0   libshutdown2.o
         8          4          0          0         96         68   libspace.o
       138          0          0          0          0         80   lludiv10.o
       164          6          0          0          0         80   localtime_internal.o
       420          8          0          0          0        124   mktime.o
        40          6          0          0          0         84   noretval__2sprintf.o
         4          0          0          0          0         68   rt_errno_addr_twolibspace.o
        10          0          0          0          0         76   rt_locale_twolibspace.o
        68          0          0          0          0         68   rt_memclr.o
        78          0          0          0          0         80   rt_memclr_w.o
       138          0          0          0          0         68   rt_memcpy_v6.o
       100          0          0          0          0         80   rt_memcpy_w.o
         2          0          0          0          0          0   rtexit.o
        10          0          0          0          0          0   rtexit2.o
        24          0          0          0          0         68   strcat.o
       128          0          0          0          0         68   strcmpv7m.o
        72          0          0          0          0         80   strcpy.o
        62          0          0          0          0         76   strlen.o
       150          0          0          0          0         80   strncmp.o
        12          4          0          0          0         68   sys_exit.o
        74          0          0          0          0         80   sys_stackheap_outer.o
         2          0          0          0          0         68   use_no_semi.o
        98          4          0          0          0         92   d2f.o
       688        140          0          0          0        212   ddiv.o
        38          0          0          0          0         68   dflt_clz.o
       340         12          0          0          0        104   dmul.o
       156          4          0          0          0         92   dnaninf.o
        12          0          0          0          0         68   dretinf.o
        86          4          0          0          0         84   f2d.o
       450          8          0          0          0        236   faddsub_clz.o
        12          4          0          0          0         68   fcheck1.o
        24          0          0          0          0         68   fcmpi.o
       388         76          0          0          0         96   fdiv.o
        62          4          0          0          0         84   ffixu.o
        86          0          0          0          0        136   fflt_clz.o
       104          4          0          0          0         84   fleqf.o
       258          4          0          0          0         84   fmul.o
       140          4          0          0          0         84   fnaninf.o
        10          0          0          0          0         68   fretinf.o
        98          0          0          0          0         68   frleqf.o
       272        100          0          0          0         88   fsqrt.o
         4          0          0          0          0         68   printf1.o
       100          0          0          0          0         68   retnan.o
        76          0          0          0          0         68   scalbnf.o
        48          0          0          0          0         68   trapv.o
         0          0          0          0          0          0   usenofp.o
        40          0          0          0          0         68   fpclassify.o
        44          0          0          0          0         80   sqrtf.o

    ----------------------------------------------------------------------
     15082       1190        248         40        192      75059   Library Totals
        42          0          3          3          0          0   (incl. Padding)

    ----------------------------------------------------------------------

      Code (inc. data)   RO Data    RW Data    ZI Data      Debug   Library Name

      5062        592          0         37         96      68871   RTX_CM3.lib
      6344        230        245          0         96       3884   c_w.l
      3550        368          0          0          0       2156   fz_ws.l
        84          0          0          0          0        148   m_ws.l

    ----------------------------------------------------------------------
     15082       1190        248         40        192      75059   Library Totals

    ----------------------------------------------------------------------

==============================================================================


      Code (inc. data)   RO Data    RW Data    ZI Data      Debug   

     81324      12834      18312        416      20016     646787   Grand Totals
     81324      12834      18312        112      20016     646787   ELF Image Totals (compressed)
     81324      12834      18312        112          0          0   ROM Totals

==============================================================================

    Total RO  Size (Code + RO Data)                99636 (  97.30kB)
    Total RW  Size (RW Data + ZI Data)             20432 (  19.95kB)
    Total ROM Size (Code + RO Data + RW Data)      99748 (  97.41kB)

==============================================================================

